 LAPTOP-SCVRHSJC kernel: Linux version 5.15.153.1-microsoft-standard-WSL2 (root@941d701f84f1) (gcc (GCC) 11.2.0, GNU ld (GNU Binutils) 2.37) #1 SMP Fri Mar 29 23:14:13 UTC 2024
 LAPTOP-SCVRHSJC kernel: Command line: initrd=\initrd.img WSL_ROOT_INIT=1 panic=-1 nr_cpus=8 hv_utils.timesync_implicit=1 console=hvc0 debug pty.legacy_count=0 WSL_ENABLE_CRASH_DUMP=1
 LAPTOP-SCVRHSJC kernel: KERNEL supported cpus:
 LAPTOP-SCVRHSJC kernel:   Intel GenuineIntel
 LAPTOP-SCVRHSJC kernel:   AMD AuthenticAMD
 LAPTOP-SCVRHSJC kernel:   Centaur CentaurHauls
 LAPTOP-SCVRHSJC kernel: BIOS-provided physical RAM map:
 LAPTOP-SCVRHSJC kernel: BIOS-e820: [mem 0x0000000000000000-0x000000000009ffff] usable
 LAPTOP-SCVRHSJC kernel: BIOS-e820: [mem 0x00000000000e0000-0x00000000000e0fff] reserved
 LAPTOP-SCVRHSJC kernel: BIOS-e820: [mem 0x0000000000100000-0x00000000001fffff] ACPI data
 LAPTOP-SCVRHSJC kernel: BIOS-e820: [mem 0x0000000000200000-0x00000000f7ffffff] usable
 LAPTOP-SCVRHSJC kernel: BIOS-e820: [mem 0x0000000100000000-0x00000002029fffff] usable
 LAPTOP-SCVRHSJC kernel: NX (Execute Disable) protection: active
 LAPTOP-SCVRHSJC kernel: DMI not present or invalid.
 LAPTOP-SCVRHSJC kernel: Hypervisor detected: Microsoft Hyper-V
 LAPTOP-SCVRHSJC kernel: Hyper-V: privilege flags low 0x2e7f, high 0x3b8030, hints 0x24c2c, misc 0xe4bed7b6
 LAPTOP-SCVRHSJC kernel: Hyper-V Host Build:22621-10.0-4-0.4317
 LAPTOP-SCVRHSJC kernel: Hyper-V: Nested features: 0x3e0101
 LAPTOP-SCVRHSJC kernel: Hyper-V: LAPIC Timer Frequency: 0x1e8480
 LAPTOP-SCVRHSJC kernel: Hyper-V: Using hypercall for remote TLB flush
 LAPTOP-SCVRHSJC kernel: clocksource: hyperv_clocksource_tsc_page: mask: 0xffffffffffffffff max_cycles: 0x24e6a1710, max_idle_ns: 440795202120 ns
 LAPTOP-SCVRHSJC kernel: tsc: Marking TSC unstable due to running on Hyper-V
 LAPTOP-SCVRHSJC kernel: tsc: Detected 2304.008 MHz processor
 LAPTOP-SCVRHSJC kernel: e820: update [mem 0x00000000-0x00000fff] usable ==> reserved
 LAPTOP-SCVRHSJC kernel: e820: remove [mem 0x000a0000-0x000fffff] usable
 LAPTOP-SCVRHSJC kernel: last_pfn = 0x202a00 max_arch_pfn = 0x400000000
 LAPTOP-SCVRHSJC kernel: x86/PAT: Configuration [0-7]: WB  WC  UC- UC  WB  WP  UC- WT  
 LAPTOP-SCVRHSJC kernel: last_pfn = 0xf8000 max_arch_pfn = 0x400000000
 LAPTOP-SCVRHSJC kernel: Using GB pages for direct mapping
 LAPTOP-SCVRHSJC kernel: RAMDISK: [mem 0x03dda000-0x04001fff]
 LAPTOP-SCVRHSJC kernel: ACPI: Early table checksum verification disabled
 LAPTOP-SCVRHSJC kernel: ACPI: RSDP 0x00000000000E0000 000024 (v02 VRTUAL)
 LAPTOP-SCVRHSJC kernel: ACPI: XSDT 0x0000000000100000 000044 (v01 VRTUAL MICROSFT 00000001 MSFT 00000001)
 LAPTOP-SCVRHSJC kernel: ACPI: FACP 0x0000000000101000 000114 (v06 VRTUAL MICROSFT 00000001 MSFT 00000001)
 LAPTOP-SCVRHSJC kernel: ACPI: DSDT 0x00000000001011B8 01E191 (v02 MSFTVM DSDT01   00000001 MSFT 05000000)
 LAPTOP-SCVRHSJC kernel: ACPI: FACS 0x0000000000101114 000040
 LAPTOP-SCVRHSJC kernel: ACPI: OEM0 0x0000000000101154 000064 (v01 VRTUAL MICROSFT 00000001 MSFT 00000001)
 LAPTOP-SCVRHSJC kernel: ACPI: SRAT 0x000000000011F349 000330 (v02 VRTUAL MICROSFT 00000001 MSFT 00000001)
 LAPTOP-SCVRHSJC kernel: ACPI: APIC 0x000000000011F679 000088 (v04 VRTUAL MICROSFT 00000001 MSFT 00000001)
 LAPTOP-SCVRHSJC kernel: ACPI: Reserving FACP table memory at [mem 0x101000-0x101113]
 LAPTOP-SCVRHSJC kernel: ACPI: Reserving DSDT table memory at [mem 0x1011b8-0x11f348]
 LAPTOP-SCVRHSJC kernel: ACPI: Reserving FACS table memory at [mem 0x101114-0x101153]
 LAPTOP-SCVRHSJC kernel: ACPI: Reserving OEM0 table memory at [mem 0x101154-0x1011b7]
 LAPTOP-SCVRHSJC kernel: ACPI: Reserving SRAT table memory at [mem 0x11f349-0x11f678]
 LAPTOP-SCVRHSJC kernel: ACPI: Reserving APIC table memory at [mem 0x11f679-0x11f700]
 LAPTOP-SCVRHSJC kernel: Zone ranges:
 LAPTOP-SCVRHSJC kernel:   DMA      [mem 0x0000000000001000-0x0000000000ffffff]
 LAPTOP-SCVRHSJC kernel:   DMA32    [mem 0x0000000001000000-0x00000000ffffffff]
 LAPTOP-SCVRHSJC kernel:   Normal   [mem 0x0000000100000000-0x00000002029fffff]
 LAPTOP-SCVRHSJC kernel:   Device   empty
 LAPTOP-SCVRHSJC kernel: Movable zone start for each node
 LAPTOP-SCVRHSJC kernel: Early memory node ranges
 LAPTOP-SCVRHSJC kernel:   node   0: [mem 0x0000000000001000-0x000000000009ffff]
 LAPTOP-SCVRHSJC kernel:   node   0: [mem 0x0000000000200000-0x00000000f7ffffff]
 LAPTOP-SCVRHSJC kernel:   node   0: [mem 0x0000000100000000-0x00000002029fffff]
 LAPTOP-SCVRHSJC kernel: Initmem setup node 0 [mem 0x0000000000001000-0x00000002029fffff]
 LAPTOP-SCVRHSJC kernel: On node 0, zone DMA: 1 pages in unavailable ranges
 LAPTOP-SCVRHSJC kernel: On node 0, zone DMA: 352 pages in unavailable ranges
 LAPTOP-SCVRHSJC kernel: On node 0, zone Normal: 22016 pages in unavailable ranges
 LAPTOP-SCVRHSJC kernel: ACPI: LAPIC_NMI (acpi_id[0x01] dfl dfl lint[0x1])
 LAPTOP-SCVRHSJC kernel: IOAPIC[0]: apic_id 8, version 17, address 0xfec00000, GSI 0-23
 LAPTOP-SCVRHSJC kernel: ACPI: INT_SRC_OVR (bus 0 bus_irq 9 global_irq 9 high level)
 LAPTOP-SCVRHSJC kernel: ACPI: Using ACPI (MADT) for SMP configuration information
 LAPTOP-SCVRHSJC kernel: smpboot: Allowing 8 CPUs, 0 hotplug CPUs
 LAPTOP-SCVRHSJC kernel: [mem 0xf8000000-0xffffffff] available for PCI devices
 LAPTOP-SCVRHSJC kernel: Booting paravirtualized kernel on Hyper-V
 LAPTOP-SCVRHSJC kernel: clocksource: refined-jiffies: mask: 0xffffffff max_cycles: 0xffffffff, max_idle_ns: 19112604462750000 ns
 LAPTOP-SCVRHSJC kernel: setup_percpu: NR_CPUS:256 nr_cpumask_bits:256 nr_cpu_ids:8 nr_node_ids:1
 LAPTOP-SCVRHSJC kernel: percpu: Embedded 54 pages/cpu s180696 r8192 d32296 u262144
 LAPTOP-SCVRHSJC kernel: pcpu-alloc: s180696 r8192 d32296 u262144 alloc=1*2097152
 LAPTOP-SCVRHSJC kernel: pcpu-alloc: [0] 0 1 2 3 4 5 6 7 
 LAPTOP-SCVRHSJC kernel: Hyper-V: PV spinlocks enabled
 LAPTOP-SCVRHSJC kernel: PV qspinlock hash table entries: 256 (order: 0, 4096 bytes, linear)
 LAPTOP-SCVRHSJC kernel: Built 1 zonelists, mobility grouping on.  Total pages: 2041693
 LAPTOP-SCVRHSJC kernel: Kernel command line: initrd=\initrd.img WSL_ROOT_INIT=1 panic=-1 nr_cpus=8 hv_utils.timesync_implicit=1 console=hvc0 debug pty.legacy_count=0 WSL_ENABLE_CRASH_DUMP=1
 LAPTOP-SCVRHSJC kernel: Unknown kernel command line parameters "WSL_ROOT_INIT=1 WSL_ENABLE_CRASH_DUMP=1", will be passed to user space.
 LAPTOP-SCVRHSJC kernel: Dentry cache hash table entries: 1048576 (order: 11, 8388608 bytes, linear)
 LAPTOP-SCVRHSJC kernel: Inode-cache hash table entries: 524288 (order: 10, 4194304 bytes, linear)
 LAPTOP-SCVRHSJC kernel: mem auto-init: stack:off, heap alloc:off, heap free:off
 LAPTOP-SCVRHSJC kernel: Memory: 4124252K/8299132K available (18452K kernel code, 2628K rwdata, 9648K rodata, 2008K init, 1816K bss, 257348K reserved, 0K cma-reserved)
 LAPTOP-SCVRHSJC kernel: SLUB: HWalign=64, Order=0-3, MinObjects=0, CPUs=8, Nodes=1
 LAPTOP-SCVRHSJC kernel: ftrace: allocating 52916 entries in 207 pages
 LAPTOP-SCVRHSJC kernel: ftrace: allocated 207 pages with 6 groups
 LAPTOP-SCVRHSJC kernel: rcu: Hierarchical RCU implementation.
 LAPTOP-SCVRHSJC kernel: rcu:         RCU restricting CPUs from NR_CPUS=256 to nr_cpu_ids=8.
 LAPTOP-SCVRHSJC kernel:         Rude variant of Tasks RCU enabled.
 LAPTOP-SCVRHSJC kernel:         Tracing variant of Tasks RCU enabled.
 LAPTOP-SCVRHSJC kernel: rcu: RCU calculated value of scheduler-enlistment delay is 10 jiffies.
 LAPTOP-SCVRHSJC kernel: rcu: Adjusting geometry for rcu_fanout_leaf=16, nr_cpu_ids=8
 LAPTOP-SCVRHSJC kernel: Using NULL legacy PIC
 LAPTOP-SCVRHSJC kernel: NR_IRQS: 16640, nr_irqs: 488, preallocated irqs: 0
 LAPTOP-SCVRHSJC kernel: random: crng init done
 LAPTOP-SCVRHSJC kernel: Console: colour dummy device 80x25
 LAPTOP-SCVRHSJC kernel: ACPI: Core revision 20210730
 LAPTOP-SCVRHSJC kernel: Failed to register legacy timer interrupt
 LAPTOP-SCVRHSJC kernel: APIC: Switch to symmetric I/O mode setup
 LAPTOP-SCVRHSJC kernel: Hyper-V: Using IPI hypercalls
 LAPTOP-SCVRHSJC kernel: Hyper-V: Using enlightened APIC (xapic mode)
 LAPTOP-SCVRHSJC kernel: Calibrating delay loop (skipped), value calculated using timer frequency.. 4608.01 BogoMIPS (lpj=23040080)
 LAPTOP-SCVRHSJC kernel: Last level iTLB entries: 4KB 64, 2MB 8, 4MB 8
 LAPTOP-SCVRHSJC kernel: Last level dTLB entries: 4KB 64, 2MB 0, 4MB 0, 1GB 4
 LAPTOP-SCVRHSJC kernel: Spectre V1 : Mitigation: usercopy/swapgs barriers and __user pointer sanitization
 LAPTOP-SCVRHSJC kernel: Spectre V2 : Mitigation: Enhanced IBRS
 LAPTOP-SCVRHSJC kernel: Spectre V2 : Spectre v2 / SpectreRSB mitigation: Filling RSB on context switch
 LAPTOP-SCVRHSJC kernel: Spectre V2 : Spectre v2 / PBRSB-eIBRS: Retire a single CALL on VMEXIT
 LAPTOP-SCVRHSJC kernel: RETBleed: Mitigation: Enhanced IBRS
 LAPTOP-SCVRHSJC kernel: Spectre V2 : mitigation: Enabling conditional Indirect Branch Prediction Barrier
 LAPTOP-SCVRHSJC kernel: Speculative Store Bypass: Mitigation: Speculative Store Bypass disabled via prctl and seccomp
 LAPTOP-SCVRHSJC kernel: MMIO Stale Data: Vulnerable: Clear CPU buffers attempted, no microcode
 LAPTOP-SCVRHSJC kernel: SRBDS: Unknown: Dependent on hypervisor status
 LAPTOP-SCVRHSJC kernel: GDS: Unknown: Dependent on hypervisor status
 LAPTOP-SCVRHSJC kernel: x86/fpu: Supporting XSAVE feature 0x001: 'x87 floating point registers'
 LAPTOP-SCVRHSJC kernel: x86/fpu: Supporting XSAVE feature 0x002: 'SSE registers'
 LAPTOP-SCVRHSJC kernel: x86/fpu: Supporting XSAVE feature 0x004: 'AVX registers'
 LAPTOP-SCVRHSJC kernel: x86/fpu: xstate_offset[2]:  576, xstate_sizes[2]:  256
 LAPTOP-SCVRHSJC kernel: x86/fpu: Enabled xstate features 0x7, context size is 832 bytes, using 'compacted' format.
 LAPTOP-SCVRHSJC kernel: Freeing SMP alternatives memory: 60K
 LAPTOP-SCVRHSJC kernel: pid_max: default: 32768 minimum: 301
 LAPTOP-SCVRHSJC kernel: LSM: Security Framework initializing
 LAPTOP-SCVRHSJC kernel: landlock: Up and running.
 LAPTOP-SCVRHSJC kernel: Mount-cache hash table entries: 16384 (order: 5, 131072 bytes, linear)
 LAPTOP-SCVRHSJC kernel: Mountpoint-cache hash table entries: 16384 (order: 5, 131072 bytes, linear)
 LAPTOP-SCVRHSJC kernel: smpboot: CPU0: Intel(R) Core(TM) i7-10510U CPU @ 1.80GHz (family: 0x6, model: 0x8e, stepping: 0xc)
 LAPTOP-SCVRHSJC kernel: Performance Events: Skylake events, 32-deep LBR, full-width counters, Intel PMU driver.
 LAPTOP-SCVRHSJC kernel: ... version:                4
 LAPTOP-SCVRHSJC kernel: ... bit width:              48
 LAPTOP-SCVRHSJC kernel: ... generic registers:      4
 LAPTOP-SCVRHSJC kernel: ... value mask:             0000ffffffffffff
 LAPTOP-SCVRHSJC kernel: ... max period:             00007fffffffffff
 LAPTOP-SCVRHSJC kernel: ... fixed-purpose events:   3
 LAPTOP-SCVRHSJC kernel: ... event mask:             000000070000000f
 LAPTOP-SCVRHSJC kernel: signal: max sigframe size: 1776
 LAPTOP-SCVRHSJC kernel: rcu: Hierarchical SRCU implementation.
 LAPTOP-SCVRHSJC kernel: smp: Bringing up secondary CPUs ...
 LAPTOP-SCVRHSJC kernel: x86: Booting SMP configuration:
 LAPTOP-SCVRHSJC kernel: .... node  #0, CPUs:      #1
 LAPTOP-SCVRHSJC kernel: MMIO Stale Data CPU bug present and SMT on, data leak possible. See https://www.kernel.org/doc/html/latest/admin-guide/hw-vuln/processor_mmio_stale_data.html for more details.
 LAPTOP-SCVRHSJC kernel:  #2 #3 #4 #5 #6 #7
 LAPTOP-SCVRHSJC kernel: smp: Brought up 1 node, 8 CPUs
 LAPTOP-SCVRHSJC kernel: smpboot: Max logical packages: 1
 LAPTOP-SCVRHSJC kernel: smpboot: Total of 8 processors activated (36864.12 BogoMIPS)
 LAPTOP-SCVRHSJC kernel: node 0 deferred pages initialised in 10ms
 LAPTOP-SCVRHSJC kernel: devtmpfs: initialized
 LAPTOP-SCVRHSJC kernel: x86/mm: Memory block size: 128MB
 LAPTOP-SCVRHSJC kernel: clocksource: jiffies: mask: 0xffffffff max_cycles: 0xffffffff, max_idle_ns: 19112604462750000 ns
 LAPTOP-SCVRHSJC kernel: futex hash table entries: 2048 (order: 5, 131072 bytes, linear)
 LAPTOP-SCVRHSJC kernel: NET: Registered PF_NETLINK/PF_ROUTE protocol family
 LAPTOP-SCVRHSJC kernel: audit: initializing netlink subsys (disabled)
 LAPTOP-SCVRHSJC kernel: audit: type=2000 audit(1731324764.010:1): state=initialized audit_enabled=0 res=1
 LAPTOP-SCVRHSJC kernel: thermal_sys: Registered thermal governor 'step_wise'
 LAPTOP-SCVRHSJC kernel: cpuidle: using governor menu
 LAPTOP-SCVRHSJC kernel: ACPI: bus type PCI registered
 LAPTOP-SCVRHSJC kernel: PCI: Fatal: No config space access function found
 LAPTOP-SCVRHSJC kernel: kprobes: kprobe jump-optimization is enabled. All kprobes are optimized if possible.
 LAPTOP-SCVRHSJC kernel: HugeTLB registered 1.00 GiB page size, pre-allocated 0 pages
 LAPTOP-SCVRHSJC kernel: HugeTLB registered 2.00 MiB page size, pre-allocated 0 pages
 LAPTOP-SCVRHSJC kernel: raid6: skip pq benchmark and using algorithm avx2x4
 LAPTOP-SCVRHSJC kernel: raid6: using avx2x2 recovery algorithm
 LAPTOP-SCVRHSJC kernel: ACPI: Added _OSI(Module Device)
 LAPTOP-SCVRHSJC kernel: ACPI: Added _OSI(Processor Device)
 LAPTOP-SCVRHSJC kernel: ACPI: Added _OSI(3.0 _SCP Extensions)
 LAPTOP-SCVRHSJC kernel: ACPI: Added _OSI(Processor Aggregator Device)
 LAPTOP-SCVRHSJC kernel: ACPI: Added _OSI(Linux-Dell-Video)
 LAPTOP-SCVRHSJC kernel: ACPI: Added _OSI(Linux-Lenovo-NV-HDMI-Audio)
 LAPTOP-SCVRHSJC kernel: ACPI: Added _OSI(Linux-HPI-Hybrid-Graphics)
 LAPTOP-SCVRHSJC kernel: ACPI: 1 ACPI AML tables successfully acquired and loaded
 LAPTOP-SCVRHSJC kernel: ACPI: Interpreter enabled
 LAPTOP-SCVRHSJC kernel: ACPI: PM: (supports S0 S5)
 LAPTOP-SCVRHSJC kernel: ACPI: Using IOAPIC for interrupt routing
 LAPTOP-SCVRHSJC kernel: PCI: Using host bridge windows from ACPI; if necessary, use "pci=nocrs" and report a bug
 LAPTOP-SCVRHSJC kernel: ACPI: Enabled 2 GPEs in block 00 to 0F
 LAPTOP-SCVRHSJC kernel: iommu: Default domain type: Translated 
 LAPTOP-SCVRHSJC kernel: iommu: DMA domain TLB invalidation policy: lazy mode 
 LAPTOP-SCVRHSJC kernel: SCSI subsystem initialized
 LAPTOP-SCVRHSJC kernel: ACPI: bus type USB registered
 LAPTOP-SCVRHSJC kernel: usbcore: registered new interface driver usbfs
 LAPTOP-SCVRHSJC kernel: usbcore: registered new interface driver hub
 LAPTOP-SCVRHSJC kernel: usbcore: registered new device driver usb
 LAPTOP-SCVRHSJC kernel: pps_core: LinuxPPS API ver. 1 registered
 LAPTOP-SCVRHSJC kernel: pps_core: Software ver. 5.3.6 - Copyright 2005-2007 Rodolfo Giometti <giometti@linux.it>
 LAPTOP-SCVRHSJC kernel: PTP clock support registered
 LAPTOP-SCVRHSJC kernel: hv_vmbus: Vmbus version:5.3
 LAPTOP-SCVRHSJC kernel: PCI: Using ACPI for IRQ routing
 LAPTOP-SCVRHSJC kernel: PCI: System does not support PCI
 LAPTOP-SCVRHSJC kernel: clocksource: Switched to clocksource hyperv_clocksource_tsc_page
 LAPTOP-SCVRHSJC kernel: hv_vmbus: Unknown GUID: c376c1c3-d276-48d2-90a9-c04748072c60
 LAPTOP-SCVRHSJC kernel: hv_vmbus: Unknown GUID: 6e382d18-3336-4f4b-acc4-2b7703d4df4a
 LAPTOP-SCVRHSJC kernel: hv_vmbus: Unknown GUID: dde9cbc0-5060-4436-9448-ea1254a5d177
 LAPTOP-SCVRHSJC kernel: hv_vmbus: Unknown GUID: 6e382d18-3336-4f4b-acc4-2b7703d4df4a
 LAPTOP-SCVRHSJC kernel: VFS: Disk quotas dquot_6.6.0
 LAPTOP-SCVRHSJC kernel: VFS: Dquot-cache hash table entries: 512 (order 0, 4096 bytes)
 LAPTOP-SCVRHSJC kernel: FS-Cache: Loaded
 LAPTOP-SCVRHSJC kernel: pnp: PnP ACPI init
 LAPTOP-SCVRHSJC kernel: pnp: PnP ACPI: found 1 devices
 LAPTOP-SCVRHSJC kernel: NET: Registered PF_INET protocol family
 LAPTOP-SCVRHSJC kernel: IP idents hash table entries: 131072 (order: 8, 1048576 bytes, linear)
 LAPTOP-SCVRHSJC kernel: tcp_listen_portaddr_hash hash table entries: 4096 (order: 4, 65536 bytes, linear)
 LAPTOP-SCVRHSJC kernel: Table-perturb hash table entries: 65536 (order: 6, 262144 bytes, linear)
 LAPTOP-SCVRHSJC kernel: TCP established hash table entries: 65536 (order: 7, 524288 bytes, linear)
 LAPTOP-SCVRHSJC kernel: TCP bind hash table entries: 65536 (order: 8, 1048576 bytes, linear)
 LAPTOP-SCVRHSJC kernel: TCP: Hash tables configured (established 65536 bind 65536)
 LAPTOP-SCVRHSJC kernel: UDP hash table entries: 4096 (order: 5, 131072 bytes, linear)
 LAPTOP-SCVRHSJC kernel: UDP-Lite hash table entries: 4096 (order: 5, 131072 bytes, linear)
 LAPTOP-SCVRHSJC kernel: NET: Registered PF_UNIX/PF_LOCAL protocol family
 LAPTOP-SCVRHSJC kernel: RPC: Registered named UNIX socket transport module.
 LAPTOP-SCVRHSJC kernel: RPC: Registered udp transport module.
 LAPTOP-SCVRHSJC kernel: RPC: Registered tcp transport module.
 LAPTOP-SCVRHSJC kernel: RPC: Registered tcp NFSv4.1 backchannel transport module.
 LAPTOP-SCVRHSJC kernel: PCI: CLS 0 bytes, default 64
 LAPTOP-SCVRHSJC kernel: PCI-DMA: Using software bounce buffering for IO (SWIOTLB)
 LAPTOP-SCVRHSJC kernel: software IO TLB: mapped [mem 0x00000000f4000000-0x00000000f8000000] (64MB)
 LAPTOP-SCVRHSJC kernel: Trying to unpack rootfs image as initramfs...
 LAPTOP-SCVRHSJC kernel: KVM: vmx: using Hyper-V Enlightened VMCS
 LAPTOP-SCVRHSJC kernel: Freeing initrd memory: 2208K
 LAPTOP-SCVRHSJC kernel: kvm: already loaded the other module
 LAPTOP-SCVRHSJC kernel: Initialise system trusted keyrings
 LAPTOP-SCVRHSJC kernel: workingset: timestamp_bits=46 max_order=21 bucket_order=0
 LAPTOP-SCVRHSJC kernel: squashfs: version 4.0 (2009/01/31) Phillip Lougher
 LAPTOP-SCVRHSJC kernel: NFS: Registering the id_resolver key type
 LAPTOP-SCVRHSJC kernel: Key type id_resolver registered
 LAPTOP-SCVRHSJC kernel: Key type id_legacy registered
 LAPTOP-SCVRHSJC kernel: nfs4filelayout_init: NFSv4 File Layout Driver Registering...
 LAPTOP-SCVRHSJC kernel: nfs4flexfilelayout_init: NFSv4 Flexfile Layout Driver Registering...
 LAPTOP-SCVRHSJC kernel: Installing knfsd (copyright (C) 1996 okir@monad.swb.de).
 LAPTOP-SCVRHSJC kernel: Key type cifs.idmap registered
 LAPTOP-SCVRHSJC kernel: fuse: init (API version 7.34)
 LAPTOP-SCVRHSJC kernel: SGI XFS with ACLs, security attributes, realtime, scrub, repair, quota, no debug enabled
 LAPTOP-SCVRHSJC kernel: 9p: Installing v9fs 9p2000 file system support
 LAPTOP-SCVRHSJC kernel: FS-Cache: Netfs '9p' registered for caching
 LAPTOP-SCVRHSJC kernel: FS-Cache: Netfs 'ceph' registered for caching
 LAPTOP-SCVRHSJC kernel: ceph: loaded (mds proto 32)
 LAPTOP-SCVRHSJC kernel: NET: Registered PF_ALG protocol family
 LAPTOP-SCVRHSJC kernel: xor: automatically using best checksumming function   avx       
 LAPTOP-SCVRHSJC kernel: Key type asymmetric registered
 LAPTOP-SCVRHSJC kernel: Asymmetric key parser 'x509' registered
 LAPTOP-SCVRHSJC kernel: Block layer SCSI generic (bsg) driver version 0.4 loaded (major 248)
 LAPTOP-SCVRHSJC kernel: hv_vmbus: registering driver hv_pci
 LAPTOP-SCVRHSJC kernel: hv_pci 4e3b29b5-83e8-4e27-b93d-d2010f4b1179: PCI VMBus probing: Using version 0x10004
 LAPTOP-SCVRHSJC kernel: hv_pci 4e3b29b5-83e8-4e27-b93d-d2010f4b1179: PCI host bridge to bus 83e8:00
 LAPTOP-SCVRHSJC kernel: pci_bus 83e8:00: root bus resource [mem 0x9ffe00000-0x9ffe02fff window]
 LAPTOP-SCVRHSJC kernel: pci_bus 83e8:00: No busn resource found for root bus, will use [bus 00-ff]
 LAPTOP-SCVRHSJC kernel: pci 83e8:00:00.0: [1af4:1043] type 00 class 0x010000
 LAPTOP-SCVRHSJC kernel: pci 83e8:00:00.0: reg 0x10: [mem 0x9ffe00000-0x9ffe00fff 64bit]
 LAPTOP-SCVRHSJC kernel: pci 83e8:00:00.0: reg 0x18: [mem 0x9ffe01000-0x9ffe01fff 64bit]
 LAPTOP-SCVRHSJC kernel: pci 83e8:00:00.0: reg 0x20: [mem 0x9ffe02000-0x9ffe02fff 64bit]
 LAPTOP-SCVRHSJC kernel: pci_bus 83e8:00: busn_res: [bus 00-ff] end is updated to 00
 LAPTOP-SCVRHSJC kernel: pci 83e8:00:00.0: BAR 0: assigned [mem 0x9ffe00000-0x9ffe00fff 64bit]
 LAPTOP-SCVRHSJC kernel: pci 83e8:00:00.0: BAR 2: assigned [mem 0x9ffe01000-0x9ffe01fff 64bit]
 LAPTOP-SCVRHSJC kernel: pci 83e8:00:00.0: BAR 4: assigned [mem 0x9ffe02000-0x9ffe02fff 64bit]
 LAPTOP-SCVRHSJC kernel: hv_pci 04eec524-50cf-47a5-9faf-390bf2789fba: PCI VMBus probing: Using version 0x10004
 LAPTOP-SCVRHSJC kernel: hv_pci 04eec524-50cf-47a5-9faf-390bf2789fba: PCI host bridge to bus 50cf:00
 LAPTOP-SCVRHSJC kernel: pci_bus 50cf:00: No busn resource found for root bus, will use [bus 00-ff]
 LAPTOP-SCVRHSJC kernel: pci 50cf:00:00.0: [1414:008e] type 00 class 0x030200
 LAPTOP-SCVRHSJC kernel: pci_bus 50cf:00: busn_res: [bus 00-ff] end is updated to 00
 LAPTOP-SCVRHSJC kernel: hv_pci 3aeae5e9-eb5c-4eb9-9a60-d9fd047d1e4b: PCI VMBus probing: Using version 0x10004
 LAPTOP-SCVRHSJC kernel: hv_pci 3aeae5e9-eb5c-4eb9-9a60-d9fd047d1e4b: PCI host bridge to bus eb5c:00
 LAPTOP-SCVRHSJC kernel: pci_bus eb5c:00: No busn resource found for root bus, will use [bus 00-ff]
 LAPTOP-SCVRHSJC kernel: pci eb5c:00:00.0: [1414:008e] type 00 class 0x030200
 LAPTOP-SCVRHSJC kernel: pci_bus eb5c:00: busn_res: [bus 00-ff] end is updated to 00
 LAPTOP-SCVRHSJC kernel: ACPI: AC: AC Adapter [AC1] (on-line)
 LAPTOP-SCVRHSJC kernel: ACPI: battery: Slot [BAT1] (battery present)
 LAPTOP-SCVRHSJC kernel: Serial: 8250/16550 driver, 4 ports, IRQ sharing disabled
 LAPTOP-SCVRHSJC kernel: Non-volatile memory driver v1.3
 LAPTOP-SCVRHSJC kernel: [drm] Initialized vgem 1.0.0 20120112 for vgem on minor 0
 LAPTOP-SCVRHSJC kernel: printk: console [hvc0] enabled
 LAPTOP-SCVRHSJC kernel: brd: module loaded
 LAPTOP-SCVRHSJC kernel: loop: module loaded
 LAPTOP-SCVRHSJC kernel: hv_vmbus: registering driver hv_storvsc
 LAPTOP-SCVRHSJC kernel: wireguard: WireGuard 1.0.0 loaded. See www.wireguard.com for information.
 LAPTOP-SCVRHSJC kernel: wireguard: Copyright (C) 2015-2019 Jason A. Donenfeld <Jason@zx2c4.com>. All Rights Reserved.
 LAPTOP-SCVRHSJC kernel: tun: Universal TUN/TAP device driver, 1.6
 LAPTOP-SCVRHSJC kernel: PPP generic driver version 2.4.2
 LAPTOP-SCVRHSJC kernel: scsi host0: storvsc_host_t
 LAPTOP-SCVRHSJC kernel: PPP BSD Compression module registered
 LAPTOP-SCVRHSJC kernel: PPP Deflate Compression module registered
 LAPTOP-SCVRHSJC kernel: PPP MPPE Compression module registered
 LAPTOP-SCVRHSJC kernel: NET: Registered PF_PPPOX protocol family
 LAPTOP-SCVRHSJC kernel: usbcore: registered new interface driver cdc_ether
 LAPTOP-SCVRHSJC kernel: usbcore: registered new interface driver cdc_ncm
 LAPTOP-SCVRHSJC kernel: usbcore: registered new interface driver r8153_ecm
 LAPTOP-SCVRHSJC kernel: hv_vmbus: registering driver hv_netvsc
 LAPTOP-SCVRHSJC kernel: VFIO - User Level meta-driver version: 0.3
 LAPTOP-SCVRHSJC kernel: usbcore: registered new interface driver cdc_acm
 LAPTOP-SCVRHSJC kernel: cdc_acm: USB Abstract Control Model driver for USB modems and ISDN adapters
 LAPTOP-SCVRHSJC kernel: vhci_hcd vhci_hcd.0: USB/IP Virtual Host Controller
 LAPTOP-SCVRHSJC kernel: vhci_hcd vhci_hcd.0: new USB bus registered, assigned bus number 1
 LAPTOP-SCVRHSJC kernel: vhci_hcd: created sysfs vhci_hcd.0
 LAPTOP-SCVRHSJC kernel: usb usb1: New USB device found, idVendor=1d6b, idProduct=0002, bcdDevice= 5.15
 LAPTOP-SCVRHSJC kernel: usb usb1: New USB device strings: Mfr=3, Product=2, SerialNumber=1
 LAPTOP-SCVRHSJC kernel: usb usb1: Product: USB/IP Virtual Host Controller
 LAPTOP-SCVRHSJC kernel: usb usb1: Manufacturer: Linux 5.15.153.1-microsoft-standard-WSL2 vhci_hcd
 LAPTOP-SCVRHSJC kernel: usb usb1: SerialNumber: vhci_hcd.0
 LAPTOP-SCVRHSJC kernel: hub 1-0:1.0: USB hub found
 LAPTOP-SCVRHSJC kernel: hub 1-0:1.0: 8 ports detected
 LAPTOP-SCVRHSJC kernel: vhci_hcd vhci_hcd.0: USB/IP Virtual Host Controller
 LAPTOP-SCVRHSJC kernel: vhci_hcd vhci_hcd.0: new USB bus registered, assigned bus number 2
 LAPTOP-SCVRHSJC kernel: usb usb2: We don't know the algorithms for LPM for this host, disabling LPM.
 LAPTOP-SCVRHSJC kernel: usb usb2: New USB device found, idVendor=1d6b, idProduct=0003, bcdDevice= 5.15
 LAPTOP-SCVRHSJC kernel: usb usb2: New USB device strings: Mfr=3, Product=2, SerialNumber=1
 LAPTOP-SCVRHSJC kernel: usb usb2: Product: USB/IP Virtual Host Controller
 LAPTOP-SCVRHSJC kernel: usb usb2: Manufacturer: Linux 5.15.153.1-microsoft-standard-WSL2 vhci_hcd
 LAPTOP-SCVRHSJC kernel: usb usb2: SerialNumber: vhci_hcd.0
 LAPTOP-SCVRHSJC kernel: hub 2-0:1.0: USB hub found
 LAPTOP-SCVRHSJC kernel: hub 2-0:1.0: 8 ports detected
 LAPTOP-SCVRHSJC kernel: hv_vmbus: registering driver hyperv_keyboard
 LAPTOP-SCVRHSJC kernel: rtc_cmos 00:00: RTC can wake from S4
 LAPTOP-SCVRHSJC kernel: rtc_cmos 00:00: registered as rtc0
 LAPTOP-SCVRHSJC kernel: rtc_cmos 00:00: setting system clock to 2024-11-11T11:32:44 UTC (1731324764)
 LAPTOP-SCVRHSJC kernel: rtc_cmos 00:00: alarms up to one month, 114 bytes nvram
 LAPTOP-SCVRHSJC kernel: device-mapper: ioctl: 4.45.0-ioctl (2021-03-22) initialised: dm-devel@redhat.com
 LAPTOP-SCVRHSJC kernel: device-mapper: raid: Loading target version 1.15.1
 LAPTOP-SCVRHSJC kernel: hid: raw HID events driver (C) Jiri Kosina
 LAPTOP-SCVRHSJC kernel: usbcore: registered new interface driver usbhid
 LAPTOP-SCVRHSJC kernel: usbhid: USB HID core driver
 LAPTOP-SCVRHSJC kernel: hv_utils: Registering HyperV Utility Driver
 LAPTOP-SCVRHSJC kernel: hv_vmbus: registering driver hv_utils
 LAPTOP-SCVRHSJC kernel: hv_vmbus: registering driver hv_balloon
 LAPTOP-SCVRHSJC kernel: hv_utils: TimeSync IC version 4.0
 LAPTOP-SCVRHSJC kernel: hv_vmbus: registering driver dxgkrnl
 LAPTOP-SCVRHSJC kernel: hv_balloon: Using Dynamic Memory protocol version 2.0
 LAPTOP-SCVRHSJC kernel: Free page reporting enabled
 LAPTOP-SCVRHSJC kernel: hv_balloon: Cold memory discard hint enabled with order 9
 LAPTOP-SCVRHSJC kernel: drop_monitor: Initializing network drop monitor service
 LAPTOP-SCVRHSJC kernel: Mirror/redirect action on
 LAPTOP-SCVRHSJC kernel: u32 classifier
 LAPTOP-SCVRHSJC kernel:     Performance counters on
 LAPTOP-SCVRHSJC kernel:     input device check on
 LAPTOP-SCVRHSJC kernel:     Actions configured
 LAPTOP-SCVRHSJC kernel: IPVS: Registered protocols (TCP, UDP)
 LAPTOP-SCVRHSJC kernel: IPVS: Connection hash table configured (size=4096, memory=32Kbytes)
 LAPTOP-SCVRHSJC kernel: IPVS: ipvs loaded.
 LAPTOP-SCVRHSJC kernel: IPVS: [rr] scheduler registered.
 LAPTOP-SCVRHSJC kernel: IPVS: [wrr] scheduler registered.
 LAPTOP-SCVRHSJC kernel: IPVS: [sh] scheduler registered.
 LAPTOP-SCVRHSJC kernel: ipt_CLUSTERIP: ClusterIP Version 0.8 loaded successfully
 LAPTOP-SCVRHSJC kernel: Initializing XFRM netlink socket
 LAPTOP-SCVRHSJC kernel: NET: Registered PF_INET6 protocol family
 LAPTOP-SCVRHSJC kernel: Segment Routing with IPv6
 LAPTOP-SCVRHSJC kernel: In-situ OAM (IOAM) with IPv6
 LAPTOP-SCVRHSJC kernel: NET: Registered PF_PACKET protocol family
 LAPTOP-SCVRHSJC kernel: Bridge firewalling registered
 LAPTOP-SCVRHSJC kernel: 8021q: 802.1Q VLAN Support v1.8
 LAPTOP-SCVRHSJC kernel: sctp: Hash tables configured (bind 256/256)
 LAPTOP-SCVRHSJC kernel: 9pnet: Installing 9P2000 support
 LAPTOP-SCVRHSJC kernel: Key type dns_resolver registered
 LAPTOP-SCVRHSJC kernel: Key type ceph registered
 LAPTOP-SCVRHSJC kernel: libceph: loaded (mon/osd proto 15/24)
 LAPTOP-SCVRHSJC kernel: NET: Registered PF_VSOCK protocol family
 LAPTOP-SCVRHSJC kernel: hv_vmbus: registering driver hv_sock
 LAPTOP-SCVRHSJC kernel: IPI shorthand broadcast: enabled
 LAPTOP-SCVRHSJC kernel: sched_clock: Marking stable (311783800, 267000)->(331446900, -19396100)
 LAPTOP-SCVRHSJC kernel: registered taskstats version 1
 LAPTOP-SCVRHSJC kernel: Loading compiled-in X.509 certificates
 LAPTOP-SCVRHSJC kernel: Btrfs loaded, crc32c=crc32c-generic, zoned=no, fsverity=no
 LAPTOP-SCVRHSJC kernel: Freeing unused kernel image (initmem) memory: 2008K
 LAPTOP-SCVRHSJC kernel: Write protecting the kernel read-only data: 30720k
 LAPTOP-SCVRHSJC kernel: Freeing unused kernel image (text/rodata gap) memory: 2024K
 LAPTOP-SCVRHSJC kernel: Freeing unused kernel image (rodata/data gap) memory: 592K
 LAPTOP-SCVRHSJC kernel: Run /init as init process
 LAPTOP-SCVRHSJC kernel:   with arguments:
 LAPTOP-SCVRHSJC kernel:     /init
 LAPTOP-SCVRHSJC kernel:   with environment:
 LAPTOP-SCVRHSJC kernel:     HOME=/
 LAPTOP-SCVRHSJC kernel:     TERM=linux
 LAPTOP-SCVRHSJC kernel:     WSL_ROOT_INIT=1
 LAPTOP-SCVRHSJC kernel:     WSL_ENABLE_CRASH_DUMP=1
 LAPTOP-SCVRHSJC kernel: scsi 0:0:0:0: Direct-Access     Msft     Virtual Disk     1.0  PQ: 0 ANSI: 5
 LAPTOP-SCVRHSJC kernel: sd 0:0:0:0: Attached scsi generic sg0 type 0
 LAPTOP-SCVRHSJC kernel: sd 0:0:0:0: [sda] 795504 512-byte logical blocks: (407 MB/388 MiB)
 LAPTOP-SCVRHSJC kernel: sd 0:0:0:0: [sda] Write Protect is on
 LAPTOP-SCVRHSJC kernel: sd 0:0:0:0: [sda] Mode Sense: 0f 00 80 00
 LAPTOP-SCVRHSJC kernel: sd 0:0:0:0: [sda] Write cache: disabled, read cache: enabled, doesn't support DPO or FUA
 LAPTOP-SCVRHSJC kernel: sd 0:0:0:0: [sda] Attached SCSI disk
 LAPTOP-SCVRHSJC kernel: scsi 0:0:0:1: Direct-Access     Msft     Virtual Disk     1.0  PQ: 0 ANSI: 5
 LAPTOP-SCVRHSJC kernel: EXT4-fs (sda): mounted filesystem without journal. Opts: (null). Quota mode: none.
 LAPTOP-SCVRHSJC kernel: sd 0:0:0:1: Attached scsi generic sg1 type 0
 LAPTOP-SCVRHSJC kernel: sd 0:0:0:1: [sdb] 4194312 512-byte logical blocks: (2.15 GB/2.00 GiB)
 LAPTOP-SCVRHSJC kernel: sd 0:0:0:1: [sdb] 4096-byte physical blocks
 LAPTOP-SCVRHSJC kernel: sd 0:0:0:1: [sdb] Write Protect is off
 LAPTOP-SCVRHSJC kernel: sd 0:0:0:1: [sdb] Mode Sense: 0f 00 00 00
 LAPTOP-SCVRHSJC kernel: sd 0:0:0:1: [sdb] Write cache: enabled, read cache: enabled, doesn't support DPO or FUA
 LAPTOP-SCVRHSJC kernel: sd 0:0:0:1: [sdb] Attached SCSI disk
 LAPTOP-SCVRHSJC kernel: Adding 2097152k swap on /dev/sdb.  Priority:-2 extents:1 across:2097152k 
 LAPTOP-SCVRHSJC kernel: IPv6: ADDRCONF(NETDEV_CHANGE): eth0: link becomes ready
 LAPTOP-SCVRHSJC kernel: hv_pci d5d00593-b55c-4f0b-bd13-76b63a231312: PCI VMBus probing: Using version 0x10004
 LAPTOP-SCVRHSJC kernel: hv_pci d5d00593-b55c-4f0b-bd13-76b63a231312: PCI host bridge to bus b55c:00
 LAPTOP-SCVRHSJC kernel: pci_bus b55c:00: root bus resource [mem 0xc00000000-0xe00001fff window]
 LAPTOP-SCVRHSJC kernel: pci_bus b55c:00: No busn resource found for root bus, will use [bus 00-ff]
 LAPTOP-SCVRHSJC kernel: pci b55c:00:00.0: [1af4:105a] type 00 class 0x088000
 LAPTOP-SCVRHSJC kernel: pci b55c:00:00.0: reg 0x10: [mem 0xe00000000-0xe00000fff 64bit]
 LAPTOP-SCVRHSJC kernel: pci b55c:00:00.0: reg 0x18: [mem 0xe00001000-0xe00001fff 64bit]
 LAPTOP-SCVRHSJC kernel: pci b55c:00:00.0: reg 0x20: [mem 0xc00000000-0xdffffffff 64bit]
 LAPTOP-SCVRHSJC kernel: pci_bus b55c:00: busn_res: [bus 00-ff] end is updated to 00
 LAPTOP-SCVRHSJC kernel: pci b55c:00:00.0: BAR 4: assigned [mem 0xc00000000-0xdffffffff 64bit]
 LAPTOP-SCVRHSJC kernel: pci b55c:00:00.0: BAR 0: assigned [mem 0xe00000000-0xe00000fff 64bit]
 LAPTOP-SCVRHSJC kernel: pci b55c:00:00.0: BAR 2: assigned [mem 0xe00001000-0xe00001fff 64bit]
 LAPTOP-SCVRHSJC kernel: virtiofs virtio1: Cache len: 0x200000000 @ 0xc00000000
 LAPTOP-SCVRHSJC kernel: memmap_init_zone_device initialised 2097152 pages in 30ms
 LAPTOP-SCVRHSJC kernel: FS-Cache: Duplicate cookie detected
 LAPTOP-SCVRHSJC kernel: FS-Cache: O-cookie c=00000005 [p=00000002 fl=222 nc=0 na=1]
 LAPTOP-SCVRHSJC kernel: FS-Cache: O-cookie d=000000007df0dfea{9P.session} n=0000000008ed6811
 LAPTOP-SCVRHSJC kernel: FS-Cache: O-key=[10] '34323934393337333734'
 LAPTOP-SCVRHSJC kernel: FS-Cache: N-cookie c=00000006 [p=00000002 fl=2 nc=0 na=1]
 LAPTOP-SCVRHSJC kernel: FS-Cache: N-cookie d=000000007df0dfea{9P.session} n=00000000978af5a5
 LAPTOP-SCVRHSJC kernel: FS-Cache: N-key=[10] '34323934393337333734'
 LAPTOP-SCVRHSJC kernel: scsi 0:0:0:2: Direct-Access     Msft     Virtual Disk     1.0  PQ: 0 ANSI: 5
 LAPTOP-SCVRHSJC kernel: sd 0:0:0:2: Attached scsi generic sg2 type 0
 LAPTOP-SCVRHSJC kernel: sd 0:0:0:2: [sdc] 2147483648 512-byte logical blocks: (1.10 TB/1.00 TiB)
 LAPTOP-SCVRHSJC kernel: sd 0:0:0:2: [sdc] 4096-byte physical blocks
 LAPTOP-SCVRHSJC kernel: sd 0:0:0:2: [sdc] Write Protect is off
 LAPTOP-SCVRHSJC kernel: sd 0:0:0:2: [sdc] Mode Sense: 0f 00 00 00
 LAPTOP-SCVRHSJC kernel: sd 0:0:0:2: [sdc] Write cache: enabled, read cache: enabled, doesn't support DPO or FUA
 LAPTOP-SCVRHSJC kernel: sd 0:0:0:2: [sdc] Attached SCSI disk
 LAPTOP-SCVRHSJC kernel: EXT4-fs (sdc): recovery complete
 LAPTOP-SCVRHSJC kernel: EXT4-fs (sdc): mounted filesystem with ordered data mode. Opts: discard,errors=remount-ro,data=ordered. Quota mode: none.
 LAPTOP-SCVRHSJC /sbin/ldconfig: 
 LAPTOP-SCVRHSJC unknown: /usr/lib/wsl/lib/libcuda.so.1 is not a symbolic link
 LAPTOP-SCVRHSJC unknown: 
 LAPTOP-SCVRHSJC kernel: FS-Cache: Duplicate cookie detected
 LAPTOP-SCVRHSJC kernel: FS-Cache: O-cookie c=0000000b [p=00000002 fl=222 nc=0 na=1]
 LAPTOP-SCVRHSJC kernel: FS-Cache: O-cookie d=000000007df0dfea{9P.session} n=00000000fd8ad39b
 LAPTOP-SCVRHSJC kernel: FS-Cache: O-key=[10] '34323934393337353436'
 LAPTOP-SCVRHSJC kernel: FS-Cache: N-cookie c=0000000c [p=00000002 fl=2 nc=0 na=1]
 LAPTOP-SCVRHSJC kernel: FS-Cache: N-cookie d=000000007df0dfea{9P.session} n=000000001fc3a921
 LAPTOP-SCVRHSJC kernel: FS-Cache: N-key=[10] '34323934393337353436'
 LAPTOP-SCVRHSJC /sbin/ldconfig.real: 
 LAPTOP-SCVRHSJC unknown: /usr/lib/wsl/lib/libcuda.so.1 is not a symbolic link
 LAPTOP-SCVRHSJC unknown: 
 LAPTOP-SCVRHSJC kernel: FS-Cache: Duplicate cookie detected
 LAPTOP-SCVRHSJC kernel: FS-Cache: O-cookie c=0000000f [p=00000002 fl=222 nc=0 na=1]
 LAPTOP-SCVRHSJC kernel: FS-Cache: O-cookie d=000000007df0dfea{9P.session} n=0000000033c9eda5
 LAPTOP-SCVRHSJC kernel: FS-Cache: O-key=[10] '34323934393337353632'
 LAPTOP-SCVRHSJC kernel: FS-Cache: N-cookie c=00000010 [p=00000002 fl=2 nc=0 na=1]
 LAPTOP-SCVRHSJC kernel: FS-Cache: N-cookie d=000000007df0dfea{9P.session} n=00000000692838f9
 LAPTOP-SCVRHSJC kernel: FS-Cache: N-key=[10] '34323934393337353632'
 LAPTOP-SCVRHSJC kernel: misc dxg: dxgk: dxgkio_is_feature_enabled: Ioctl failed: -22
 LAPTOP-SCVRHSJC kernel: misc dxg: dxgk: dxgkio_query_adapter_info: Ioctl failed: -22
 LAPTOP-SCVRHSJC kernel: misc dxg: dxgk: dxgkio_query_adapter_info: Ioctl failed: -22
 LAPTOP-SCVRHSJC kernel: misc dxg: dxgk: dxgkio_query_adapter_info: Ioctl failed: -22
 LAPTOP-SCVRHSJC kernel: misc dxg: dxgk: dxgkio_query_adapter_info: Ioctl failed: -2
 LAPTOP-SCVRHSJC kernel: misc dxg: dxgk: dxgkio_query_adapter_info: Ioctl failed: -22
 LAPTOP-SCVRHSJC kernel: misc dxg: dxgk: dxgkio_query_adapter_info: Ioctl failed: -22
 LAPTOP-SCVRHSJC kernel: misc dxg: dxgk: dxgkio_query_adapter_info: Ioctl failed: -22
 LAPTOP-SCVRHSJC kernel: misc dxg: dxgk: dxgkio_query_adapter_info: Ioctl failed: -22
 LAPTOP-SCVRHSJC kernel: misc dxg: dxgk: dxgkio_query_adapter_info: Ioctl failed: -2
 LAPTOP-SCVRHSJC systemd-journald[40]: Journal started
 LAPTOP-SCVRHSJC systemd-journald[40]: Runtime Journal (/run/log/journal/f32561277fcb4dbcbacb707494a0db1d) is 8.0M, max 393.0M, 385.0M free.
 LAPTOP-SCVRHSJC systemd-sysctl[57]: Couldn't write '176' to 'kernel/sysrq', ignoring: No such file or directory
 LAPTOP-SCVRHSJC systemd-sysctl[57]: Couldn't write '1' to 'kernel/yama/ptrace_scope', ignoring: No such file or directory
 LAPTOP-SCVRHSJC systemd[1]: Mounted FUSE Control File System.
 LAPTOP-SCVRHSJC systemd[1]: Starting Flush Journal to Persistent Storage...
 LAPTOP-SCVRHSJC systemd[1]: Finished Create System Users.
 LAPTOP-SCVRHSJC systemd-journald[40]: Time spent on flushing to /var/log/journal/f32561277fcb4dbcbacb707494a0db1d is 11.648ms for 452 entries.
 LAPTOP-SCVRHSJC systemd-journald[40]: System Journal (/var/log/journal/f32561277fcb4dbcbacb707494a0db1d) is 680.6M, max 4.0G, 3.3G free.
 LAPTOP-SCVRHSJC systemd[1]: Starting Create Static Device Nodes in /dev...
 LAPTOP-SCVRHSJC systemd[1]: Finished Create Static Device Nodes in /dev.
 LAPTOP-SCVRHSJC systemd[1]: Starting Rule-based Manager for Device Events and Files...
 LAPTOP-SCVRHSJC systemd[1]: Finished Set the console keyboard layout.
 LAPTOP-SCVRHSJC systemd[1]: Reached target Preparation for Local File Systems.
 LAPTOP-SCVRHSJC systemd[1]: Mounting Prepare /run/qemu to allow still running qemu binaries of former builds (after package upgrades) to fallback-load modules from there...
 LAPTOP-SCVRHSJC systemd[1]: snap.mount: Directory /snap to mount over is not empty, mounting anyway.
 LAPTOP-SCVRHSJC systemd[1]: Mounting Ensure that the snap directory shares mount events....
 LAPTOP-SCVRHSJC systemd[1]: Finished Coldplug All udev Devices.
 LAPTOP-SCVRHSJC systemd[1]: Mounted Prepare /run/qemu to allow still running qemu binaries of former builds (after package upgrades) to fallback-load modules from there.
 LAPTOP-SCVRHSJC systemd[1]: Mounted Ensure that the snap directory shares mount events..
 LAPTOP-SCVRHSJC systemd[1]: Mounting Mount unit for bare, revision 5...
 LAPTOP-SCVRHSJC systemd[1]: Mounting Mount unit for core22, revision 1621...
 LAPTOP-SCVRHSJC systemd[1]: Mounting Mount unit for core22, revision 1663...
 LAPTOP-SCVRHSJC systemd[1]: Mounting Mount unit for gtk-common-themes, revision 1535...
 LAPTOP-SCVRHSJC systemd[1]: Mounting Mount unit for snapd, revision 21759...
 LAPTOP-SCVRHSJC systemd[1]: Mounting Mount unit for snapd, revision 22991...
 LAPTOP-SCVRHSJC systemd[1]: Mounting Mount unit for ubuntu-desktop-installer, revision 1276...
 LAPTOP-SCVRHSJC systemd[1]: Mounting Mount unit for ubuntu-desktop-installer, revision 1286...
 LAPTOP-SCVRHSJC systemd[1]: Mounted Mount unit for bare, revision 5.
 LAPTOP-SCVRHSJC systemd[1]: Mounted Mount unit for core22, revision 1621.
 LAPTOP-SCVRHSJC systemd[1]: Mounted Mount unit for core22, revision 1663.
 LAPTOP-SCVRHSJC systemd[1]: Mounted Mount unit for gtk-common-themes, revision 1535.
 LAPTOP-SCVRHSJC systemd[1]: Mounted Mount unit for snapd, revision 21759.
 LAPTOP-SCVRHSJC systemd[1]: Mounted Mount unit for snapd, revision 22991.
 LAPTOP-SCVRHSJC systemd[1]: Mounted Mount unit for ubuntu-desktop-installer, revision 1276.
 LAPTOP-SCVRHSJC systemd[1]: Mounted Mount unit for ubuntu-desktop-installer, revision 1286.
 LAPTOP-SCVRHSJC systemd[1]: Reached target Mounted snaps.
 LAPTOP-SCVRHSJC systemd[1]: Reached target Local File Systems.
 LAPTOP-SCVRHSJC systemd[1]: Condition check resulted in Load AppArmor profiles being skipped.
 LAPTOP-SCVRHSJC systemd[1]: Starting Set console font and keymap...
 LAPTOP-SCVRHSJC systemd[1]: Starting Tell Plymouth To Write Out Runtime Data...
 LAPTOP-SCVRHSJC systemd[1]: Starting QEMU KVM preparation - module, ksm, hugepages...
 LAPTOP-SCVRHSJC systemd[1]: Condition check resulted in Load AppArmor profiles managed internally by snapd being skipped.
 LAPTOP-SCVRHSJC systemd[1]: Condition check resulted in Set Up Additional Binary Formats being skipped.
 LAPTOP-SCVRHSJC systemd[1]: Condition check resulted in Store a System Token in an EFI Variable being skipped.
 LAPTOP-SCVRHSJC systemd[1]: Condition check resulted in Commit a transient machine-id on disk being skipped.
 LAPTOP-SCVRHSJC systemd[1]: Starting Uncomplicated firewall...
 LAPTOP-SCVRHSJC systemd[1]: Finished Set console font and keymap.
 LAPTOP-SCVRHSJC systemd[1]: Finished Uncomplicated firewall.
 LAPTOP-SCVRHSJC systemd[1]: Reached target Preparation for Network.
 LAPTOP-SCVRHSJC systemd[1]: Finished Tell Plymouth To Write Out Runtime Data.
 LAPTOP-SCVRHSJC systemd[1]: Finished Flush Journal to Persistent Storage.
 LAPTOP-SCVRHSJC systemd[1]: Starting Create Volatile Files and Directories...
 LAPTOP-SCVRHSJC systemd-tmpfiles[125]: rm_rf(/tmp/.X11-unix): Read-only file system
 LAPTOP-SCVRHSJC systemd-tmpfiles[125]: fchmod() of /tmp/.X11-unix failed: Read-only file system
 LAPTOP-SCVRHSJC systemd[1]: Finished Create Volatile Files and Directories.
 LAPTOP-SCVRHSJC systemd[1]: Starting Network Name Resolution...
 LAPTOP-SCVRHSJC systemd[1]: Condition check resulted in Network Time Synchronization being skipped.
 LAPTOP-SCVRHSJC systemd[1]: Reached target System Time Set.
 LAPTOP-SCVRHSJC qemu-kvm-init[127]: mknod: /dev/kvm: File exists
 LAPTOP-SCVRHSJC systemd[1]: Starting Record System Boot/Shutdown in UTMP...
 LAPTOP-SCVRHSJC systemd[1]: Started Rule-based Manager for Device Events and Files.
 LAPTOP-SCVRHSJC systemd[1]: Condition check resulted in Show Plymouth Boot Screen being skipped.
 LAPTOP-SCVRHSJC systemd[1]: Started Dispatch Password Requests to Console Directory Watch.
 LAPTOP-SCVRHSJC systemd[1]: Condition check resulted in Forward Password Requests to Plymouth Directory Watch being skipped.
 LAPTOP-SCVRHSJC systemd[1]: Reached target Local Encrypted Volumes.
 LAPTOP-SCVRHSJC systemd[1]: Finished QEMU KVM preparation - module, ksm, hugepages.
 LAPTOP-SCVRHSJC systemd[1]: Finished Record System Boot/Shutdown in UTMP.
 LAPTOP-SCVRHSJC systemd[1]: Reached target System Initialization.
 LAPTOP-SCVRHSJC systemd[1]: Condition check resulted in Process error reports when automatic reporting is enabled (file watch) being skipped.
 LAPTOP-SCVRHSJC systemd[1]: Condition check resulted in Process error reports when automatic reporting is enabled (timer based) being skipped.
 LAPTOP-SCVRHSJC systemd[1]: Started Daily apt download activities.
 LAPTOP-SCVRHSJC systemd[1]: Started Daily apt upgrade and clean activities.
 LAPTOP-SCVRHSJC systemd[1]: Started Daily dpkg database backup timer.
 LAPTOP-SCVRHSJC systemd[1]: Started Periodic ext4 Online Metadata Check for All Filesystems.
 LAPTOP-SCVRHSJC systemd[1]: Condition check resulted in Discard unused blocks once a week being skipped.
 LAPTOP-SCVRHSJC systemd[1]: Started Daily rotation of log files.
 LAPTOP-SCVRHSJC systemd[1]: Started Daily man-db regeneration.
 LAPTOP-SCVRHSJC systemd[1]: Started Message of the Day.
 LAPTOP-SCVRHSJC systemd[1]: Condition check resulted in Timer to automatically fetch and run repair assertions being skipped.
 LAPTOP-SCVRHSJC systemd[1]: Started Daily Cleanup of Temporary Directories.
 LAPTOP-SCVRHSJC systemd[1]: Condition check resulted in Ubuntu Pro Timer for running repeated jobs being skipped.
 LAPTOP-SCVRHSJC systemd[1]: Reached target Path Units.
 LAPTOP-SCVRHSJC systemd[1]: Reached target Timer Units.
 LAPTOP-SCVRHSJC systemd[1]: Listening on Unix socket for apport crash forwarding.
 LAPTOP-SCVRHSJC systemd[1]: Listening on D-Bus System Message Bus Socket.
 LAPTOP-SCVRHSJC systemd[1]: Starting Socket activation for snappy daemon...
 LAPTOP-SCVRHSJC systemd[1]: Listening on UUID daemon activation socket.
 LAPTOP-SCVRHSJC systemd[1]: Listening on Socket activation for snappy daemon.
 LAPTOP-SCVRHSJC systemd[1]: Reached target Socket Units.
 LAPTOP-SCVRHSJC systemd[1]: Reached target Basic System.
 LAPTOP-SCVRHSJC systemd[1]: System is tainted: cgroupsv1
 LAPTOP-SCVRHSJC systemd[1]: Starting LSB: automatic crash report generation...
 LAPTOP-SCVRHSJC systemd[1]: Started Regular background program processing daemon.
 LAPTOP-SCVRHSJC systemd[1]: Started D-Bus System Message Bus.
 LAPTOP-SCVRHSJC systemd[1]: Started Save initial kernel messages after boot.
 LAPTOP-SCVRHSJC cron[149]: (CRON) INFO (pidfile fd = 3)
 LAPTOP-SCVRHSJC cron[149]: (CRON) INFO (Running @reboot jobs)
 LAPTOP-SCVRHSJC systemd[1]: Starting Remove Stale Online ext4 Metadata Check Snapshots...
 LAPTOP-SCVRHSJC systemd[1]: Condition check resulted in getty on tty2-tty6 if dbus and logind are not available being skipped.
 LAPTOP-SCVRHSJC systemd[1]: Condition check resulted in irqbalance daemon being skipped.
 LAPTOP-SCVRHSJC systemd-udevd[140]: Using default interface naming scheme 'v249'.
 LAPTOP-SCVRHSJC systemd[1]: Starting Dispatcher daemon for systemd-networkd...
 LAPTOP-SCVRHSJC systemd[1]: Starting System Logging Service...
 LAPTOP-SCVRHSJC systemd[1]: Condition check resulted in Automatically repair incorrect owner/permissions on core devices being skipped.
 LAPTOP-SCVRHSJC systemd[1]: Condition check resulted in Wait for the Ubuntu Core chooser trigger being skipped.
 LAPTOP-SCVRHSJC systemd[1]: Reached target Preparation for Logins.
 LAPTOP-SCVRHSJC systemd[1]: Starting Wait until snapd is fully seeded...
 LAPTOP-SCVRHSJC systemd[1]: Starting Snap Daemon...
 LAPTOP-SCVRHSJC systemd[1]: Starting User Login Management...
 LAPTOP-SCVRHSJC systemd[1]: Condition check resulted in Ubuntu Pro reboot cmds being skipped.
 LAPTOP-SCVRHSJC systemd[1]: Starting WSL binfmt restore...
 LAPTOP-SCVRHSJC sh[186]: /bin/sh: 1: cannot create /proc/sys/fs/binfmt_misc/WSLInterop-late: Permission denied
 LAPTOP-SCVRHSJC systemd[1]: wsl-binfmt.service: Deactivated successfully.
 LAPTOP-SCVRHSJC systemd[1]: Finished WSL binfmt restore.
 LAPTOP-SCVRHSJC rsyslogd[178]: imuxsock: Acquired UNIX socket '/run/systemd/journal/syslog' (fd 3) from systemd.  [v8.2112.0]
 LAPTOP-SCVRHSJC rsyslogd[178]: rsyslogd's groupid changed to 111
 LAPTOP-SCVRHSJC rsyslogd[178]: rsyslogd's userid changed to 104
 LAPTOP-SCVRHSJC rsyslogd[178]: [origin software="rsyslogd" swVersion="8.2112.0" x-pid="178" x-info="https://www.rsyslog.com"] start
 LAPTOP-SCVRHSJC systemd[1]: Started System Logging Service.
 LAPTOP-SCVRHSJC systemd-udevd[132]: sda: Process '/usr/bin/unshare -m /usr/bin/snap auto-import --mount=/dev/sda' failed with exit code 1.
 LAPTOP-SCVRHSJC systemd-udevd[135]: sdc: Process '/usr/bin/unshare -m /usr/bin/snap auto-import --mount=/dev/sdc' failed with exit code 1.
 LAPTOP-SCVRHSJC systemd-udevd[172]: sdb: Process '/usr/bin/unshare -m /usr/bin/snap auto-import --mount=/dev/sdb' failed with exit code 1.
 LAPTOP-SCVRHSJC systemd[1]: Started LSB: automatic crash report generation.
 LAPTOP-SCVRHSJC systemd[1]: e2scrub_reap.service: Deactivated successfully.
 LAPTOP-SCVRHSJC systemd[1]: Finished Remove Stale Online ext4 Metadata Check Snapshots.
 LAPTOP-SCVRHSJC systemd-resolved[128]: Positive Trust Anchors:
 LAPTOP-SCVRHSJC systemd-resolved[128]: . IN DS 20326 8 2 e06d44b80b8f1d39a95c0b0d7c65d08458e880409bbc683457104237c7f8ec8d
 LAPTOP-SCVRHSJC systemd-resolved[128]: Negative trust anchors: home.arpa 10.in-addr.arpa 16.172.in-addr.arpa 17.172.in-addr.arpa 18.172.in-addr.arpa 19.172.in-addr.arpa 20.172.in-addr.arpa 21.172.in-addr.arpa 22.172.in-addr.arpa 23.172.in-addr.arpa 24.172.in-addr.arpa 25.172.in-addr.arpa 26.172.in-addr.arpa 27.172.in-addr.arpa 28.172.in-addr.arpa 29.172.in-addr.arpa 30.172.in-addr.arpa 31.172.in-addr.arpa 168.192.in-addr.arpa d.f.ip6.arpa corp home internal intranet lan local private test
 LAPTOP-SCVRHSJC snapd[183]: overlord.go:271: Acquiring state lock file
 LAPTOP-SCVRHSJC snapd[183]: overlord.go:276: Acquired state lock file
 LAPTOP-SCVRHSJC systemd-resolved[128]: Using system hostname 'LAPTOP-SCVRHSJC'.
 LAPTOP-SCVRHSJC systemd[1]: Started Network Name Resolution.
 LAPTOP-SCVRHSJC systemd[1]: Reached target Network.
 LAPTOP-SCVRHSJC systemd[1]: Reached target Host and Network Name Lookups.
 LAPTOP-SCVRHSJC snapd[183]: daemon.go:247: started snapd/2.63+22.04ubuntu0.1 (series 16; classic; devmode; wsl) ubuntu/22.04 (amd64) linux/5.15.153.1-microsoft-stan.
 LAPTOP-SCVRHSJC systemd[1]: Started Service for snap application ubuntu-desktop-installer.subiquity-server.
 LAPTOP-SCVRHSJC systemd[1]: Starting Permit User Sessions...
 LAPTOP-SCVRHSJC systemd[1]: Condition check resulted in Ubuntu Pro Background Auto Attach being skipped.
 LAPTOP-SCVRHSJC systemd[1]: Finished Permit User Sessions.
 LAPTOP-SCVRHSJC systemd[1]: Starting Hold until boot process finishes up...
 LAPTOP-SCVRHSJC systemd[1]: Starting Terminate Plymouth Boot Screen...
 LAPTOP-SCVRHSJC systemd[1]: Finished Hold until boot process finishes up.
 LAPTOP-SCVRHSJC systemd[1]: Started Console Getty.
 LAPTOP-SCVRHSJC systemd[1]: Starting Set console scheme...
 LAPTOP-SCVRHSJC systemd[1]: Finished Terminate Plymouth Boot Screen.
 LAPTOP-SCVRHSJC systemd[1]: Finished Set console scheme.
 LAPTOP-SCVRHSJC systemd[1]: Created slice Slice /system/getty.
 LAPTOP-SCVRHSJC systemd[1]: Started Getty on tty1.
 LAPTOP-SCVRHSJC systemd[1]: Reached target Login Prompts.
 LAPTOP-SCVRHSJC snapd[183]: daemon.go:340: adjusting startup timeout by 55s (pessimistic estimate of 30s plus 5s per snap)
 LAPTOP-SCVRHSJC systemd-logind[184]: New seat seat0.
 LAPTOP-SCVRHSJC systemd[1]: Started User Login Management.
 LAPTOP-SCVRHSJC systemd[1]: Started Unattended Upgrades Shutdown.
 LAPTOP-SCVRHSJC snapd[183]: backends.go:58: AppArmor status: apparmor not enabled
 LAPTOP-SCVRHSJC systemd[1]: Started Snap Daemon.
 LAPTOP-SCVRHSJC dbus-daemon[150]: [system] Activating via systemd: service name='org.freedesktop.timedate1' unit='dbus-org.freedesktop.timedate1.service' requested by ':1.3' (uid=0 pid=183 comm="/usr/lib/snapd/snapd ")
 LAPTOP-SCVRHSJC systemd[1]: Starting Time & Date Service...
 LAPTOP-SCVRHSJC networkd-dispatcher[176]: No valid path found for iwconfig
 LAPTOP-SCVRHSJC networkd-dispatcher[176]: No valid path found for iw
 LAPTOP-SCVRHSJC dbus-daemon[150]: [system] Activating via systemd: service name='org.freedesktop.network1' unit='dbus-org.freedesktop.network1.service' requested by ':1.4' (uid=0 pid=305 comm="/usr/bin/networkctl list --no-pager --no-legend ")
 LAPTOP-SCVRHSJC dbus-daemon[150]: [system] Activation via systemd failed for unit 'dbus-org.freedesktop.network1.service': Unit dbus-org.freedesktop.network1.service not found.
 LAPTOP-SCVRHSJC networkd-dispatcher[305]: WARNING: systemd-networkd is not running, output will be incomplete.
 LAPTOP-SCVRHSJC networkd-dispatcher[176]: ERROR:Unknown state for interface NetworkctlListState(idx=1, name='lo', type='loopback', operational='n/a', administrative='unmanaged'): n/a
 LAPTOP-SCVRHSJC networkd-dispatcher[176]: Traceback (most recent call last):
 LAPTOP-SCVRHSJC networkd-dispatcher[176]:   File "/usr/bin/networkd-dispatcher", line 298, in trigger_all
 LAPTOP-SCVRHSJC networkd-dispatcher[176]:     self.handle_state(iface_name,
 LAPTOP-SCVRHSJC networkd-dispatcher[176]:   File "/usr/bin/networkd-dispatcher", line 348, in handle_state
 LAPTOP-SCVRHSJC networkd-dispatcher[176]:     raise UnknownState(operational_state)
 LAPTOP-SCVRHSJC networkd-dispatcher[176]: UnknownState: n/a
 LAPTOP-SCVRHSJC networkd-dispatcher[176]: ERROR:Unknown state for interface NetworkctlListState(idx=2, name='eth0', type='ether', operational='n/a', administrative='unmanaged'): n/a
 LAPTOP-SCVRHSJC networkd-dispatcher[176]: Traceback (most recent call last):
 LAPTOP-SCVRHSJC networkd-dispatcher[176]:   File "/usr/bin/networkd-dispatcher", line 298, in trigger_all
 LAPTOP-SCVRHSJC networkd-dispatcher[176]:     self.handle_state(iface_name,
 LAPTOP-SCVRHSJC networkd-dispatcher[176]:   File "/usr/bin/networkd-dispatcher", line 348, in handle_state
 LAPTOP-SCVRHSJC networkd-dispatcher[176]:     raise UnknownState(operational_state)
 LAPTOP-SCVRHSJC networkd-dispatcher[176]: UnknownState: n/a
 LAPTOP-SCVRHSJC systemd[1]: Started Dispatcher daemon for systemd-networkd.
 LAPTOP-SCVRHSJC dbus-daemon[150]: [system] Successfully activated service 'org.freedesktop.timedate1'
 LAPTOP-SCVRHSJC systemd[1]: Started Time & Date Service.
 LAPTOP-SCVRHSJC systemd[1]: Finished Wait until snapd is fully seeded.
 LAPTOP-SCVRHSJC systemd[1]: Condition check resulted in Auto import assertions from block devices being skipped.
 LAPTOP-SCVRHSJC systemd[1]: Reached target Multi-User System.
 LAPTOP-SCVRHSJC systemd[1]: Reached target Graphical Interface.
 LAPTOP-SCVRHSJC systemd[1]: Starting Record Runlevel Change in UTMP...
 LAPTOP-SCVRHSJC systemd[1]: systemd-update-utmp-runlevel.service: Deactivated successfully.
 LAPTOP-SCVRHSJC systemd[1]: Finished Record Runlevel Change in UTMP.
 LAPTOP-SCVRHSJC systemd[1]: Startup finished in 1.369s.
 LAPTOP-SCVRHSJC unknown: WSL (2): Creating login session for root
 LAPTOP-SCVRHSJC systemd[1]: dmesg.service: Deactivated successfully.
 LAPTOP-SCVRHSJC login[350]: pam_unix(login:session): session opened for user root(uid=0) by (uid=0)
 LAPTOP-SCVRHSJC systemd[1]: Created slice User Slice of UID 0.
 LAPTOP-SCVRHSJC systemd[1]: Starting User Runtime Directory /run/user/0...
 LAPTOP-SCVRHSJC systemd-logind[184]: New session 1 of user root.
 LAPTOP-SCVRHSJC systemd[1]: Finished User Runtime Directory /run/user/0.
 LAPTOP-SCVRHSJC systemd[1]: Starting User Manager for UID 0...
 LAPTOP-SCVRHSJC systemd[392]: pam_unix(systemd-user:session): session opened for user root(uid=0) by (uid=0)
 LAPTOP-SCVRHSJC systemd[392]: Queued start job for default target Main User Target.
 LAPTOP-SCVRHSJC systemd[392]: Created slice User Application Slice.
 LAPTOP-SCVRHSJC systemd[392]: Reached target Paths.
 LAPTOP-SCVRHSJC systemd[392]: Reached target Timers.
 LAPTOP-SCVRHSJC systemd[392]: Listening on GnuPG network certificate management daemon.
 LAPTOP-SCVRHSJC systemd[392]: Listening on GnuPG cryptographic agent and passphrase cache (access for web browsers).
 LAPTOP-SCVRHSJC systemd[392]: Listening on GnuPG cryptographic agent and passphrase cache (restricted).
 LAPTOP-SCVRHSJC systemd[392]: Listening on GnuPG cryptographic agent (ssh-agent emulation).
 LAPTOP-SCVRHSJC systemd[392]: Listening on GnuPG cryptographic agent and passphrase cache.
 LAPTOP-SCVRHSJC systemd[392]: Listening on debconf communication socket.
 LAPTOP-SCVRHSJC systemd[392]: Listening on REST API socket for snapd user session agent.
 LAPTOP-SCVRHSJC systemd[392]: Reached target Sockets.
 LAPTOP-SCVRHSJC systemd[392]: Reached target Basic System.
 LAPTOP-SCVRHSJC systemd[392]: Reached target Main User Target.
 LAPTOP-SCVRHSJC systemd[392]: Startup finished in 131ms.
 LAPTOP-SCVRHSJC systemd[1]: Started User Manager for UID 0.
 LAPTOP-SCVRHSJC systemd[1]: Started Session 1 of User root.
 LAPTOP-SCVRHSJC login[398]: ROOT LOGIN  on '/dev/pts/1'
 LAPTOP-SCVRHSJC -m[304]: i18n file is /snap/ubuntu-desktop-installer/1286/bin/subiquity/subiquitycore/i18n.py
 LAPTOP-SCVRHSJC -m[304]: Final localedir is /snap/ubuntu-desktop-installer/share/locale
 LAPTOP-SCVRHSJC -m[304]: switch_language en_US
 LAPTOP-SCVRHSJC kernel: misc dxg: dxgk: dxgkio_query_adapter_info: Ioctl failed: -2
 LAPTOP-SCVRHSJC kernel: misc dxg: dxgk: dxgkio_query_adapter_info: Ioctl failed: -2
 LAPTOP-SCVRHSJC kernel: misc dxg: dxgk: dxgkio_query_adapter_info: Ioctl failed: -2
 LAPTOP-SCVRHSJC kernel: misc dxg: dxgk: dxgkio_query_adapter_info: Ioctl failed: -2
 LAPTOP-SCVRHSJC kernel: misc dxg: dxgk: dxgkio_query_adapter_info: Ioctl failed: -2
 LAPTOP-SCVRHSJC kernel: misc dxg: dxgk: dxgkio_query_adapter_info: Ioctl failed: -2
 LAPTOP-SCVRHSJC kernel: misc dxg: dxgk: dxgkio_query_adapter_info: Ioctl failed: -2
 LAPTOP-SCVRHSJC kernel: misc dxg: dxgk: dxgkio_query_adapter_info: Ioctl failed: -2
 LAPTOP-SCVRHSJC kernel: misc dxg: dxgk: dxgkio_query_adapter_info: Ioctl failed: -2
 LAPTOP-SCVRHSJC kernel: misc dxg: dxgk: dxgkio_query_adapter_info: Ioctl failed: -2
 LAPTOP-SCVRHSJC kernel: misc dxg: dxgk: dxgkio_query_adapter_info: Ioctl failed: -2
 LAPTOP-SCVRHSJC kernel: misc dxg: dxgk: dxgkio_query_adapter_info: Ioctl failed: -2
 LAPTOP-SCVRHSJC kernel: misc dxg: dxgk: dxgkio_query_adapter_info: Ioctl failed: -2
 LAPTOP-SCVRHSJC kernel: misc dxg: dxgk: dxgkio_query_adapter_info: Ioctl failed: -2
 LAPTOP-SCVRHSJC kernel: misc dxg: dxgk: dxgkio_query_adapter_info: Ioctl failed: -2
 LAPTOP-SCVRHSJC kernel: misc dxg: dxgk: dxgkio_query_adapter_info: Ioctl failed: -2
 LAPTOP-SCVRHSJC systemd[1]: systemd-timedated.service: Deactivated successfully.
 LAPTOP-SCVRHSJC kernel: hv_balloon: Max. dynamic memory size: 8106 MB
