-- Logs begin at Thu 2024-07-25 15:44:09 CST, end at Mon 2024-09-16 13:25:01 CST. --
 iZ2zecuo1y5at7rddis46xZ kernel: Linux version 5.4.0-182-generic (buildd@lcy02-amd64-069) (gcc version 9.4.0 (Ubuntu 9.4.0-1ubuntu1~20.04.2)) #202-Ubuntu SMP Fri Apr 26 12:29:36 UTC 2024 (Ubuntu 5.4.0-182.202-generic 5.4.269)
 iZ2zecuo1y5at7rddis46xZ kernel: Command line: BOOT_IMAGE=/boot/vmlinuz-5.4.0-182-generic root=UUID=a912cf13-257b-4e3f-9423-8524f50855ea ro vga=792 console=tty0 console=ttyS0,115200n8 net.ifnames=0 noibrs iommu=pt nvme_core.io_timeout=4294967295 nvme_core.admin_timeout=4294967295 quiet
 iZ2zecuo1y5at7rddis46xZ kernel: KERNEL supported cpus:
 iZ2zecuo1y5at7rddis46xZ kernel:   Intel GenuineIntel
 iZ2zecuo1y5at7rddis46xZ kernel:   AMD AuthenticAMD
 iZ2zecuo1y5at7rddis46xZ kernel:   Hygon HygonGenuine
 iZ2zecuo1y5at7rddis46xZ kernel:   Centaur CentaurHauls
 iZ2zecuo1y5at7rddis46xZ kernel:   zhaoxin   Shanghai  
 iZ2zecuo1y5at7rddis46xZ kernel: BIOS-provided physical RAM map:
 iZ2zecuo1y5at7rddis46xZ kernel: BIOS-e820: [mem 0x0000000000000000-0x000000000009fbff] usable
 iZ2zecuo1y5at7rddis46xZ kernel: BIOS-e820: [mem 0x000000000009fc00-0x000000000009ffff] reserved
 iZ2zecuo1y5at7rddis46xZ kernel: BIOS-e820: [mem 0x00000000000f0000-0x00000000000fffff] reserved
 iZ2zecuo1y5at7rddis46xZ kernel: BIOS-e820: [mem 0x0000000000100000-0x0000000013ffffff] usable
 iZ2zecuo1y5at7rddis46xZ kernel: BIOS-e820: [mem 0x0000000014000000-0x000000001511ffff] reserved
 iZ2zecuo1y5at7rddis46xZ kernel: BIOS-e820: [mem 0x0000000015120000-0x000000007bfcdfff] usable
 iZ2zecuo1y5at7rddis46xZ kernel: BIOS-e820: [mem 0x000000007bfce000-0x000000007fffffff] reserved
 iZ2zecuo1y5at7rddis46xZ kernel: BIOS-e820: [mem 0x00000000feffc000-0x00000000feffffff] reserved
 iZ2zecuo1y5at7rddis46xZ kernel: BIOS-e820: [mem 0x00000000fffc0000-0x00000000ffffffff] reserved
 iZ2zecuo1y5at7rddis46xZ kernel: NX (Execute Disable) protection: active
 iZ2zecuo1y5at7rddis46xZ kernel: SMBIOS 2.8 present.
 iZ2zecuo1y5at7rddis46xZ kernel: DMI: Alibaba Cloud Alibaba Cloud ECS, BIOS 449e491 04/01/2014
 iZ2zecuo1y5at7rddis46xZ kernel: Hypervisor detected: KVM
 iZ2zecuo1y5at7rddis46xZ kernel: kvm-clock: Using msrs 4b564d01 and 4b564d00
 iZ2zecuo1y5at7rddis46xZ kernel: kvm-clock: cpu 0, msr 21a01001, primary cpu clock
 iZ2zecuo1y5at7rddis46xZ kernel: kvm-clock: using sched offset of 3087485075 cycles
 iZ2zecuo1y5at7rddis46xZ kernel: clocksource: kvm-clock: mask: 0xffffffffffffffff max_cycles: 0x1cd42e4dffb, max_idle_ns: 881590591483 ns
 iZ2zecuo1y5at7rddis46xZ kernel: tsc: Detected 2500.002 MHz processor
 iZ2zecuo1y5at7rddis46xZ kernel: e820: update [mem 0x00000000-0x00000fff] usable ==> reserved
 iZ2zecuo1y5at7rddis46xZ kernel: e820: remove [mem 0x000a0000-0x000fffff] usable
 iZ2zecuo1y5at7rddis46xZ kernel: last_pfn = 0x7bfce max_arch_pfn = 0x400000000
 iZ2zecuo1y5at7rddis46xZ kernel: MTRR default type: write-back
 iZ2zecuo1y5at7rddis46xZ kernel: MTRR fixed ranges enabled:
 iZ2zecuo1y5at7rddis46xZ kernel:   00000-9FFFF write-back
 iZ2zecuo1y5at7rddis46xZ kernel:   A0000-BFFFF uncachable
 iZ2zecuo1y5at7rddis46xZ kernel:   C0000-FFFFF write-protect
 iZ2zecuo1y5at7rddis46xZ kernel: MTRR variable ranges enabled:
 iZ2zecuo1y5at7rddis46xZ kernel:   0 base 000080000000 mask 3FFF80000000 uncachable
 iZ2zecuo1y5at7rddis46xZ kernel:   1 disabled
 iZ2zecuo1y5at7rddis46xZ kernel:   2 disabled
 iZ2zecuo1y5at7rddis46xZ kernel:   3 disabled
 iZ2zecuo1y5at7rddis46xZ kernel:   4 disabled
 iZ2zecuo1y5at7rddis46xZ kernel:   5 disabled
 iZ2zecuo1y5at7rddis46xZ kernel:   6 disabled
 iZ2zecuo1y5at7rddis46xZ kernel:   7 disabled
 iZ2zecuo1y5at7rddis46xZ kernel: x86/PAT: Configuration [0-7]: WB  WC  UC- UC  WB  WP  UC- WT  
 iZ2zecuo1y5at7rddis46xZ kernel: found SMP MP-table at [mem 0x000f5a10-0x000f5a1f]
 iZ2zecuo1y5at7rddis46xZ kernel: check: Scanning 1 areas for low memory corruption
 iZ2zecuo1y5at7rddis46xZ kernel: Using GB pages for direct mapping
 iZ2zecuo1y5at7rddis46xZ kernel: RAMDISK: [mem 0x31541000-0x34a97fff]
 iZ2zecuo1y5at7rddis46xZ kernel: ACPI: Early table checksum verification disabled
 iZ2zecuo1y5at7rddis46xZ kernel: ACPI: RSDP 0x00000000000F5810 000014 (v00 BOCHS )
 iZ2zecuo1y5at7rddis46xZ kernel: ACPI: RSDT 0x000000007BFE1A20 000034 (v01 BOCHS  BXPCRSDT 00000001 BXPC 00000001)
 iZ2zecuo1y5at7rddis46xZ kernel: ACPI: FACP 0x000000007BFE0BFE 000074 (v01 BOCHS  BXPCFACP 00000001 BXPC 00000001)
 iZ2zecuo1y5at7rddis46xZ kernel: ACPI: DSDT 0x000000007BFE0040 000BBE (v01 BOCHS  BXPCDSDT 00000001 BXPC 00000001)
 iZ2zecuo1y5at7rddis46xZ kernel: ACPI: FACS 0x000000007BFE0000 000040
 iZ2zecuo1y5at7rddis46xZ kernel: ACPI: SSDT 0x000000007BFE0C72 000C66 (v01 BOCHS  BXPCSSDT 00000001 BXPC 00000001)
 iZ2zecuo1y5at7rddis46xZ kernel: ACPI: APIC 0x000000007BFE18D8 000080 (v01 BOCHS  BXPCAPIC 00000001 BXPC 00000001)
 iZ2zecuo1y5at7rddis46xZ kernel: ACPI: SRAT 0x000000007BFE1958 0000C8 (v01 BOCHS  BXPCSRAT 00000001 BXPC 00000001)
 iZ2zecuo1y5at7rddis46xZ kernel: ACPI: Reserving FACP table memory at [mem 0x7bfe0bfe-0x7bfe0c71]
 iZ2zecuo1y5at7rddis46xZ kernel: ACPI: Reserving DSDT table memory at [mem 0x7bfe0040-0x7bfe0bfd]
 iZ2zecuo1y5at7rddis46xZ kernel: ACPI: Reserving FACS table memory at [mem 0x7bfe0000-0x7bfe003f]
 iZ2zecuo1y5at7rddis46xZ kernel: ACPI: Reserving SSDT table memory at [mem 0x7bfe0c72-0x7bfe18d7]
 iZ2zecuo1y5at7rddis46xZ kernel: ACPI: Reserving APIC table memory at [mem 0x7bfe18d8-0x7bfe1957]
 iZ2zecuo1y5at7rddis46xZ kernel: ACPI: Reserving SRAT table memory at [mem 0x7bfe1958-0x7bfe1a1f]
 iZ2zecuo1y5at7rddis46xZ kernel: ACPI: Local APIC address 0xfee00000
 iZ2zecuo1y5at7rddis46xZ kernel: SRAT: PXM 0 -> APIC 0x00 -> Node 0
 iZ2zecuo1y5at7rddis46xZ kernel: SRAT: PXM 0 -> APIC 0x01 -> Node 0
 iZ2zecuo1y5at7rddis46xZ kernel: ACPI: SRAT: Node 0 PXM 0 [mem 0x00000000-0x0009ffff]
 iZ2zecuo1y5at7rddis46xZ kernel: ACPI: SRAT: Node 0 PXM 0 [mem 0x00100000-0x7fffffff]
 iZ2zecuo1y5at7rddis46xZ kernel: NUMA: Node 0 [mem 0x00000000-0x0009ffff] + [mem 0x00100000-0x7bfcdfff] -> [mem 0x00000000-0x7bfcdfff]
 iZ2zecuo1y5at7rddis46xZ kernel: NODE_DATA(0) allocated [mem 0x7bfa3000-0x7bfcdfff]
 iZ2zecuo1y5at7rddis46xZ kernel: Zone ranges:
 iZ2zecuo1y5at7rddis46xZ kernel:   DMA      [mem 0x0000000000001000-0x0000000000ffffff]
 iZ2zecuo1y5at7rddis46xZ kernel:   DMA32    [mem 0x0000000001000000-0x000000007bfcdfff]
 iZ2zecuo1y5at7rddis46xZ kernel:   Normal   empty
 iZ2zecuo1y5at7rddis46xZ kernel:   Device   empty
 iZ2zecuo1y5at7rddis46xZ kernel: Movable zone start for each node
 iZ2zecuo1y5at7rddis46xZ kernel: Early memory node ranges
 iZ2zecuo1y5at7rddis46xZ kernel:   node   0: [mem 0x0000000000001000-0x000000000009efff]
 iZ2zecuo1y5at7rddis46xZ kernel:   node   0: [mem 0x0000000000100000-0x0000000013ffffff]
 iZ2zecuo1y5at7rddis46xZ kernel:   node   0: [mem 0x0000000015120000-0x000000007bfcdfff]
 iZ2zecuo1y5at7rddis46xZ kernel: Zeroed struct page in unavailable ranges: 20916 pages
 iZ2zecuo1y5at7rddis46xZ kernel: Initmem setup node 0 [mem 0x0000000000001000-0x000000007bfcdfff]
 iZ2zecuo1y5at7rddis46xZ kernel: On node 0 totalpages: 503372
 iZ2zecuo1y5at7rddis46xZ kernel:   DMA zone: 64 pages used for memmap
 iZ2zecuo1y5at7rddis46xZ kernel:   DMA zone: 21 pages reserved
 iZ2zecuo1y5at7rddis46xZ kernel:   DMA zone: 3998 pages, LIFO batch:0
 iZ2zecuo1y5at7rddis46xZ kernel:   DMA32 zone: 7872 pages used for memmap
 iZ2zecuo1y5at7rddis46xZ kernel:   DMA32 zone: 499374 pages, LIFO batch:63
 iZ2zecuo1y5at7rddis46xZ kernel: ACPI: PM-Timer IO Port: 0x608
 iZ2zecuo1y5at7rddis46xZ kernel: ACPI: Local APIC address 0xfee00000
 iZ2zecuo1y5at7rddis46xZ kernel: ACPI: LAPIC_NMI (acpi_id[0xff] dfl dfl lint[0x1])
 iZ2zecuo1y5at7rddis46xZ kernel: IOAPIC[0]: apic_id 0, version 17, address 0xfec00000, GSI 0-23
 iZ2zecuo1y5at7rddis46xZ kernel: ACPI: INT_SRC_OVR (bus 0 bus_irq 0 global_irq 2 dfl dfl)
 iZ2zecuo1y5at7rddis46xZ kernel: ACPI: INT_SRC_OVR (bus 0 bus_irq 5 global_irq 5 high level)
 iZ2zecuo1y5at7rddis46xZ kernel: ACPI: INT_SRC_OVR (bus 0 bus_irq 9 global_irq 9 high level)
 iZ2zecuo1y5at7rddis46xZ kernel: ACPI: INT_SRC_OVR (bus 0 bus_irq 10 global_irq 10 high level)
 iZ2zecuo1y5at7rddis46xZ kernel: ACPI: INT_SRC_OVR (bus 0 bus_irq 11 global_irq 11 high level)
 iZ2zecuo1y5at7rddis46xZ kernel: ACPI: IRQ0 used by override.
 iZ2zecuo1y5at7rddis46xZ kernel: ACPI: IRQ5 used by override.
 iZ2zecuo1y5at7rddis46xZ kernel: ACPI: IRQ9 used by override.
 iZ2zecuo1y5at7rddis46xZ kernel: ACPI: IRQ10 used by override.
 iZ2zecuo1y5at7rddis46xZ kernel: ACPI: IRQ11 used by override.
 iZ2zecuo1y5at7rddis46xZ kernel: Using ACPI (MADT) for SMP configuration information
 iZ2zecuo1y5at7rddis46xZ kernel: TSC deadline timer available
 iZ2zecuo1y5at7rddis46xZ kernel: smpboot: Allowing 2 CPUs, 0 hotplug CPUs
 iZ2zecuo1y5at7rddis46xZ kernel: PM: Registered nosave memory: [mem 0x00000000-0x00000fff]
 iZ2zecuo1y5at7rddis46xZ kernel: PM: Registered nosave memory: [mem 0x0009f000-0x0009ffff]
 iZ2zecuo1y5at7rddis46xZ kernel: PM: Registered nosave memory: [mem 0x000a0000-0x000effff]
 iZ2zecuo1y5at7rddis46xZ kernel: PM: Registered nosave memory: [mem 0x000f0000-0x000fffff]
 iZ2zecuo1y5at7rddis46xZ kernel: PM: Registered nosave memory: [mem 0x14000000-0x1511ffff]
 iZ2zecuo1y5at7rddis46xZ kernel: [mem 0x80000000-0xfeffbfff] available for PCI devices
 iZ2zecuo1y5at7rddis46xZ kernel: Booting paravirtualized kernel on KVM
 iZ2zecuo1y5at7rddis46xZ kernel: clocksource: refined-jiffies: mask: 0xffffffff max_cycles: 0xffffffff, max_idle_ns: 7645519600211568 ns
 iZ2zecuo1y5at7rddis46xZ kernel: setup_percpu: NR_CPUS:8192 nr_cpumask_bits:2 nr_cpu_ids:2 nr_node_ids:1
 iZ2zecuo1y5at7rddis46xZ kernel: percpu: Embedded 60 pages/cpu s208896 r8192 d28672 u1048576
 iZ2zecuo1y5at7rddis46xZ kernel: pcpu-alloc: s208896 r8192 d28672 u1048576 alloc=1*2097152
 iZ2zecuo1y5at7rddis46xZ kernel: pcpu-alloc: [0] 0 1 
 iZ2zecuo1y5at7rddis46xZ kernel: setup async PF for cpu 0
 iZ2zecuo1y5at7rddis46xZ kernel: kvm-stealtime: cpu 0, msr 79a32040
 iZ2zecuo1y5at7rddis46xZ kernel: Built 1 zonelists, mobility grouping on.  Total pages: 495415
 iZ2zecuo1y5at7rddis46xZ kernel: Policy zone: DMA32
 iZ2zecuo1y5at7rddis46xZ kernel: Kernel command line: BOOT_IMAGE=/boot/vmlinuz-5.4.0-182-generic root=UUID=a912cf13-257b-4e3f-9423-8524f50855ea ro vga=792 console=tty0 console=ttyS0,115200n8 net.ifnames=0 noibrs iommu=pt nvme_core.io_timeout=4294967295 nvme_core.admin_timeout=4294967295 quiet
 iZ2zecuo1y5at7rddis46xZ kernel: Dentry cache hash table entries: 262144 (order: 9, 2097152 bytes, linear)
 iZ2zecuo1y5at7rddis46xZ kernel: Inode-cache hash table entries: 131072 (order: 8, 1048576 bytes, linear)
 iZ2zecuo1y5at7rddis46xZ kernel: mem auto-init: stack:off, heap alloc:on, heap free:off
 iZ2zecuo1y5at7rddis46xZ kernel: Calgary: detecting Calgary via BIOS EBDA area
 iZ2zecuo1y5at7rddis46xZ kernel: Calgary: Unable to locate Rio Grande table in EBDA - bailing!
 iZ2zecuo1y5at7rddis46xZ kernel: Memory: 1873016K/2013488K available (14339K kernel code, 2395K rwdata, 9296K rodata, 2768K init, 17228K bss, 140472K reserved, 0K cma-reserved)
 iZ2zecuo1y5at7rddis46xZ kernel: SLUB: HWalign=64, Order=0-3, MinObjects=0, CPUs=2, Nodes=1
 iZ2zecuo1y5at7rddis46xZ kernel: Kernel/User page tables isolation: enabled
 iZ2zecuo1y5at7rddis46xZ kernel: ftrace: allocating 44730 entries in 175 pages
 iZ2zecuo1y5at7rddis46xZ kernel: ftrace: allocated 175 pages with 6 groups
 iZ2zecuo1y5at7rddis46xZ kernel: rcu: Hierarchical RCU implementation.
 iZ2zecuo1y5at7rddis46xZ kernel: rcu:         RCU restricting CPUs from NR_CPUS=8192 to nr_cpu_ids=2.
 iZ2zecuo1y5at7rddis46xZ kernel:         Tasks RCU enabled.
 iZ2zecuo1y5at7rddis46xZ kernel: rcu: RCU calculated value of scheduler-enlistment delay is 25 jiffies.
 iZ2zecuo1y5at7rddis46xZ kernel: rcu: Adjusting geometry for rcu_fanout_leaf=16, nr_cpu_ids=2
 iZ2zecuo1y5at7rddis46xZ kernel: NR_IRQS: 524544, nr_irqs: 440, preallocated irqs: 16
 iZ2zecuo1y5at7rddis46xZ kernel: random: crng init done
 iZ2zecuo1y5at7rddis46xZ kernel: Console: colour dummy device 80x25
 iZ2zecuo1y5at7rddis46xZ kernel: printk: console [tty0] enabled
 iZ2zecuo1y5at7rddis46xZ kernel: printk: console [ttyS0] enabled
 iZ2zecuo1y5at7rddis46xZ kernel: ACPI: Core revision 20190816
 iZ2zecuo1y5at7rddis46xZ kernel: APIC: Switch to symmetric I/O mode setup
 iZ2zecuo1y5at7rddis46xZ kernel: x2apic enabled
 iZ2zecuo1y5at7rddis46xZ kernel: Switched APIC routing to physical x2apic.
 iZ2zecuo1y5at7rddis46xZ kernel: clocksource: tsc-early: mask: 0xffffffffffffffff max_cycles: 0x24093bd8b47, max_idle_ns: 440795323134 ns
 iZ2zecuo1y5at7rddis46xZ kernel: Calibrating delay loop (skipped) preset value.. 5000.00 BogoMIPS (lpj=10000008)
 iZ2zecuo1y5at7rddis46xZ kernel: Last level iTLB entries: 4KB 64, 2MB 8, 4MB 8
 iZ2zecuo1y5at7rddis46xZ kernel: Last level dTLB entries: 4KB 64, 2MB 0, 4MB 0, 1GB 4
 iZ2zecuo1y5at7rddis46xZ kernel: Spectre V1 : Mitigation: usercopy/swapgs barriers and __user pointer sanitization
 iZ2zecuo1y5at7rddis46xZ kernel: Spectre V2 : Mitigation: Retpolines
 iZ2zecuo1y5at7rddis46xZ kernel: Spectre V2 : Spectre v2 / SpectreRSB mitigation: Filling RSB on context switch
 iZ2zecuo1y5at7rddis46xZ kernel: Spectre V2 : Spectre v2 / SpectreRSB : Filling RSB on VMEXIT
 iZ2zecuo1y5at7rddis46xZ kernel: RETBleed: WARNING: Spectre v2 mitigation leaves CPU vulnerable to RETBleed attacks, data leaks possible!
 iZ2zecuo1y5at7rddis46xZ kernel: RETBleed: Vulnerable
 iZ2zecuo1y5at7rddis46xZ kernel: Speculative Store Bypass: Vulnerable
 iZ2zecuo1y5at7rddis46xZ kernel: MDS: Vulnerable: Clear CPU buffers attempted, no microcode
 iZ2zecuo1y5at7rddis46xZ kernel: TAA: Vulnerable: Clear CPU buffers attempted, no microcode
 iZ2zecuo1y5at7rddis46xZ kernel: MMIO Stale Data: Vulnerable: Clear CPU buffers attempted, no microcode
 iZ2zecuo1y5at7rddis46xZ kernel: GDS: Unknown: Dependent on hypervisor status
 iZ2zecuo1y5at7rddis46xZ kernel: x86/fpu: Supporting XSAVE feature 0x001: 'x87 floating point registers'
 iZ2zecuo1y5at7rddis46xZ kernel: x86/fpu: Supporting XSAVE feature 0x002: 'SSE registers'
 iZ2zecuo1y5at7rddis46xZ kernel: x86/fpu: Supporting XSAVE feature 0x004: 'AVX registers'
 iZ2zecuo1y5at7rddis46xZ kernel: x86/fpu: Supporting XSAVE feature 0x008: 'MPX bounds registers'
 iZ2zecuo1y5at7rddis46xZ kernel: x86/fpu: Supporting XSAVE feature 0x010: 'MPX CSR'
 iZ2zecuo1y5at7rddis46xZ kernel: x86/fpu: Supporting XSAVE feature 0x020: 'AVX-512 opmask'
 iZ2zecuo1y5at7rddis46xZ kernel: x86/fpu: Supporting XSAVE feature 0x040: 'AVX-512 Hi256'
 iZ2zecuo1y5at7rddis46xZ kernel: x86/fpu: Supporting XSAVE feature 0x080: 'AVX-512 ZMM_Hi256'
 iZ2zecuo1y5at7rddis46xZ kernel: x86/fpu: xstate_offset[2]:  576, xstate_sizes[2]:  256
 iZ2zecuo1y5at7rddis46xZ kernel: x86/fpu: xstate_offset[3]:  832, xstate_sizes[3]:   64
 iZ2zecuo1y5at7rddis46xZ kernel: x86/fpu: xstate_offset[4]:  896, xstate_sizes[4]:   64
 iZ2zecuo1y5at7rddis46xZ kernel: x86/fpu: xstate_offset[5]:  960, xstate_sizes[5]:   64
 iZ2zecuo1y5at7rddis46xZ kernel: x86/fpu: xstate_offset[6]: 1024, xstate_sizes[6]:  512
 iZ2zecuo1y5at7rddis46xZ kernel: x86/fpu: xstate_offset[7]: 1536, xstate_sizes[7]: 1024
 iZ2zecuo1y5at7rddis46xZ kernel: x86/fpu: Enabled xstate features 0xff, context size is 2560 bytes, using 'compacted' format.
 iZ2zecuo1y5at7rddis46xZ kernel: Freeing SMP alternatives memory: 40K
 iZ2zecuo1y5at7rddis46xZ kernel: pid_max: default: 32768 minimum: 301
 iZ2zecuo1y5at7rddis46xZ kernel: LSM: Security Framework initializing
 iZ2zecuo1y5at7rddis46xZ kernel: Yama: becoming mindful.
 iZ2zecuo1y5at7rddis46xZ kernel: AppArmor: AppArmor initialized
 iZ2zecuo1y5at7rddis46xZ kernel: Mount-cache hash table entries: 4096 (order: 3, 32768 bytes, linear)
 iZ2zecuo1y5at7rddis46xZ kernel: Mountpoint-cache hash table entries: 4096 (order: 3, 32768 bytes, linear)
 iZ2zecuo1y5at7rddis46xZ kernel: *** VALIDATE tmpfs ***
 iZ2zecuo1y5at7rddis46xZ kernel: *** VALIDATE proc ***
 iZ2zecuo1y5at7rddis46xZ kernel: *** VALIDATE cgroup1 ***
 iZ2zecuo1y5at7rddis46xZ kernel: *** VALIDATE cgroup2 ***
 iZ2zecuo1y5at7rddis46xZ kernel: smpboot: CPU0: Intel(R) Xeon(R) Platinum (family: 0x6, model: 0x55, stepping: 0x4)
 iZ2zecuo1y5at7rddis46xZ kernel: Performance Events: unsupported p6 CPU model 85 no PMU driver, software events only.
 iZ2zecuo1y5at7rddis46xZ kernel: rcu: Hierarchical SRCU implementation.
 iZ2zecuo1y5at7rddis46xZ kernel: NMI watchdog: Perf NMI watchdog permanently disabled
 iZ2zecuo1y5at7rddis46xZ kernel: smp: Bringing up secondary CPUs ...
 iZ2zecuo1y5at7rddis46xZ kernel: x86: Booting SMP configuration:
 iZ2zecuo1y5at7rddis46xZ kernel: .... node  #0, CPUs:      #1
 iZ2zecuo1y5at7rddis46xZ kernel: kvm-clock: cpu 1, msr 21a01041, secondary cpu clock
 iZ2zecuo1y5at7rddis46xZ kernel: setup async PF for cpu 1
 iZ2zecuo1y5at7rddis46xZ kernel: kvm-stealtime: cpu 1, msr 79b32040
 iZ2zecuo1y5at7rddis46xZ kernel: MDS CPU bug present and SMT on, data leak possible. See https://www.kernel.org/doc/html/latest/admin-guide/hw-vuln/mds.html for more details.
 iZ2zecuo1y5at7rddis46xZ kernel: TAA CPU bug present and SMT on, data leak possible. See https://www.kernel.org/doc/html/latest/admin-guide/hw-vuln/tsx_async_abort.html for more details.
 iZ2zecuo1y5at7rddis46xZ kernel: MMIO Stale Data CPU bug present and SMT on, data leak possible. See https://www.kernel.org/doc/html/latest/admin-guide/hw-vuln/processor_mmio_stale_data.html for more details.
 iZ2zecuo1y5at7rddis46xZ kernel: smp: Brought up 1 node, 2 CPUs
 iZ2zecuo1y5at7rddis46xZ kernel: smpboot: Max logical packages: 1
 iZ2zecuo1y5at7rddis46xZ kernel: smpboot: Total of 2 processors activated (10000.00 BogoMIPS)
 iZ2zecuo1y5at7rddis46xZ kernel: devtmpfs: initialized
 iZ2zecuo1y5at7rddis46xZ kernel: x86/mm: Memory block size: 128MB
 iZ2zecuo1y5at7rddis46xZ kernel: clocksource: jiffies: mask: 0xffffffff max_cycles: 0xffffffff, max_idle_ns: 7645041785100000 ns
 iZ2zecuo1y5at7rddis46xZ kernel: futex hash table entries: 512 (order: 3, 32768 bytes, linear)
 iZ2zecuo1y5at7rddis46xZ kernel: pinctrl core: initialized pinctrl subsystem
 iZ2zecuo1y5at7rddis46xZ kernel: PM: RTC time: 12:53:51, date: 2024-09-02
 iZ2zecuo1y5at7rddis46xZ kernel: NET: Registered protocol family 16
 iZ2zecuo1y5at7rddis46xZ kernel: audit: initializing netlink subsys (disabled)
 iZ2zecuo1y5at7rddis46xZ kernel: audit: type=2000 audit(1725281631.720:1): state=initialized audit_enabled=0 res=1
 iZ2zecuo1y5at7rddis46xZ kernel: EISA bus registered
 iZ2zecuo1y5at7rddis46xZ kernel: cpuidle: using governor ladder
 iZ2zecuo1y5at7rddis46xZ kernel: cpuidle: using governor menu
 iZ2zecuo1y5at7rddis46xZ kernel: ACPI: bus type PCI registered
 iZ2zecuo1y5at7rddis46xZ kernel: acpiphp: ACPI Hot Plug PCI Controller Driver version: 0.5
 iZ2zecuo1y5at7rddis46xZ kernel: PCI: Using configuration type 1 for base access
 iZ2zecuo1y5at7rddis46xZ kernel: HugeTLB registered 1.00 GiB page size, pre-allocated 0 pages
 iZ2zecuo1y5at7rddis46xZ kernel: HugeTLB registered 2.00 MiB page size, pre-allocated 0 pages
 iZ2zecuo1y5at7rddis46xZ kernel: fbcon: Taking over console
 iZ2zecuo1y5at7rddis46xZ kernel: ACPI: Added _OSI(Module Device)
 iZ2zecuo1y5at7rddis46xZ kernel: ACPI: Added _OSI(Processor Device)
 iZ2zecuo1y5at7rddis46xZ kernel: ACPI: Added _OSI(3.0 _SCP Extensions)
 iZ2zecuo1y5at7rddis46xZ kernel: ACPI: Added _OSI(Processor Aggregator Device)
 iZ2zecuo1y5at7rddis46xZ kernel: ACPI: Added _OSI(Linux-Dell-Video)
 iZ2zecuo1y5at7rddis46xZ kernel: ACPI: Added _OSI(Linux-Lenovo-NV-HDMI-Audio)
 iZ2zecuo1y5at7rddis46xZ kernel: ACPI: Added _OSI(Linux-HPI-Hybrid-Graphics)
 iZ2zecuo1y5at7rddis46xZ kernel: ACPI: 2 ACPI AML tables successfully acquired and loaded
 iZ2zecuo1y5at7rddis46xZ kernel: ACPI: Interpreter enabled
 iZ2zecuo1y5at7rddis46xZ kernel: ACPI: (supports S0 S5)
 iZ2zecuo1y5at7rddis46xZ kernel: ACPI: Using IOAPIC for interrupt routing
 iZ2zecuo1y5at7rddis46xZ kernel: PCI: Using host bridge windows from ACPI; if necessary, use "pci=nocrs" and report a bug
 iZ2zecuo1y5at7rddis46xZ kernel: ACPI: Enabled 16 GPEs in block 00 to 0F
 iZ2zecuo1y5at7rddis46xZ kernel: ACPI: PCI Root Bridge [PCI0] (domain 0000 [bus 00-ff])
 iZ2zecuo1y5at7rddis46xZ kernel: acpi PNP0A03:00: _OSC: OS supports [ASPM ClockPM Segments MSI HPX-Type3]
 iZ2zecuo1y5at7rddis46xZ kernel: acpi PNP0A03:00: fail to add MMCONFIG information, can't access extended PCI configuration space under this bridge.
 iZ2zecuo1y5at7rddis46xZ kernel: acpiphp: Slot [3] registered
 iZ2zecuo1y5at7rddis46xZ kernel: acpiphp: Slot [4] registered
 iZ2zecuo1y5at7rddis46xZ kernel: acpiphp: Slot [5] registered
 iZ2zecuo1y5at7rddis46xZ kernel: acpiphp: Slot [6] registered
 iZ2zecuo1y5at7rddis46xZ kernel: acpiphp: Slot [7] registered
 iZ2zecuo1y5at7rddis46xZ kernel: acpiphp: Slot [8] registered
 iZ2zecuo1y5at7rddis46xZ kernel: acpiphp: Slot [9] registered
 iZ2zecuo1y5at7rddis46xZ kernel: acpiphp: Slot [10] registered
 iZ2zecuo1y5at7rddis46xZ kernel: acpiphp: Slot [11] registered
 iZ2zecuo1y5at7rddis46xZ kernel: acpiphp: Slot [12] registered
 iZ2zecuo1y5at7rddis46xZ kernel: acpiphp: Slot [13] registered
 iZ2zecuo1y5at7rddis46xZ kernel: acpiphp: Slot [14] registered
 iZ2zecuo1y5at7rddis46xZ kernel: acpiphp: Slot [15] registered
 iZ2zecuo1y5at7rddis46xZ kernel: acpiphp: Slot [16] registered
 iZ2zecuo1y5at7rddis46xZ kernel: acpiphp: Slot [17] registered
 iZ2zecuo1y5at7rddis46xZ kernel: acpiphp: Slot [18] registered
 iZ2zecuo1y5at7rddis46xZ kernel: acpiphp: Slot [19] registered
 iZ2zecuo1y5at7rddis46xZ kernel: acpiphp: Slot [20] registered
 iZ2zecuo1y5at7rddis46xZ kernel: acpiphp: Slot [21] registered
 iZ2zecuo1y5at7rddis46xZ kernel: acpiphp: Slot [22] registered
 iZ2zecuo1y5at7rddis46xZ kernel: acpiphp: Slot [23] registered
 iZ2zecuo1y5at7rddis46xZ kernel: acpiphp: Slot [24] registered
 iZ2zecuo1y5at7rddis46xZ kernel: acpiphp: Slot [25] registered
 iZ2zecuo1y5at7rddis46xZ kernel: acpiphp: Slot [26] registered
 iZ2zecuo1y5at7rddis46xZ kernel: acpiphp: Slot [27] registered
 iZ2zecuo1y5at7rddis46xZ kernel: acpiphp: Slot [28] registered
 iZ2zecuo1y5at7rddis46xZ kernel: acpiphp: Slot [29] registered
 iZ2zecuo1y5at7rddis46xZ kernel: acpiphp: Slot [30] registered
 iZ2zecuo1y5at7rddis46xZ kernel: acpiphp: Slot [31] registered
 iZ2zecuo1y5at7rddis46xZ kernel: PCI host bridge to bus 0000:00
 iZ2zecuo1y5at7rddis46xZ kernel: pci_bus 0000:00: root bus resource [io  0x0000-0x0cf7 window]
 iZ2zecuo1y5at7rddis46xZ kernel: pci_bus 0000:00: root bus resource [io  0x0d00-0xadff window]
 iZ2zecuo1y5at7rddis46xZ kernel: pci_bus 0000:00: root bus resource [io  0xae0f-0xaeff window]
 iZ2zecuo1y5at7rddis46xZ kernel: pci_bus 0000:00: root bus resource [io  0xaf20-0xafdf window]
 iZ2zecuo1y5at7rddis46xZ kernel: pci_bus 0000:00: root bus resource [io  0xafe4-0xffff window]
 iZ2zecuo1y5at7rddis46xZ kernel: pci_bus 0000:00: root bus resource [mem 0x000a0000-0x000bffff window]
 iZ2zecuo1y5at7rddis46xZ kernel: pci_bus 0000:00: root bus resource [mem 0x80000000-0xfebfffff window]
 iZ2zecuo1y5at7rddis46xZ kernel: pci_bus 0000:00: root bus resource [bus 00-ff]
 iZ2zecuo1y5at7rddis46xZ kernel: pci 0000:00:00.0: [8086:1237] type 00 class 0x060000
 iZ2zecuo1y5at7rddis46xZ kernel: pci 0000:00:01.0: [8086:7000] type 00 class 0x060100
 iZ2zecuo1y5at7rddis46xZ kernel: pci 0000:00:01.1: [8086:7010] type 00 class 0x010180
 iZ2zecuo1y5at7rddis46xZ kernel: pci 0000:00:01.1: reg 0x20: [io  0xc060-0xc06f]
 iZ2zecuo1y5at7rddis46xZ kernel: pci 0000:00:01.1: legacy IDE quirk: reg 0x10: [io  0x01f0-0x01f7]
 iZ2zecuo1y5at7rddis46xZ kernel: pci 0000:00:01.1: legacy IDE quirk: reg 0x14: [io  0x03f6]
 iZ2zecuo1y5at7rddis46xZ kernel: pci 0000:00:01.1: legacy IDE quirk: reg 0x18: [io  0x0170-0x0177]
 iZ2zecuo1y5at7rddis46xZ kernel: pci 0000:00:01.1: legacy IDE quirk: reg 0x1c: [io  0x0376]
 iZ2zecuo1y5at7rddis46xZ kernel: pci 0000:00:01.2: [8086:7020] type 00 class 0x0c0300
 iZ2zecuo1y5at7rddis46xZ kernel: pci 0000:00:01.2: reg 0x20: [io  0xc000-0xc01f]
 iZ2zecuo1y5at7rddis46xZ kernel: pci 0000:00:01.3: [8086:7113] type 00 class 0x068000
 iZ2zecuo1y5at7rddis46xZ kernel: pci 0000:00:01.3: quirk: [io  0x0600-0x063f] claimed by PIIX4 ACPI
 iZ2zecuo1y5at7rddis46xZ kernel: pci 0000:00:01.3: quirk: [io  0x0700-0x070f] claimed by PIIX4 SMB
 iZ2zecuo1y5at7rddis46xZ kernel: pci 0000:00:02.0: [1013:00b8] type 00 class 0x030000
 iZ2zecuo1y5at7rddis46xZ kernel: pci 0000:00:02.0: reg 0x10: [mem 0xfc000000-0xfdffffff pref]
 iZ2zecuo1y5at7rddis46xZ kernel: pci 0000:00:02.0: reg 0x14: [mem 0xfebf0000-0xfebf0fff]
 iZ2zecuo1y5at7rddis46xZ kernel: pci 0000:00:02.0: reg 0x30: [mem 0xfebe0000-0xfebeffff pref]
 iZ2zecuo1y5at7rddis46xZ kernel: pci 0000:00:02.0: BAR 0: assigned to efifb
 iZ2zecuo1y5at7rddis46xZ kernel: pci 0000:00:03.0: [1af4:1003] type 00 class 0x078000
 iZ2zecuo1y5at7rddis46xZ kernel: pci 0000:00:03.0: reg 0x10: [io  0xc020-0xc03f]
 iZ2zecuo1y5at7rddis46xZ kernel: pci 0000:00:03.0: reg 0x14: [mem 0xfebf1000-0xfebf1fff]
 iZ2zecuo1y5at7rddis46xZ kernel: pci 0000:00:04.0: [1af4:1001] type 00 class 0x010000
 iZ2zecuo1y5at7rddis46xZ kernel: pci 0000:00:04.0: reg 0x10: [mem 0xfe000000-0xfe000fff 64bit pref]
 iZ2zecuo1y5at7rddis46xZ kernel: pci 0000:00:04.0: reg 0x18: [mem 0xfe001000-0xfe001fff 64bit pref]
 iZ2zecuo1y5at7rddis46xZ kernel: pci 0000:00:05.0: [1af4:1000] type 00 class 0x020000
 iZ2zecuo1y5at7rddis46xZ kernel: pci 0000:00:05.0: reg 0x10: [mem 0xfe002000-0xfe002fff 64bit pref]
 iZ2zecuo1y5at7rddis46xZ kernel: pci 0000:00:05.0: reg 0x18: [mem 0xfe003000-0xfe003fff 64bit pref]
 iZ2zecuo1y5at7rddis46xZ kernel: pci 0000:00:06.0: [1af4:1002] type 00 class 0x00ff00
 iZ2zecuo1y5at7rddis46xZ kernel: pci 0000:00:06.0: reg 0x10: [io  0xc040-0xc05f]
 iZ2zecuo1y5at7rddis46xZ kernel: ACPI: PCI Interrupt Link [LNKA] (IRQs 5 *10 11)
 iZ2zecuo1y5at7rddis46xZ kernel: ACPI: PCI Interrupt Link [LNKB] (IRQs 5 *10 11)
 iZ2zecuo1y5at7rddis46xZ kernel: ACPI: PCI Interrupt Link [LNKC] (IRQs 5 10 *11)
 iZ2zecuo1y5at7rddis46xZ kernel: ACPI: PCI Interrupt Link [LNKD] (IRQs 5 10 *11)
 iZ2zecuo1y5at7rddis46xZ kernel: ACPI: PCI Interrupt Link [LNKS] (IRQs *9)
 iZ2zecuo1y5at7rddis46xZ kernel: iommu: Default domain type: Passthrough (set via kernel command line)
 iZ2zecuo1y5at7rddis46xZ kernel: SCSI subsystem initialized
 iZ2zecuo1y5at7rddis46xZ kernel: libata version 3.00 loaded.
 iZ2zecuo1y5at7rddis46xZ kernel: pci 0000:00:02.0: vgaarb: setting as boot VGA device
 iZ2zecuo1y5at7rddis46xZ kernel: pci 0000:00:02.0: vgaarb: VGA device added: decodes=io+mem,owns=io+mem,locks=none
 iZ2zecuo1y5at7rddis46xZ kernel: pci 0000:00:02.0: vgaarb: bridge control possible
 iZ2zecuo1y5at7rddis46xZ kernel: vgaarb: loaded
 iZ2zecuo1y5at7rddis46xZ kernel: ACPI: bus type USB registered
 iZ2zecuo1y5at7rddis46xZ kernel: usbcore: registered new interface driver usbfs
 iZ2zecuo1y5at7rddis46xZ kernel: usbcore: registered new interface driver hub
 iZ2zecuo1y5at7rddis46xZ kernel: usbcore: registered new device driver usb
 iZ2zecuo1y5at7rddis46xZ kernel: pps_core: LinuxPPS API ver. 1 registered
 iZ2zecuo1y5at7rddis46xZ kernel: pps_core: Software ver. 5.3.6 - Copyright 2005-2007 Rodolfo Giometti <giometti@linux.it>
 iZ2zecuo1y5at7rddis46xZ kernel: PTP clock support registered
 iZ2zecuo1y5at7rddis46xZ kernel: EDAC MC: Ver: 3.0.0
 iZ2zecuo1y5at7rddis46xZ kernel: PCI: Using ACPI for IRQ routing
 iZ2zecuo1y5at7rddis46xZ kernel: PCI: pci_cache_line_size set to 64 bytes
 iZ2zecuo1y5at7rddis46xZ kernel: e820: reserve RAM buffer [mem 0x0009fc00-0x0009ffff]
 iZ2zecuo1y5at7rddis46xZ kernel: e820: reserve RAM buffer [mem 0x7bfce000-0x7bffffff]
 iZ2zecuo1y5at7rddis46xZ kernel: NetLabel: Initializing
 iZ2zecuo1y5at7rddis46xZ kernel: NetLabel:  domain hash size = 128
 iZ2zecuo1y5at7rddis46xZ kernel: NetLabel:  protocols = UNLABELED CIPSOv4 CALIPSO
 iZ2zecuo1y5at7rddis46xZ kernel: NetLabel:  unlabeled traffic allowed by default
 iZ2zecuo1y5at7rddis46xZ kernel: clocksource: Switched to clocksource kvm-clock
 iZ2zecuo1y5at7rddis46xZ kernel: *** VALIDATE bpf ***
 iZ2zecuo1y5at7rddis46xZ kernel: VFS: Disk quotas dquot_6.6.0
 iZ2zecuo1y5at7rddis46xZ kernel: VFS: Dquot-cache hash table entries: 512 (order 0, 4096 bytes)
 iZ2zecuo1y5at7rddis46xZ kernel: *** VALIDATE ramfs ***
 iZ2zecuo1y5at7rddis46xZ kernel: *** VALIDATE hugetlbfs ***
 iZ2zecuo1y5at7rddis46xZ kernel: AppArmor: AppArmor Filesystem Enabled
 iZ2zecuo1y5at7rddis46xZ kernel: pnp: PnP ACPI init
 iZ2zecuo1y5at7rddis46xZ kernel: pnp 00:00: Plug and Play ACPI device, IDs PNP0b00 (active)
 iZ2zecuo1y5at7rddis46xZ kernel: pnp 00:01: Plug and Play ACPI device, IDs PNP0303 (active)
 iZ2zecuo1y5at7rddis46xZ kernel: pnp 00:02: Plug and Play ACPI device, IDs PNP0f13 (active)
 iZ2zecuo1y5at7rddis46xZ kernel: pnp 00:03: [dma 2]
 iZ2zecuo1y5at7rddis46xZ kernel: pnp 00:03: Plug and Play ACPI device, IDs PNP0700 (active)
 iZ2zecuo1y5at7rddis46xZ kernel: pnp 00:04: Plug and Play ACPI device, IDs PNP0501 (active)
 iZ2zecuo1y5at7rddis46xZ kernel: pnp: PnP ACPI: found 5 devices
 iZ2zecuo1y5at7rddis46xZ kernel: thermal_sys: Registered thermal governor 'fair_share'
 iZ2zecuo1y5at7rddis46xZ kernel: thermal_sys: Registered thermal governor 'bang_bang'
 iZ2zecuo1y5at7rddis46xZ kernel: thermal_sys: Registered thermal governor 'step_wise'
 iZ2zecuo1y5at7rddis46xZ kernel: thermal_sys: Registered thermal governor 'user_space'
 iZ2zecuo1y5at7rddis46xZ kernel: thermal_sys: Registered thermal governor 'power_allocator'
 iZ2zecuo1y5at7rddis46xZ kernel: clocksource: acpi_pm: mask: 0xffffff max_cycles: 0xffffff, max_idle_ns: 2085701024 ns
 iZ2zecuo1y5at7rddis46xZ kernel: pci_bus 0000:00: resource 4 [io  0x0000-0x0cf7 window]
 iZ2zecuo1y5at7rddis46xZ kernel: pci_bus 0000:00: resource 5 [io  0x0d00-0xadff window]
 iZ2zecuo1y5at7rddis46xZ kernel: pci_bus 0000:00: resource 6 [io  0xae0f-0xaeff window]
 iZ2zecuo1y5at7rddis46xZ kernel: pci_bus 0000:00: resource 7 [io  0xaf20-0xafdf window]
 iZ2zecuo1y5at7rddis46xZ kernel: pci_bus 0000:00: resource 8 [io  0xafe4-0xffff window]
 iZ2zecuo1y5at7rddis46xZ kernel: pci_bus 0000:00: resource 9 [mem 0x000a0000-0x000bffff window]
 iZ2zecuo1y5at7rddis46xZ kernel: pci_bus 0000:00: resource 10 [mem 0x80000000-0xfebfffff window]
 iZ2zecuo1y5at7rddis46xZ kernel: NET: Registered protocol family 2
 iZ2zecuo1y5at7rddis46xZ kernel: IP idents hash table entries: 32768 (order: 6, 262144 bytes, linear)
 iZ2zecuo1y5at7rddis46xZ kernel: tcp_listen_portaddr_hash hash table entries: 1024 (order: 2, 16384 bytes, linear)
 iZ2zecuo1y5at7rddis46xZ kernel: TCP established hash table entries: 16384 (order: 5, 131072 bytes, linear)
 iZ2zecuo1y5at7rddis46xZ kernel: TCP bind hash table entries: 16384 (order: 6, 262144 bytes, linear)
 iZ2zecuo1y5at7rddis46xZ kernel: TCP: Hash tables configured (established 16384 bind 16384)
 iZ2zecuo1y5at7rddis46xZ kernel: UDP hash table entries: 1024 (order: 3, 32768 bytes, linear)
 iZ2zecuo1y5at7rddis46xZ kernel: UDP-Lite hash table entries: 1024 (order: 3, 32768 bytes, linear)
 iZ2zecuo1y5at7rddis46xZ kernel: NET: Registered protocol family 1
 iZ2zecuo1y5at7rddis46xZ kernel: NET: Registered protocol family 44
 iZ2zecuo1y5at7rddis46xZ kernel: pci 0000:00:01.0: PIIX3: Enabling Passive Release
 iZ2zecuo1y5at7rddis46xZ kernel: pci 0000:00:00.0: Limiting direct PCI/PCI transfers
 iZ2zecuo1y5at7rddis46xZ kernel: pci 0000:00:01.0: Activating ISA DMA hang workarounds
 iZ2zecuo1y5at7rddis46xZ kernel: PCI Interrupt Link [LNKD] enabled at IRQ 11
 iZ2zecuo1y5at7rddis46xZ kernel: pci 0000:00:01.2: quirk_usb_early_handoff+0x0/0x670 took 113742 usecs
 iZ2zecuo1y5at7rddis46xZ kernel: pci 0000:00:02.0: Video device with shadowed ROM at [mem 0x000c0000-0x000dffff]
 iZ2zecuo1y5at7rddis46xZ kernel: PCI: CLS 0 bytes, default 64
 iZ2zecuo1y5at7rddis46xZ kernel: Trying to unpack rootfs image as initramfs...
 iZ2zecuo1y5at7rddis46xZ kernel: Freeing initrd memory: 54620K
 iZ2zecuo1y5at7rddis46xZ kernel: clocksource: tsc: mask: 0xffffffffffffffff max_cycles: 0x24093bd8b47, max_idle_ns: 440795323134 ns
 iZ2zecuo1y5at7rddis46xZ kernel: clocksource: Switched to clocksource tsc
 iZ2zecuo1y5at7rddis46xZ kernel: check: Scanning for low memory corruption every 60 seconds
 iZ2zecuo1y5at7rddis46xZ kernel: Initialise system trusted keyrings
 iZ2zecuo1y5at7rddis46xZ kernel: Key type blacklist registered
 iZ2zecuo1y5at7rddis46xZ kernel: workingset: timestamp_bits=36 max_order=19 bucket_order=0
 iZ2zecuo1y5at7rddis46xZ kernel: zbud: loaded
 iZ2zecuo1y5at7rddis46xZ kernel: squashfs: version 4.0 (2009/01/31) Phillip Lougher
 iZ2zecuo1y5at7rddis46xZ kernel: fuse: init (API version 7.31)
 iZ2zecuo1y5at7rddis46xZ kernel: *** VALIDATE fuse ***
 iZ2zecuo1y5at7rddis46xZ kernel: *** VALIDATE fuse ***
 iZ2zecuo1y5at7rddis46xZ kernel: Platform Keyring initialized
 iZ2zecuo1y5at7rddis46xZ kernel: Key type asymmetric registered
 iZ2zecuo1y5at7rddis46xZ kernel: Asymmetric key parser 'x509' registered
 iZ2zecuo1y5at7rddis46xZ kernel: Block layer SCSI generic (bsg) driver version 0.4 loaded (major 244)
 iZ2zecuo1y5at7rddis46xZ kernel: io scheduler mq-deadline registered
 iZ2zecuo1y5at7rddis46xZ kernel: shpchp: Standard Hot Plug PCI Controller Driver version: 0.4
 iZ2zecuo1y5at7rddis46xZ kernel: efifb: probing for efifb
 iZ2zecuo1y5at7rddis46xZ kernel: efifb: No BGRT, not showing boot graphics
 iZ2zecuo1y5at7rddis46xZ kernel: efifb: framebuffer at 0xfc000000, using 2304k, total 2304k
 iZ2zecuo1y5at7rddis46xZ kernel: efifb: mode is 1024x768x24, linelength=3072, pages=1
 iZ2zecuo1y5at7rddis46xZ kernel: efifb: scrolling: redraw
 iZ2zecuo1y5at7rddis46xZ kernel: efifb: Truecolor: size=0:8:8:8, shift=0:16:8:0
 iZ2zecuo1y5at7rddis46xZ kernel: Console: switching to colour frame buffer device 128x48
 iZ2zecuo1y5at7rddis46xZ kernel: fb0: EFI VGA frame buffer device
 iZ2zecuo1y5at7rddis46xZ kernel: intel_idle: Please enable MWAIT in BIOS SETUP
 iZ2zecuo1y5at7rddis46xZ kernel: input: Power Button as /devices/LNXSYSTM:00/LNXPWRBN:00/input/input0
 iZ2zecuo1y5at7rddis46xZ kernel: ACPI: Power Button [PWRF]
 iZ2zecuo1y5at7rddis46xZ kernel: input: Sleep Button as /devices/LNXSYSTM:00/LNXSLPBN:00/input/input1
 iZ2zecuo1y5at7rddis46xZ kernel: ACPI: Sleep Button [SLPF]
 iZ2zecuo1y5at7rddis46xZ kernel: PCI Interrupt Link [LNKC] enabled at IRQ 10
 iZ2zecuo1y5at7rddis46xZ kernel: virtio-pci 0000:00:03.0: virtio_pci: leaving for legacy driver
 iZ2zecuo1y5at7rddis46xZ kernel: virtio-pci 0000:00:04.0: virtio_pci: leaving for legacy driver
 iZ2zecuo1y5at7rddis46xZ kernel: virtio-pci 0000:00:05.0: virtio_pci: leaving for legacy driver
 iZ2zecuo1y5at7rddis46xZ kernel: PCI Interrupt Link [LNKB] enabled at IRQ 10
 iZ2zecuo1y5at7rddis46xZ kernel: virtio-pci 0000:00:06.0: virtio_pci: leaving for legacy driver
 iZ2zecuo1y5at7rddis46xZ kernel: Serial: 8250/16550 driver, 32 ports, IRQ sharing enabled
 iZ2zecuo1y5at7rddis46xZ kernel: 00:04: ttyS0 at I/O 0x3f8 (irq = 4, base_baud = 115200) is a 16550A
 iZ2zecuo1y5at7rddis46xZ kernel: Linux agpgart interface v0.103
 iZ2zecuo1y5at7rddis46xZ kernel: loop: module loaded
 iZ2zecuo1y5at7rddis46xZ kernel: ata_piix 0000:00:01.1: version 2.13
 iZ2zecuo1y5at7rddis46xZ kernel: scsi host0: ata_piix
 iZ2zecuo1y5at7rddis46xZ kernel: scsi host1: ata_piix
 iZ2zecuo1y5at7rddis46xZ kernel: ata1: PATA max MWDMA2 cmd 0x1f0 ctl 0x3f6 bmdma 0xc060 irq 14
 iZ2zecuo1y5at7rddis46xZ kernel: ata2: PATA max MWDMA2 cmd 0x170 ctl 0x376 bmdma 0xc068 irq 15
 iZ2zecuo1y5at7rddis46xZ kernel: tun: Universal TUN/TAP device driver, 1.6
 iZ2zecuo1y5at7rddis46xZ kernel: PPP generic driver version 2.4.2
 iZ2zecuo1y5at7rddis46xZ kernel: VFIO - User Level meta-driver version: 0.3
 iZ2zecuo1y5at7rddis46xZ kernel: ehci_hcd: USB 2.0 'Enhanced' Host Controller (EHCI) Driver
 iZ2zecuo1y5at7rddis46xZ kernel: ehci-pci: EHCI PCI platform driver
 iZ2zecuo1y5at7rddis46xZ kernel: ehci-platform: EHCI generic platform driver
 iZ2zecuo1y5at7rddis46xZ kernel: ohci_hcd: USB 1.1 'Open' Host Controller (OHCI) Driver
 iZ2zecuo1y5at7rddis46xZ kernel: ohci-pci: OHCI PCI platform driver
 iZ2zecuo1y5at7rddis46xZ kernel: ohci-platform: OHCI generic platform driver
 iZ2zecuo1y5at7rddis46xZ kernel: uhci_hcd: USB Universal Host Controller Interface driver
 iZ2zecuo1y5at7rddis46xZ kernel: uhci_hcd 0000:00:01.2: UHCI Host Controller
 iZ2zecuo1y5at7rddis46xZ kernel: uhci_hcd 0000:00:01.2: new USB bus registered, assigned bus number 1
 iZ2zecuo1y5at7rddis46xZ kernel: uhci_hcd 0000:00:01.2: detected 2 ports
 iZ2zecuo1y5at7rddis46xZ kernel: uhci_hcd 0000:00:01.2: irq 11, io base 0x0000c000
 iZ2zecuo1y5at7rddis46xZ kernel: usb usb1: New USB device found, idVendor=1d6b, idProduct=0001, bcdDevice= 5.04
 iZ2zecuo1y5at7rddis46xZ kernel: usb usb1: New USB device strings: Mfr=3, Product=2, SerialNumber=1
 iZ2zecuo1y5at7rddis46xZ kernel: usb usb1: Product: UHCI Host Controller
 iZ2zecuo1y5at7rddis46xZ kernel: usb usb1: Manufacturer: Linux 5.4.0-182-generic uhci_hcd
 iZ2zecuo1y5at7rddis46xZ kernel: usb usb1: SerialNumber: 0000:00:01.2
 iZ2zecuo1y5at7rddis46xZ kernel: hub 1-0:1.0: USB hub found
 iZ2zecuo1y5at7rddis46xZ kernel: hub 1-0:1.0: 2 ports detected
 iZ2zecuo1y5at7rddis46xZ kernel: i8042: PNP: PS/2 Controller [PNP0303:KBD,PNP0f13:MOU] at 0x60,0x64 irq 1,12
 iZ2zecuo1y5at7rddis46xZ kernel: serio: i8042 KBD port at 0x60,0x64 irq 1
 iZ2zecuo1y5at7rddis46xZ kernel: serio: i8042 AUX port at 0x60,0x64 irq 12
 iZ2zecuo1y5at7rddis46xZ kernel: mousedev: PS/2 mouse device common for all mice
 iZ2zecuo1y5at7rddis46xZ kernel: input: AT Translated Set 2 keyboard as /devices/platform/i8042/serio0/input/input2
 iZ2zecuo1y5at7rddis46xZ kernel: rtc_cmos 00:00: RTC can wake from S4
 iZ2zecuo1y5at7rddis46xZ kernel: rtc_cmos 00:00: registered as rtc0
 iZ2zecuo1y5at7rddis46xZ kernel: rtc_cmos 00:00: alarms up to one day, 114 bytes nvram
 iZ2zecuo1y5at7rddis46xZ kernel: i2c /dev entries driver
 iZ2zecuo1y5at7rddis46xZ kernel: device-mapper: uevent: version 1.0.3
 iZ2zecuo1y5at7rddis46xZ kernel: device-mapper: ioctl: 4.41.0-ioctl (2019-09-16) initialised: dm-devel@redhat.com
 iZ2zecuo1y5at7rddis46xZ kernel: platform eisa.0: Probing EISA bus 0
 iZ2zecuo1y5at7rddis46xZ kernel: platform eisa.0: EISA: Cannot allocate resource for mainboard
 iZ2zecuo1y5at7rddis46xZ kernel: platform eisa.0: Cannot allocate resource for EISA slot 1
 iZ2zecuo1y5at7rddis46xZ kernel: platform eisa.0: Cannot allocate resource for EISA slot 2
 iZ2zecuo1y5at7rddis46xZ kernel: platform eisa.0: Cannot allocate resource for EISA slot 3
 iZ2zecuo1y5at7rddis46xZ kernel: platform eisa.0: Cannot allocate resource for EISA slot 4
 iZ2zecuo1y5at7rddis46xZ kernel: platform eisa.0: Cannot allocate resource for EISA slot 5
 iZ2zecuo1y5at7rddis46xZ kernel: platform eisa.0: Cannot allocate resource for EISA slot 6
 iZ2zecuo1y5at7rddis46xZ kernel: platform eisa.0: Cannot allocate resource for EISA slot 7
 iZ2zecuo1y5at7rddis46xZ kernel: platform eisa.0: Cannot allocate resource for EISA slot 8
 iZ2zecuo1y5at7rddis46xZ kernel: platform eisa.0: EISA: Detected 0 cards
 iZ2zecuo1y5at7rddis46xZ kernel: intel_pstate: CPU model not supported
 iZ2zecuo1y5at7rddis46xZ kernel: ledtrig-cpu: registered to indicate activity on CPUs
 iZ2zecuo1y5at7rddis46xZ kernel: drop_monitor: Initializing network drop monitor service
 iZ2zecuo1y5at7rddis46xZ kernel: NET: Registered protocol family 10
 iZ2zecuo1y5at7rddis46xZ kernel: Segment Routing with IPv6
 iZ2zecuo1y5at7rddis46xZ kernel: NET: Registered protocol family 17
 iZ2zecuo1y5at7rddis46xZ kernel: Key type dns_resolver registered
 iZ2zecuo1y5at7rddis46xZ kernel: RAS: Correctable Errors collector initialized.
 iZ2zecuo1y5at7rddis46xZ kernel: IPI shorthand broadcast: enabled
 iZ2zecuo1y5at7rddis46xZ kernel: sched_clock: Marking stable (812265091, 1163540)->(822417969, -8989338)
 iZ2zecuo1y5at7rddis46xZ kernel: registered taskstats version 1
 iZ2zecuo1y5at7rddis46xZ kernel: Loading compiled-in X.509 certificates
 iZ2zecuo1y5at7rddis46xZ kernel: Loaded X.509 cert 'Build time autogenerated kernel key: 1763469f3b0de8b7c32f9533e8c550b08f6f7757'
 iZ2zecuo1y5at7rddis46xZ kernel: Loaded X.509 cert 'Canonical Ltd. Live Patch Signing: 14df34d1a87cf37625abec039ef2bf521249b969'
 iZ2zecuo1y5at7rddis46xZ kernel: Loaded X.509 cert 'Canonical Ltd. Kernel Module Signing: 88f752e560a1e0737e31163a466ad7b70a850c19'
 iZ2zecuo1y5at7rddis46xZ kernel: blacklist: Loading compiled-in revocation X.509 certificates
 iZ2zecuo1y5at7rddis46xZ kernel: Loaded X.509 cert 'Canonical Ltd. Secure Boot Signing: 61482aa2830d0ab2ad5af10b7250da9033ddcef0'
 iZ2zecuo1y5at7rddis46xZ kernel: Loaded X.509 cert 'Canonical Ltd. Secure Boot Signing (2017): 242ade75ac4a15e50d50c84b0d45ff3eae707a03'
 iZ2zecuo1y5at7rddis46xZ kernel: Loaded X.509 cert 'Canonical Ltd. Secure Boot Signing (ESM 2018): 365188c1d374d6b07c3c8f240f8ef722433d6a8b'
 iZ2zecuo1y5at7rddis46xZ kernel: Loaded X.509 cert 'Canonical Ltd. Secure Boot Signing (2019): c0746fd6c5da3ae827864651ad66ae47fe24b3e8'
 iZ2zecuo1y5at7rddis46xZ kernel: Loaded X.509 cert 'Canonical Ltd. Secure Boot Signing (2021 v1): a8d54bbb3825cfb94fa13c9f8a594a195c107b8d'
 iZ2zecuo1y5at7rddis46xZ kernel: Loaded X.509 cert 'Canonical Ltd. Secure Boot Signing (2021 v2): 4cf046892d6fd3c9a5b03f98d845f90851dc6a8c'
 iZ2zecuo1y5at7rddis46xZ kernel: Loaded X.509 cert 'Canonical Ltd. Secure Boot Signing (2021 v3): 100437bb6de6e469b581e61cd66bce3ef4ed53af'
 iZ2zecuo1y5at7rddis46xZ kernel: Loaded X.509 cert 'Canonical Ltd. Secure Boot Signing (Ubuntu Core 2019): c1d57b8f6b743f23ee41f4f7ee292f06eecadfb9'
 iZ2zecuo1y5at7rddis46xZ kernel: zswap: loaded using pool lzo/zbud
 iZ2zecuo1y5at7rddis46xZ kernel: Key type ._fscrypt registered
 iZ2zecuo1y5at7rddis46xZ kernel: Key type .fscrypt registered
 iZ2zecuo1y5at7rddis46xZ kernel: Key type big_key registered
 iZ2zecuo1y5at7rddis46xZ kernel: Key type encrypted registered
 iZ2zecuo1y5at7rddis46xZ kernel: AppArmor: AppArmor sha1 policy hashing enabled
 iZ2zecuo1y5at7rddis46xZ kernel: ima: No TPM chip found, activating TPM-bypass!
 iZ2zecuo1y5at7rddis46xZ kernel: ima: Allocated hash algorithm: sha1
 iZ2zecuo1y5at7rddis46xZ kernel: ima: No architecture policies found
 iZ2zecuo1y5at7rddis46xZ kernel: evm: Initialising EVM extended attributes:
 iZ2zecuo1y5at7rddis46xZ kernel: evm: security.selinux
 iZ2zecuo1y5at7rddis46xZ kernel: evm: security.SMACK64
 iZ2zecuo1y5at7rddis46xZ kernel: evm: security.SMACK64EXEC
 iZ2zecuo1y5at7rddis46xZ kernel: evm: security.SMACK64TRANSMUTE
 iZ2zecuo1y5at7rddis46xZ kernel: evm: security.SMACK64MMAP
 iZ2zecuo1y5at7rddis46xZ kernel: evm: security.apparmor
 iZ2zecuo1y5at7rddis46xZ kernel: evm: security.ima
 iZ2zecuo1y5at7rddis46xZ kernel: evm: security.capability
 iZ2zecuo1y5at7rddis46xZ kernel: evm: HMAC attrs: 0x1
 iZ2zecuo1y5at7rddis46xZ kernel: PM:   Magic number: 8:778:884
 iZ2zecuo1y5at7rddis46xZ kernel: rtc_cmos 00:00: setting system clock to 2024-09-02T12:53:51 UTC (1725281631)
 iZ2zecuo1y5at7rddis46xZ kernel: Freeing unused decrypted memory: 2040K
 iZ2zecuo1y5at7rddis46xZ kernel: Freeing unused kernel image memory: 2768K
 iZ2zecuo1y5at7rddis46xZ kernel: Write protecting the kernel read-only data: 26624k
 iZ2zecuo1y5at7rddis46xZ kernel: Freeing unused kernel image memory: 2036K
 iZ2zecuo1y5at7rddis46xZ kernel: Freeing unused kernel image memory: 944K
 iZ2zecuo1y5at7rddis46xZ kernel: x86/mm: Checked W+X mappings: passed, no W+X pages found.
 iZ2zecuo1y5at7rddis46xZ kernel: x86/mm: Checking user space page tables
 iZ2zecuo1y5at7rddis46xZ kernel: x86/mm: Checked W+X mappings: passed, no W+X pages found.
 iZ2zecuo1y5at7rddis46xZ kernel: Run /init as init process
 iZ2zecuo1y5at7rddis46xZ kernel: usb 1-1: new full-speed USB device number 2 using uhci_hcd
 iZ2zecuo1y5at7rddis46xZ kernel: piix4_smbus 0000:00:01.3: SMBus Host Controller at 0x700, revision 0
 iZ2zecuo1y5at7rddis46xZ kernel: virtio_blk virtio1: [vda] 104857600 512-byte logical blocks (53.7 GB/50.0 GiB)
 iZ2zecuo1y5at7rddis46xZ kernel: input: VirtualPS/2 VMware VMMouse as /devices/platform/i8042/serio1/input/input5
 iZ2zecuo1y5at7rddis46xZ kernel: input: VirtualPS/2 VMware VMMouse as /devices/platform/i8042/serio1/input/input4
 iZ2zecuo1y5at7rddis46xZ kernel: FDC 0 is a S82078B
 iZ2zecuo1y5at7rddis46xZ kernel:  vda: vda1 vda2 vda3
 iZ2zecuo1y5at7rddis46xZ kernel: usb 1-1: New USB device found, idVendor=0627, idProduct=0001, bcdDevice= 0.00
 iZ2zecuo1y5at7rddis46xZ kernel: usb 1-1: New USB device strings: Mfr=1, Product=3, SerialNumber=5
 iZ2zecuo1y5at7rddis46xZ kernel: usb 1-1: Product: QEMU USB Tablet
 iZ2zecuo1y5at7rddis46xZ kernel: usb 1-1: Manufacturer: QEMU
 iZ2zecuo1y5at7rddis46xZ kernel: usb 1-1: SerialNumber: 42
 iZ2zecuo1y5at7rddis46xZ kernel: hidraw: raw HID events driver (C) Jiri Kosina
 iZ2zecuo1y5at7rddis46xZ kernel: usbcore: registered new interface driver usbhid
 iZ2zecuo1y5at7rddis46xZ kernel: usbhid: USB HID core driver
 iZ2zecuo1y5at7rddis46xZ kernel: input: QEMU QEMU USB Tablet as /devices/pci0000:00/0000:00:01.2/usb1/1-1/1-1:1.0/0003:0627:0001.0001/input/input6
 iZ2zecuo1y5at7rddis46xZ kernel: hid-generic 0003:0627:0001.0001: input,hidraw0: USB HID v0.01 Pointer [QEMU QEMU USB Tablet] on usb-0000:00:01.2-1/input0
 iZ2zecuo1y5at7rddis46xZ kernel: EXT4-fs (vda3): mounted filesystem with ordered data mode. Opts: (null)
 iZ2zecuo1y5at7rddis46xZ systemd[1]: Inserted module 'autofs4'
 iZ2zecuo1y5at7rddis46xZ systemd[1]: systemd 245.4-4ubuntu3.23 running in system mode. (+PAM +AUDIT +SELINUX +IMA +APPARMOR +SMACK +SYSVINIT +UTMP +LIBCRYPTSETUP +GCRYPT +GNUTLS +ACL +XZ +LZ4 +SECCOMP +BLKID +ELFUTILS +KMOD +IDN2 -IDN +PCRE2 default-hierarchy=hybrid)
 iZ2zecuo1y5at7rddis46xZ systemd[1]: Detected virtualization kvm.
 iZ2zecuo1y5at7rddis46xZ systemd[1]: Detected architecture x86-64.
 iZ2zecuo1y5at7rddis46xZ systemd[1]: Set hostname to <iZ2zecuo1y5at7rddis46xZ>.
 iZ2zecuo1y5at7rddis46xZ systemd[1]: Configuration file /run/systemd/system/netplan-ovs-cleanup.service is marked world-inaccessible. This has no effect as configuration data is accessible via APIs without restrictions. Proceeding anyway.
 iZ2zecuo1y5at7rddis46xZ systemd[1]: Created slice system-modprobe.slice.
 iZ2zecuo1y5at7rddis46xZ systemd[1]: Created slice system-serial\x2dgetty.slice.
 iZ2zecuo1y5at7rddis46xZ systemd[1]: Created slice system-systemd\x2dfsck.slice.
 iZ2zecuo1y5at7rddis46xZ systemd[1]: Created slice User and Session Slice.
 iZ2zecuo1y5at7rddis46xZ systemd[1]: Started Forward Password Requests to Wall Directory Watch.
 iZ2zecuo1y5at7rddis46xZ systemd[1]: Set up automount Arbitrary Executable File Formats File System Automount Point.
 iZ2zecuo1y5at7rddis46xZ systemd[1]: Reached target User and Group Name Lookups.
 iZ2zecuo1y5at7rddis46xZ systemd[1]: Reached target Remote File Systems.
 iZ2zecuo1y5at7rddis46xZ systemd[1]: Reached target Slices.
 iZ2zecuo1y5at7rddis46xZ systemd[1]: Reached target Swap.
 iZ2zecuo1y5at7rddis46xZ systemd[1]: Reached target System Time Set.
 iZ2zecuo1y5at7rddis46xZ systemd[1]: Listening on Syslog Socket.
 iZ2zecuo1y5at7rddis46xZ systemd[1]: Listening on fsck to fsckd communication Socket.
 iZ2zecuo1y5at7rddis46xZ systemd[1]: Listening on initctl Compatibility Named Pipe.
 iZ2zecuo1y5at7rddis46xZ systemd[1]: Listening on Journal Audit Socket.
 iZ2zecuo1y5at7rddis46xZ systemd[1]: Listening on Journal Socket (/dev/log).
 iZ2zecuo1y5at7rddis46xZ systemd[1]: Listening on Journal Socket.
 iZ2zecuo1y5at7rddis46xZ systemd[1]: Listening on Network Service Netlink Socket.
 iZ2zecuo1y5at7rddis46xZ systemd[1]: Listening on udev Control Socket.
 iZ2zecuo1y5at7rddis46xZ systemd[1]: Listening on udev Kernel Socket.
 iZ2zecuo1y5at7rddis46xZ systemd[1]: Mounting Huge Pages File System...
 iZ2zecuo1y5at7rddis46xZ systemd[1]: Mounting POSIX Message Queue File System...
 iZ2zecuo1y5at7rddis46xZ systemd[1]: Mounting Kernel Debug File System...
 iZ2zecuo1y5at7rddis46xZ systemd[1]: Mounting Kernel Trace File System...
 iZ2zecuo1y5at7rddis46xZ systemd[1]: Starting Journal Service...
 iZ2zecuo1y5at7rddis46xZ systemd[1]: Starting Set the console keyboard layout...
 iZ2zecuo1y5at7rddis46xZ systemd[1]: Starting Create list of static device nodes for the current kernel...
 iZ2zecuo1y5at7rddis46xZ systemd[1]: Starting Load Kernel Module chromeos_pstore...
 iZ2zecuo1y5at7rddis46xZ systemd[1]: Starting Load Kernel Module drm...
 iZ2zecuo1y5at7rddis46xZ systemd[1]: Starting Load Kernel Module efi_pstore...
 iZ2zecuo1y5at7rddis46xZ systemd[1]: Starting Load Kernel Module pstore_blk...
 iZ2zecuo1y5at7rddis46xZ systemd[1]: Starting Load Kernel Module pstore_zone...
 iZ2zecuo1y5at7rddis46xZ systemd[1]: Starting Load Kernel Module ramoops...
 iZ2zecuo1y5at7rddis46xZ systemd[1]: Condition check resulted in OpenVSwitch configuration for cleanup being skipped.
 iZ2zecuo1y5at7rddis46xZ systemd[1]: Started Nameserver information manager.
 iZ2zecuo1y5at7rddis46xZ systemd[1]: Condition check resulted in Set Up Additional Binary Formats being skipped.
 iZ2zecuo1y5at7rddis46xZ systemd[1]: Condition check resulted in File System Check on Root Device being skipped.
 iZ2zecuo1y5at7rddis46xZ systemd[1]: Starting Load Kernel Modules...
 iZ2zecuo1y5at7rddis46xZ systemd[1]: Starting Remount Root and Kernel File Systems...
 iZ2zecuo1y5at7rddis46xZ systemd[1]: Starting udev Coldplug all Devices...
 iZ2zecuo1y5at7rddis46xZ systemd[1]: Starting Uncomplicated firewall...
 iZ2zecuo1y5at7rddis46xZ systemd[1]: Mounted Huge Pages File System.
 iZ2zecuo1y5at7rddis46xZ systemd[1]: Mounted POSIX Message Queue File System.
 iZ2zecuo1y5at7rddis46xZ systemd[1]: Mounted Kernel Debug File System.
 iZ2zecuo1y5at7rddis46xZ systemd[1]: Mounted Kernel Trace File System.
 iZ2zecuo1y5at7rddis46xZ systemd[1]: Finished Create list of static device nodes for the current kernel.
 iZ2zecuo1y5at7rddis46xZ kernel: EXT4-fs (vda3): re-mounted. Opts: errors=remount-ro
 iZ2zecuo1y5at7rddis46xZ systemd[1]: modprobe@chromeos_pstore.service: Succeeded.
 iZ2zecuo1y5at7rddis46xZ systemd[1]: Finished Load Kernel Module chromeos_pstore.
 iZ2zecuo1y5at7rddis46xZ systemd-journald[232]: Journal started
 iZ2zecuo1y5at7rddis46xZ systemd-journald[232]: Runtime Journal (/run/log/journal/d5cdd40edf4c4c5e9ecb0a6f1f1390eb) is 2.3M, max 18.9M, 16.5M free.
 iZ2zecuo1y5at7rddis46xZ systemd[1]: Started Journal Service.
 iZ2zecuo1y5at7rddis46xZ systemd[1]: modprobe@drm.service: Succeeded.
 iZ2zecuo1y5at7rddis46xZ systemd[1]: Finished Load Kernel Module drm.
 iZ2zecuo1y5at7rddis46xZ systemd[1]: modprobe@efi_pstore.service: Succeeded.
 iZ2zecuo1y5at7rddis46xZ systemd[1]: Finished Load Kernel Module efi_pstore.
 iZ2zecuo1y5at7rddis46xZ systemd[1]: modprobe@pstore_blk.service: Succeeded.
 iZ2zecuo1y5at7rddis46xZ systemd[1]: Finished Load Kernel Module pstore_blk.
 iZ2zecuo1y5at7rddis46xZ systemd[1]: modprobe@pstore_zone.service: Succeeded.
 iZ2zecuo1y5at7rddis46xZ systemd[1]: Finished Load Kernel Module pstore_zone.
 iZ2zecuo1y5at7rddis46xZ systemd[1]: modprobe@ramoops.service: Succeeded.
 iZ2zecuo1y5at7rddis46xZ systemd[1]: Finished Load Kernel Module ramoops.
 iZ2zecuo1y5at7rddis46xZ systemd[1]: Finished Load Kernel Modules.
 iZ2zecuo1y5at7rddis46xZ systemd[1]: Finished Remount Root and Kernel File Systems.
 iZ2zecuo1y5at7rddis46xZ systemd[1]: Finished Uncomplicated firewall.
 iZ2zecuo1y5at7rddis46xZ systemd[1]: Mounting FUSE Control File System...
 iZ2zecuo1y5at7rddis46xZ systemd[1]: Mounting Kernel Configuration File System...
 iZ2zecuo1y5at7rddis46xZ systemd[1]: Starting Initial cloud-init job (pre-networking)...
 iZ2zecuo1y5at7rddis46xZ systemd[1]: Condition check resulted in Rebuild Hardware Database being skipped.
 iZ2zecuo1y5at7rddis46xZ systemd[1]: Starting Flush Journal to Persistent Storage...
 iZ2zecuo1y5at7rddis46xZ systemd[1]: Condition check resulted in Platform Persistent Storage Archival being skipped.
 iZ2zecuo1y5at7rddis46xZ systemd[1]: Starting Load/Save Random Seed...
 iZ2zecuo1y5at7rddis46xZ systemd-journald[232]: Time spent on flushing to /var/log/journal/d5cdd40edf4c4c5e9ecb0a6f1f1390eb is 186.491ms for 618 entries.
 iZ2zecuo1y5at7rddis46xZ systemd-journald[232]: System Journal (/var/log/journal/d5cdd40edf4c4c5e9ecb0a6f1f1390eb) is 168.0M, max 4.0G, 3.8G free.
 iZ2zecuo1y5at7rddis46xZ systemd[1]: Starting Apply Kernel Variables...
 iZ2zecuo1y5at7rddis46xZ systemd[1]: Starting Create System Users...
 iZ2zecuo1y5at7rddis46xZ systemd[1]: Mounted FUSE Control File System.
 iZ2zecuo1y5at7rddis46xZ systemd[1]: Mounted Kernel Configuration File System.
 iZ2zecuo1y5at7rddis46xZ systemd-sysctl[262]: Not setting net/ipv4/conf/all/promote_secondaries (explicit setting exists).
 iZ2zecuo1y5at7rddis46xZ systemd-sysctl[262]: Not setting net/ipv4/conf/default/promote_secondaries (explicit setting exists).
 iZ2zecuo1y5at7rddis46xZ systemd[1]: Finished Load/Save Random Seed.
 iZ2zecuo1y5at7rddis46xZ systemd[1]: Finished Create System Users.
 iZ2zecuo1y5at7rddis46xZ systemd[1]: Starting Create Static Device Nodes in /dev...
 iZ2zecuo1y5at7rddis46xZ systemd[1]: Finished Apply Kernel Variables.
 iZ2zecuo1y5at7rddis46xZ systemd[1]: Finished udev Coldplug all Devices.
 iZ2zecuo1y5at7rddis46xZ systemd[1]: Finished Create Static Device Nodes in /dev.
 iZ2zecuo1y5at7rddis46xZ systemd[1]: Starting udev Kernel Device Manager...
 iZ2zecuo1y5at7rddis46xZ systemd[1]: Finished Set the console keyboard layout.
 iZ2zecuo1y5at7rddis46xZ systemd[1]: Reached target Local File Systems (Pre).
 iZ2zecuo1y5at7rddis46xZ systemd-udevd[266]: Network interface NamePolicy= disabled on kernel command line, ignoring.
 iZ2zecuo1y5at7rddis46xZ systemd[1]: Started udev Kernel Device Manager.
 iZ2zecuo1y5at7rddis46xZ systemd[1]: Condition check resulted in Show Plymouth Boot Screen being skipped.
 iZ2zecuo1y5at7rddis46xZ systemd[1]: Started Dispatch Password Requests to Console Directory Watch.
 iZ2zecuo1y5at7rddis46xZ systemd[1]: Condition check resulted in Forward Password Requests to Plymouth Directory Watch being skipped.
 iZ2zecuo1y5at7rddis46xZ systemd[1]: Reached target Local Encrypted Volumes.
 iZ2zecuo1y5at7rddis46xZ systemd[1]: Finished Flush Journal to Persistent Storage.
 iZ2zecuo1y5at7rddis46xZ systemd-udevd[277]: Using default interface naming scheme 'v245'.
 iZ2zecuo1y5at7rddis46xZ kernel: cirrus 0000:00:02.0: remove_conflicting_pci_framebuffers: bar 0: 0xfc000000 -> 0xfdffffff
 iZ2zecuo1y5at7rddis46xZ kernel: cirrus 0000:00:02.0: remove_conflicting_pci_framebuffers: bar 1: 0xfebf0000 -> 0xfebf0fff
 iZ2zecuo1y5at7rddis46xZ kernel: checking generic (fc000000 240000) vs hw (fc000000 2000000)
 iZ2zecuo1y5at7rddis46xZ kernel: fb0: switching to cirrusdrmfb from EFI VGA
 iZ2zecuo1y5at7rddis46xZ kernel: Console: switching to colour dummy device 80x25
 iZ2zecuo1y5at7rddis46xZ kernel: cirrus 0000:00:02.0: vgaarb: deactivate vga console
 iZ2zecuo1y5at7rddis46xZ kernel: [drm] Initialized cirrus 2.0.0 2019 for 0000:00:02.0 on minor 0
 iZ2zecuo1y5at7rddis46xZ systemd-udevd[277]: ethtool: autonegotiation is unset or enabled, the speed and duplex are not writable.
 iZ2zecuo1y5at7rddis46xZ systemd-udevd[277]: Could not set WakeOnLan of eth0 to off: Operation not supported
 iZ2zecuo1y5at7rddis46xZ kernel: fbcon: cirrusdrmfb (fb0) is primary device
 iZ2zecuo1y5at7rddis46xZ systemd[1]: Found device /dev/disk/by-uuid/C085-56FE.
 iZ2zecuo1y5at7rddis46xZ systemd[1]: Starting File System Check on /dev/disk/by-uuid/C085-56FE...
 iZ2zecuo1y5at7rddis46xZ systemd[1]: Found device /dev/ttyS0.
 iZ2zecuo1y5at7rddis46xZ kernel: Console: switching to colour frame buffer device 128x48
 iZ2zecuo1y5at7rddis46xZ kernel: cirrus 0000:00:02.0: fb0: cirrusdrmfb frame buffer device
 iZ2zecuo1y5at7rddis46xZ systemd[1]: Started File System Check Daemon to report status.
 iZ2zecuo1y5at7rddis46xZ kernel: RAPL PMU: API unit is 2^-32 Joules, 0 fixed counters, 10737418240 ms ovfl timer
 iZ2zecuo1y5at7rddis46xZ kernel: cryptd: max_cpu_qlen set to 1000
 iZ2zecuo1y5at7rddis46xZ systemd-fsck[287]: fsck.fat 4.1 (2017-01-24)
 iZ2zecuo1y5at7rddis46xZ systemd-fsck[287]: /dev/vda2: 11 files, 12371/385118 clusters
 iZ2zecuo1y5at7rddis46xZ kernel: AVX2 version of gcm_enc/dec engaged.
 iZ2zecuo1y5at7rddis46xZ kernel: AES CTR mode by8 optimization enabled
 iZ2zecuo1y5at7rddis46xZ systemd[1]: Finished File System Check on /dev/disk/by-uuid/C085-56FE.
 iZ2zecuo1y5at7rddis46xZ systemd[1]: Mounting /boot/efi...
 iZ2zecuo1y5at7rddis46xZ systemd[1]: Listening on Load/Save RF Kill Switch Status /dev/rfkill Watch.
 iZ2zecuo1y5at7rddis46xZ systemd-udevd[275]: ethtool: autonegotiation is unset or enabled, the speed and duplex are not writable.
 iZ2zecuo1y5at7rddis46xZ systemd[1]: Mounted /boot/efi.
 iZ2zecuo1y5at7rddis46xZ systemd[1]: Reached target Local File Systems.
 iZ2zecuo1y5at7rddis46xZ systemd[1]: Starting Load AppArmor profiles...
 iZ2zecuo1y5at7rddis46xZ systemd[1]: Starting Set console font and keymap...
 iZ2zecuo1y5at7rddis46xZ systemd[1]: Starting Tell Plymouth To Write Out Runtime Data...
 iZ2zecuo1y5at7rddis46xZ systemd[1]: Starting QEMU KVM preparation - module, ksm, hugepages...
 iZ2zecuo1y5at7rddis46xZ systemd[1]: Condition check resulted in Store a System Token in an EFI Variable being skipped.
 iZ2zecuo1y5at7rddis46xZ systemd[1]: Condition check resulted in Commit a transient machine-id on disk being skipped.
 iZ2zecuo1y5at7rddis46xZ systemd[1]: Starting Create Volatile Files and Directories...
 iZ2zecuo1y5at7rddis46xZ systemd[1]: Finished Set console font and keymap.
 iZ2zecuo1y5at7rddis46xZ systemd[1]: plymouth-read-write.service: Succeeded.
 iZ2zecuo1y5at7rddis46xZ apparmor.systemd[302]: Restarting AppArmor
 iZ2zecuo1y5at7rddis46xZ apparmor.systemd[302]: Reloading AppArmor profiles
 iZ2zecuo1y5at7rddis46xZ systemd[1]: Finished Tell Plymouth To Write Out Runtime Data.
 iZ2zecuo1y5at7rddis46xZ systemd[1]: Finished QEMU KVM preparation - module, ksm, hugepages.
 iZ2zecuo1y5at7rddis46xZ systemd[1]: Finished Create Volatile Files and Directories.
 iZ2zecuo1y5at7rddis46xZ audit[324]: AVC apparmor="STATUS" operation="profile_load" profile="unconfined" name="nvidia_modprobe" pid=324 comm="apparmor_parser"
 iZ2zecuo1y5at7rddis46xZ audit[324]: AVC apparmor="STATUS" operation="profile_load" profile="unconfined" name="nvidia_modprobe//kmod" pid=324 comm="apparmor_parser"
 iZ2zecuo1y5at7rddis46xZ kernel: audit: type=1400 audit(1725281638.839:2): apparmor="STATUS" operation="profile_load" profile="unconfined" name="nvidia_modprobe" pid=324 comm="apparmor_parser"
 iZ2zecuo1y5at7rddis46xZ kernel: audit: type=1400 audit(1725281638.839:3): apparmor="STATUS" operation="profile_load" profile="unconfined" name="nvidia_modprobe//kmod" pid=324 comm="apparmor_parser"
 iZ2zecuo1y5at7rddis46xZ systemd[1]: Starting Update UTMP about System Boot/Shutdown...
 iZ2zecuo1y5at7rddis46xZ audit[325]: AVC apparmor="STATUS" operation="profile_load" profile="unconfined" name="/usr/sbin/chronyd" pid=325 comm="apparmor_parser"
 iZ2zecuo1y5at7rddis46xZ kernel: audit: type=1400 audit(1725281638.863:4): apparmor="STATUS" operation="profile_load" profile="unconfined" name="/usr/sbin/chronyd" pid=325 comm="apparmor_parser"
 iZ2zecuo1y5at7rddis46xZ systemd[1]: Finished Update UTMP about System Boot/Shutdown.
 iZ2zecuo1y5at7rddis46xZ audit[329]: AVC apparmor="STATUS" operation="profile_load" profile="unconfined" name="/usr/sbin/tcpdump" pid=329 comm="apparmor_parser"
 iZ2zecuo1y5at7rddis46xZ kernel: audit: type=1400 audit(1725281638.875:5): apparmor="STATUS" operation="profile_load" profile="unconfined" name="/usr/sbin/tcpdump" pid=329 comm="apparmor_parser"
 iZ2zecuo1y5at7rddis46xZ audit[330]: AVC apparmor="STATUS" operation="profile_load" profile="unconfined" name="/usr/lib/NetworkManager/nm-dhcp-client.action" pid=330 comm="apparmor_parser"
 iZ2zecuo1y5at7rddis46xZ kernel: audit: type=1400 audit(1725281638.899:6): apparmor="STATUS" operation="profile_load" profile="unconfined" name="/usr/lib/NetworkManager/nm-dhcp-client.action" pid=330 comm="apparmor_parser"
 iZ2zecuo1y5at7rddis46xZ kernel: audit: type=1400 audit(1725281638.899:7): apparmor="STATUS" operation="profile_load" profile="unconfined" name="/usr/lib/NetworkManager/nm-dhcp-helper" pid=330 comm="apparmor_parser"
 iZ2zecuo1y5at7rddis46xZ kernel: audit: type=1400 audit(1725281638.899:8): apparmor="STATUS" operation="profile_load" profile="unconfined" name="/usr/lib/connman/scripts/dhclient-script" pid=330 comm="apparmor_parser"
 iZ2zecuo1y5at7rddis46xZ kernel: audit: type=1400 audit(1725281638.899:9): apparmor="STATUS" operation="profile_load" profile="unconfined" name="/{,usr/}sbin/dhclient" pid=330 comm="apparmor_parser"
 iZ2zecuo1y5at7rddis46xZ audit[330]: AVC apparmor="STATUS" operation="profile_load" profile="unconfined" name="/usr/lib/NetworkManager/nm-dhcp-helper" pid=330 comm="apparmor_parser"
 iZ2zecuo1y5at7rddis46xZ audit[330]: AVC apparmor="STATUS" operation="profile_load" profile="unconfined" name="/usr/lib/connman/scripts/dhclient-script" pid=330 comm="apparmor_parser"
 iZ2zecuo1y5at7rddis46xZ audit[330]: AVC apparmor="STATUS" operation="profile_load" profile="unconfined" name="/{,usr/}sbin/dhclient" pid=330 comm="apparmor_parser"
 iZ2zecuo1y5at7rddis46xZ audit[328]: AVC apparmor="STATUS" operation="profile_load" profile="unconfined" name="ubuntu_pro_esm_cache" pid=328 comm="apparmor_parser"
 iZ2zecuo1y5at7rddis46xZ kernel: audit: type=1400 audit(1725281638.907:10): apparmor="STATUS" operation="profile_load" profile="unconfined" name="ubuntu_pro_esm_cache" pid=328 comm="apparmor_parser"
 iZ2zecuo1y5at7rddis46xZ kernel: audit: type=1400 audit(1725281638.907:11): apparmor="STATUS" operation="profile_load" profile="unconfined" name="ubuntu_pro_esm_cache//apt_methods" pid=328 comm="apparmor_parser"
 iZ2zecuo1y5at7rddis46xZ audit[328]: AVC apparmor="STATUS" operation="profile_load" profile="unconfined" name="ubuntu_pro_esm_cache//apt_methods" pid=328 comm="apparmor_parser"
 iZ2zecuo1y5at7rddis46xZ audit[328]: AVC apparmor="STATUS" operation="profile_load" profile="unconfined" name="ubuntu_pro_esm_cache//apt_methods_gpgv" pid=328 comm="apparmor_parser"
 iZ2zecuo1y5at7rddis46xZ audit[328]: AVC apparmor="STATUS" operation="profile_load" profile="unconfined" name="ubuntu_pro_esm_cache//cloud_id" pid=328 comm="apparmor_parser"
 iZ2zecuo1y5at7rddis46xZ audit[328]: AVC apparmor="STATUS" operation="profile_load" profile="unconfined" name="ubuntu_pro_esm_cache//dpkg" pid=328 comm="apparmor_parser"
 iZ2zecuo1y5at7rddis46xZ audit[328]: AVC apparmor="STATUS" operation="profile_load" profile="unconfined" name="ubuntu_pro_esm_cache//ps" pid=328 comm="apparmor_parser"
 iZ2zecuo1y5at7rddis46xZ audit[328]: AVC apparmor="STATUS" operation="profile_load" profile="unconfined" name="ubuntu_pro_esm_cache//ubuntu_distro_info" pid=328 comm="apparmor_parser"
 iZ2zecuo1y5at7rddis46xZ audit[328]: AVC apparmor="STATUS" operation="profile_load" profile="unconfined" name="ubuntu_pro_esm_cache_systemctl" pid=328 comm="apparmor_parser"
 iZ2zecuo1y5at7rddis46xZ audit[328]: AVC apparmor="STATUS" operation="profile_load" profile="unconfined" name="ubuntu_pro_esm_cache_systemd_detect_virt" pid=328 comm="apparmor_parser"
 iZ2zecuo1y5at7rddis46xZ apparmor.systemd[333]: Skipping profile in /etc/apparmor.d/disable: usr.sbin.rsyslogd
 iZ2zecuo1y5at7rddis46xZ audit[331]: AVC apparmor="STATUS" operation="profile_load" profile="unconfined" name="/usr/bin/man" pid=331 comm="apparmor_parser"
 iZ2zecuo1y5at7rddis46xZ audit[331]: AVC apparmor="STATUS" operation="profile_load" profile="unconfined" name="man_filter" pid=331 comm="apparmor_parser"
 iZ2zecuo1y5at7rddis46xZ audit[331]: AVC apparmor="STATUS" operation="profile_load" profile="unconfined" name="man_groff" pid=331 comm="apparmor_parser"
 iZ2zecuo1y5at7rddis46xZ audit[334]: AVC apparmor="STATUS" operation="profile_load" profile="unconfined" name="ubuntu_pro_apt_news" pid=334 comm="apparmor_parser"
 iZ2zecuo1y5at7rddis46xZ audit[335]: AVC apparmor="STATUS" operation="profile_load" profile="unconfined" name="lsb_release" pid=335 comm="apparmor_parser"
 iZ2zecuo1y5at7rddis46xZ systemd[1]: Finished Load AppArmor profiles.
 iZ2zecuo1y5at7rddis46xZ dhclient[386]: Internet Systems Consortium DHCP Client 4.4.1
 iZ2zecuo1y5at7rddis46xZ dhclient[386]: Copyright 2004-2018 Internet Systems Consortium.
 iZ2zecuo1y5at7rddis46xZ dhclient[386]: All rights reserved.
 iZ2zecuo1y5at7rddis46xZ dhclient[386]: For info, please visit https://www.isc.org/software/dhcp/
 iZ2zecuo1y5at7rddis46xZ dhclient[386]: 
 iZ2zecuo1y5at7rddis46xZ dhclient[399]: execve (/bin/true, ...): Permission denied
 iZ2zecuo1y5at7rddis46xZ audit[399]: AVC apparmor="DENIED" operation="exec" profile="/{,usr/}sbin/dhclient" name="/usr/bin/true" pid=399 comm="dhclient" requested_mask="x" denied_mask="x" fsuid=0 ouid=0
 iZ2zecuo1y5at7rddis46xZ dhclient[386]: Listening on LPF/eth0/00:16:3e:08:cf:b9
 iZ2zecuo1y5at7rddis46xZ dhclient[386]: Sending on   LPF/eth0/00:16:3e:08:cf:b9
 iZ2zecuo1y5at7rddis46xZ dhclient[386]: Sending on   Socket/fallback
 iZ2zecuo1y5at7rddis46xZ dhclient[386]: DHCPDISCOVER on eth0 to 255.255.255.255 port 67 interval 3 (xid=0x3ab2050f)
 iZ2zecuo1y5at7rddis46xZ dhclient[386]: DHCPOFFER of 172.24.51.15 from 172.24.63.253
 iZ2zecuo1y5at7rddis46xZ dhclient[386]: DHCPREQUEST for 172.24.51.15 on eth0 to 255.255.255.255 port 67 (xid=0xf05b23a)
 iZ2zecuo1y5at7rddis46xZ dhclient[386]: DHCPACK of 172.24.51.15 from 172.24.63.253 (xid=0x3ab2050f)
 iZ2zecuo1y5at7rddis46xZ audit[400]: AVC apparmor="DENIED" operation="exec" profile="/{,usr/}sbin/dhclient" name="/usr/bin/true" pid=400 comm="isc-worker0000" requested_mask="x" denied_mask="x" fsuid=0 ouid=0
 iZ2zecuo1y5at7rddis46xZ dhclient[400]: execve (/bin/true, ...): Permission denied
 iZ2zecuo1y5at7rddis46xZ dhclient[386]: bound to 172.24.51.15 -- renewal in 123955194 seconds.
 iZ2zecuo1y5at7rddis46xZ dhclient[414]: Internet Systems Consortium DHCP Client 4.4.1
 iZ2zecuo1y5at7rddis46xZ dhclient[414]: Copyright 2004-2018 Internet Systems Consortium.
 iZ2zecuo1y5at7rddis46xZ dhclient[414]: All rights reserved.
 iZ2zecuo1y5at7rddis46xZ dhclient[414]: For info, please visit https://www.isc.org/software/dhcp/
 iZ2zecuo1y5at7rddis46xZ dhclient[414]: 
 iZ2zecuo1y5at7rddis46xZ audit[418]: AVC apparmor="DENIED" operation="exec" profile="/{,usr/}sbin/dhclient" name="/usr/bin/true" pid=418 comm="dhclient" requested_mask="x" denied_mask="x" fsuid=0 ouid=0
 iZ2zecuo1y5at7rddis46xZ dhclient[418]: execve (/bin/true, ...): Permission denied
 iZ2zecuo1y5at7rddis46xZ dhclient[414]: Listening on LPF/eth0/00:16:3e:08:cf:b9
 iZ2zecuo1y5at7rddis46xZ dhclient[414]: Sending on   LPF/eth0/00:16:3e:08:cf:b9
 iZ2zecuo1y5at7rddis46xZ dhclient[414]: Sending on   Socket/fallback
 iZ2zecuo1y5at7rddis46xZ dhclient[414]: DHCPDISCOVER on eth0 to 255.255.255.255 port 67 interval 3 (xid=0x1c4b840a)
 iZ2zecuo1y5at7rddis46xZ dhclient[414]: DHCPOFFER of 172.24.51.15 from 172.24.63.253
 iZ2zecuo1y5at7rddis46xZ dhclient[414]: DHCPREQUEST for 172.24.51.15 on eth0 to 255.255.255.255 port 67 (xid=0xa844b1c)
 iZ2zecuo1y5at7rddis46xZ dhclient[414]: DHCPACK of 172.24.51.15 from 172.24.63.253 (xid=0x1c4b840a)
 iZ2zecuo1y5at7rddis46xZ audit[419]: AVC apparmor="DENIED" operation="exec" profile="/{,usr/}sbin/dhclient" name="/usr/bin/true" pid=419 comm="isc-worker0000" requested_mask="x" denied_mask="x" fsuid=0 ouid=0
 iZ2zecuo1y5at7rddis46xZ dhclient[419]: execve (/bin/true, ...): Permission denied
 iZ2zecuo1y5at7rddis46xZ dhclient[414]: bound to 172.24.51.15 -- renewal in 134346461 seconds.
 iZ2zecuo1y5at7rddis46xZ cloud-init[376]: Cloud-init v. 23.2.2-5 running 'init-local' at Mon, 02 Sep 2024 12:53:59 +0000. Up 8.70 seconds.
 iZ2zecuo1y5at7rddis46xZ systemd[1]: Finished Initial cloud-init job (pre-networking).
 iZ2zecuo1y5at7rddis46xZ systemd[1]: Reached target Network (Pre).
 iZ2zecuo1y5at7rddis46xZ systemd[1]: Starting Network Service...
 iZ2zecuo1y5at7rddis46xZ systemd-networkd[435]: Enumeration completed
 iZ2zecuo1y5at7rddis46xZ systemd-networkd[435]: eth0: Link UP
 iZ2zecuo1y5at7rddis46xZ systemd-networkd[435]: eth0: Gained carrier
 iZ2zecuo1y5at7rddis46xZ systemd[1]: Started Network Service.
 iZ2zecuo1y5at7rddis46xZ systemd-networkd[435]: eth0: Gained IPv6LL
 iZ2zecuo1y5at7rddis46xZ systemd[1]: Starting Wait for Network to be Configured...
 iZ2zecuo1y5at7rddis46xZ systemd-networkd[435]: eth0: Link DOWN
 iZ2zecuo1y5at7rddis46xZ systemd-networkd[435]: eth0: Lost carrier
 iZ2zecuo1y5at7rddis46xZ systemd-networkd[435]: eth0: Link UP
 iZ2zecuo1y5at7rddis46xZ systemd-networkd[435]: eth0: Gained carrier
 iZ2zecuo1y5at7rddis46xZ systemd[1]: Starting Network Name Resolution...
 iZ2zecuo1y5at7rddis46xZ systemd-networkd[435]: eth0: Gained IPv6LL
 iZ2zecuo1y5at7rddis46xZ systemd-networkd[435]: eth0: Link DOWN
 iZ2zecuo1y5at7rddis46xZ systemd-networkd[435]: eth0: Lost carrier
 iZ2zecuo1y5at7rddis46xZ systemd-networkd[435]: eth0: IPv6 successfully enabled
 iZ2zecuo1y5at7rddis46xZ systemd-networkd[435]: eth0: Link UP
 iZ2zecuo1y5at7rddis46xZ systemd-networkd[435]: eth0: Gained carrier
 iZ2zecuo1y5at7rddis46xZ systemd-networkd[435]: eth0: DHCPv4 address 172.24.51.15/18 via 172.24.63.253
 iZ2zecuo1y5at7rddis46xZ systemd-resolved[447]: Positive Trust Anchors:
 iZ2zecuo1y5at7rddis46xZ systemd-resolved[447]: . IN DS 20326 8 2 e06d44b80b8f1d39a95c0b0d7c65d08458e880409bbc683457104237c7f8ec8d
 iZ2zecuo1y5at7rddis46xZ systemd-resolved[447]: Negative trust anchors: 10.in-addr.arpa 16.172.in-addr.arpa 17.172.in-addr.arpa 18.172.in-addr.arpa 19.172.in-addr.arpa 20.172.in-addr.arpa 21.172.in-addr.arpa 22.172.in-addr.arpa 23.172.in-addr.arpa 24.172.in-addr.arpa 25.172.in-addr.arpa 26.172.in-addr.arpa 27.172.in-addr.arpa 28.172.in-addr.arpa 29.172.in-addr.arpa 30.172.in-addr.arpa 31.172.in-addr.arpa 168.192.in-addr.arpa d.f.ip6.arpa corp home internal intranet lan local private test
 iZ2zecuo1y5at7rddis46xZ systemd-resolved[447]: Using system hostname 'iZ2zecuo1y5at7rddis46xZ'.
 iZ2zecuo1y5at7rddis46xZ systemd[1]: Started Network Name Resolution.
 iZ2zecuo1y5at7rddis46xZ systemd[1]: Reached target Network.
 iZ2zecuo1y5at7rddis46xZ systemd[1]: Reached target Host and Network Name Lookups.
 iZ2zecuo1y5at7rddis46xZ systemd-networkd[435]: eth0: Gained IPv6LL
 iZ2zecuo1y5at7rddis46xZ systemd-networkd-wait-online[446]: managing: eth0
 iZ2zecuo1y5at7rddis46xZ systemd[1]: Finished Wait for Network to be Configured.
 iZ2zecuo1y5at7rddis46xZ systemd[1]: Starting Initial cloud-init job (metadata service crawler)...
 iZ2zecuo1y5at7rddis46xZ cloud-init[457]: Cloud-init v. 23.2.2-5 running 'init' at Mon, 02 Sep 2024 12:54:09 +0000. Up 19.28 seconds.
 iZ2zecuo1y5at7rddis46xZ cloud-init[457]: ci-info: ++++++++++++++++++++++++++++++++++++++Net device info+++++++++++++++++++++++++++++++++++++++
 iZ2zecuo1y5at7rddis46xZ cloud-init[457]: ci-info: +--------+------+-----------------------------+---------------+--------+-------------------+
 iZ2zecuo1y5at7rddis46xZ cloud-init[457]: ci-info: | Device |  Up  |           Address           |      Mask     | Scope  |     Hw-Address    |
 iZ2zecuo1y5at7rddis46xZ cloud-init[457]: ci-info: +--------+------+-----------------------------+---------------+--------+-------------------+
 iZ2zecuo1y5at7rddis46xZ cloud-init[457]: ci-info: |  eth0  | True |         172.24.51.15        | 255.255.192.0 | global | 00:16:3e:08:cf:b9 |
 iZ2zecuo1y5at7rddis46xZ cloud-init[457]: ci-info: |  eth0  | True | fe80::216:3eff:fe08:cfb9/64 |       .       |  link  | 00:16:3e:08:cf:b9 |
 iZ2zecuo1y5at7rddis46xZ cloud-init[457]: ci-info: |   lo   | True |          127.0.0.1          |   255.0.0.0   |  host  |         .         |
 iZ2zecuo1y5at7rddis46xZ cloud-init[457]: ci-info: |   lo   | True |           ::1/128           |       .       |  host  |         .         |
 iZ2zecuo1y5at7rddis46xZ cloud-init[457]: ci-info: +--------+------+-----------------------------+---------------+--------+-------------------+
 iZ2zecuo1y5at7rddis46xZ cloud-init[457]: ci-info: ++++++++++++++++++++++++++++++++Route IPv4 info++++++++++++++++++++++++++++++++
 iZ2zecuo1y5at7rddis46xZ cloud-init[457]: ci-info: +-------+---------------+---------------+-----------------+-----------+-------+
 iZ2zecuo1y5at7rddis46xZ cloud-init[457]: ci-info: | Route |  Destination  |    Gateway    |     Genmask     | Interface | Flags |
 iZ2zecuo1y5at7rddis46xZ cloud-init[457]: ci-info: +-------+---------------+---------------+-----------------+-----------+-------+
 iZ2zecuo1y5at7rddis46xZ cloud-init[457]: ci-info: |   0   |    0.0.0.0    | 172.24.63.253 |     0.0.0.0     |    eth0   |   UG  |
 iZ2zecuo1y5at7rddis46xZ cloud-init[457]: ci-info: |   1   |   172.24.0.0  |    0.0.0.0    |  255.255.192.0  |    eth0   |   U   |
 iZ2zecuo1y5at7rddis46xZ cloud-init[457]: ci-info: |   2   | 172.24.63.253 |    0.0.0.0    | 255.255.255.255 |    eth0   |   UH  |
 iZ2zecuo1y5at7rddis46xZ cloud-init[457]: ci-info: +-------+---------------+---------------+-----------------+-----------+-------+
 iZ2zecuo1y5at7rddis46xZ cloud-init[457]: ci-info: +++++++++++++++++++Route IPv6 info+++++++++++++++++++
 iZ2zecuo1y5at7rddis46xZ cloud-init[457]: ci-info: +-------+-------------+---------+-----------+-------+
 iZ2zecuo1y5at7rddis46xZ cloud-init[457]: ci-info: | Route | Destination | Gateway | Interface | Flags |
 iZ2zecuo1y5at7rddis46xZ cloud-init[457]: ci-info: +-------+-------------+---------+-----------+-------+
 iZ2zecuo1y5at7rddis46xZ cloud-init[457]: ci-info: |   1   |  fe80::/64  |    ::   |    eth0   |   U   |
 iZ2zecuo1y5at7rddis46xZ cloud-init[457]: ci-info: |   3   |    local    |    ::   |    eth0   |   U   |
 iZ2zecuo1y5at7rddis46xZ cloud-init[457]: ci-info: |   4   |  multicast  |    ::   |    eth0   |   U   |
 iZ2zecuo1y5at7rddis46xZ cloud-init[457]: ci-info: +-------+-------------+---------+-----------+-------+
 iZ2zecuo1y5at7rddis46xZ systemd[1]: Finished Initial cloud-init job (metadata service crawler).
 iZ2zecuo1y5at7rddis46xZ systemd[1]: Reached target Cloud-config availability.
 iZ2zecuo1y5at7rddis46xZ systemd[1]: Reached target Network is Online.
 iZ2zecuo1y5at7rddis46xZ systemd[1]: Reached target System Initialization.
 iZ2zecuo1y5at7rddis46xZ systemd[1]: Started resolvconf-pull-resolved.path.
 iZ2zecuo1y5at7rddis46xZ systemd[1]: Started Daily Cleanup of Temporary Directories.
 iZ2zecuo1y5at7rddis46xZ systemd[1]: Condition check resulted in Ubuntu Pro Timer for running repeated jobs being skipped.
 iZ2zecuo1y5at7rddis46xZ systemd[1]: Reached target Paths.
 iZ2zecuo1y5at7rddis46xZ systemd[1]: Listening on cloud-init hotplug hook socket.
 iZ2zecuo1y5at7rddis46xZ systemd[1]: Listening on D-Bus System Message Bus Socket.
 iZ2zecuo1y5at7rddis46xZ systemd[1]: Listening on UUID daemon activation socket.
 iZ2zecuo1y5at7rddis46xZ systemd[1]: Reached target Sockets.
 iZ2zecuo1y5at7rddis46xZ systemd[1]: Reached target Basic System.
 iZ2zecuo1y5at7rddis46xZ systemd[1]: Started AssistDaemon.
 iZ2zecuo1y5at7rddis46xZ systemd[1]: Starting Accounts Service...
 iZ2zecuo1y5at7rddis46xZ systemd[1]: Starting Aegis Service...
 iZ2zecuo1y5at7rddis46xZ systemd[1]: Started Aliyun Assist.
 iZ2zecuo1y5at7rddis46xZ systemd[1]: Starting Deferred execution scheduler...
 iZ2zecuo1y5at7rddis46xZ systemd[1]: Starting chrony, an NTP client/server...
 iZ2zecuo1y5at7rddis46xZ systemd[1]: Starting Apply the settings specified in cloud-config...
 iZ2zecuo1y5at7rddis46xZ systemd[1]: Started Regular background program processing daemon.
 iZ2zecuo1y5at7rddis46xZ systemd[1]: Started D-Bus System Message Bus.
 iZ2zecuo1y5at7rddis46xZ cron[478]: (CRON) INFO (pidfile fd = 3)
 iZ2zecuo1y5at7rddis46xZ cron[478]: (CRON) INFO (Running @reboot jobs)
 iZ2zecuo1y5at7rddis46xZ systemd[1]: Started Save initial kernel messages after boot.
 iZ2zecuo1y5at7rddis46xZ systemd[1]: Starting Remove Stale Online ext4 Metadata Check Snapshots...
 iZ2zecuo1y5at7rddis46xZ systemd[1]: Starting ECS enable networking multiqueue...
 iZ2zecuo1y5at7rddis46xZ systemd[1]: Condition check resulted in getty on tty2-tty6 if dbus and logind are not available being skipped.
 iZ2zecuo1y5at7rddis46xZ systemd[1]: Starting Record successful boot for GRUB...
 iZ2zecuo1y5at7rddis46xZ dbus-daemon[479]: [system] AppArmor D-Bus mediation is enabled
 iZ2zecuo1y5at7rddis46xZ chronyd[494]: chronyd version 3.5 starting (+CMDMON +NTP +REFCLOCK +RTC +PRIVDROP +SCFILTER +SIGND +ASYNCDNS +SECHASH +IPV6 -DEBUG)
 iZ2zecuo1y5at7rddis46xZ chronyd[494]: Frequency -40.672 +/- 0.005 ppm read from /var/lib/chrony/drift
 iZ2zecuo1y5at7rddis46xZ chronyd[494]: Loaded seccomp filter
 iZ2zecuo1y5at7rddis46xZ systemd[1]: Starting Dispatcher daemon for systemd-networkd...
 iZ2zecuo1y5at7rddis46xZ systemd[1]: Starting resolvconf-pull-resolved.service...
 iZ2zecuo1y5at7rddis46xZ systemd[1]: Condition check resulted in fast remote file copy program daemon being skipped.
 iZ2zecuo1y5at7rddis46xZ systemd[1]: Starting System Logging Service...
 iZ2zecuo1y5at7rddis46xZ systemd[1]: Condition check resulted in Secure Boot updates for DB and DBX being skipped.
 iZ2zecuo1y5at7rddis46xZ systemd[1]: Starting OpenBSD Secure Shell server...
 iZ2zecuo1y5at7rddis46xZ systemd[1]: Starting Resets System Activity Data Collector...
 iZ2zecuo1y5at7rddis46xZ systemd[1]: Starting Login Service...
 iZ2zecuo1y5at7rddis46xZ systemd[1]: Starting Permit User Sessions...
 iZ2zecuo1y5at7rddis46xZ systemd[1]: Condition check resulted in Ubuntu Pro reboot cmds being skipped.
 iZ2zecuo1y5at7rddis46xZ systemd[1]: Condition check resulted in Ubuntu Pro Background Auto Attach being skipped.
 iZ2zecuo1y5at7rddis46xZ systemd[1]: Started Aegis Service.
 iZ2zecuo1y5at7rddis46xZ systemd[1]: Started Deferred execution scheduler.
 iZ2zecuo1y5at7rddis46xZ systemd[1]: Finished Resets System Activity Data Collector.
 iZ2zecuo1y5at7rddis46xZ systemd[1]: Finished Permit User Sessions.
 iZ2zecuo1y5at7rddis46xZ systemd[1]: Started chrony, an NTP client/server.
 iZ2zecuo1y5at7rddis46xZ sshd[548]: Server listening on 0.0.0.0 port 22.
 iZ2zecuo1y5at7rddis46xZ systemd[1]: Started OpenBSD Secure Shell server.
 iZ2zecuo1y5at7rddis46xZ systemd[1]: grub-common.service: Succeeded.
 iZ2zecuo1y5at7rddis46xZ systemd[1]: Finished Record successful boot for GRUB.
 iZ2zecuo1y5at7rddis46xZ systemd[1]: e2scrub_reap.service: Succeeded.
 iZ2zecuo1y5at7rddis46xZ systemd[1]: Finished Remove Stale Online ext4 Metadata Check Snapshots.
 iZ2zecuo1y5at7rddis46xZ dbus-daemon[479]: [system] Activating systemd to hand-off: service name='org.freedesktop.PolicyKit1' unit='polkit.service' requested by ':1.2' (uid=0 pid=465 comm="/usr/lib/accountsservice/accounts-daemon " label="unconfined")
 iZ2zecuo1y5at7rddis46xZ dbus-daemon[479]: [system] Successfully activated service 'org.freedesktop.systemd1'
 iZ2zecuo1y5at7rddis46xZ rsyslogd[508]: imuxsock: Acquired UNIX socket '/run/systemd/journal/syslog' (fd 3) from systemd.  [v8.2001.0]
 iZ2zecuo1y5at7rddis46xZ rsyslogd[508]: rsyslogd's groupid changed to 110
 iZ2zecuo1y5at7rddis46xZ rsyslogd[508]: rsyslogd's userid changed to 104
 iZ2zecuo1y5at7rddis46xZ rsyslogd[508]: [origin software="rsyslogd" swVersion="8.2001.0" x-pid="508" x-info="https://www.rsyslog.com"] start
 iZ2zecuo1y5at7rddis46xZ systemd[1]: Started System Logging Service.
 iZ2zecuo1y5at7rddis46xZ systemd[1]: Reached target System Time Synchronized.
 iZ2zecuo1y5at7rddis46xZ systemd[1]: Started Daily apt download activities.
 iZ2zecuo1y5at7rddis46xZ systemd[1]: Started Daily apt upgrade and clean activities.
 iZ2zecuo1y5at7rddis46xZ systemd[1]: Started Periodic ext4 Online Metadata Check for All Filesystems.
 iZ2zecuo1y5at7rddis46xZ systemd[1]: Started Discard unused blocks once a week.
 iZ2zecuo1y5at7rddis46xZ systemd[1]: Started Daily rotation of log files.
 iZ2zecuo1y5at7rddis46xZ systemd[1]: Started Daily man-db regeneration.
 iZ2zecuo1y5at7rddis46xZ systemd[1]: Started Message of the Day.
 iZ2zecuo1y5at7rddis46xZ systemd[1]: Reached target Timers.
 iZ2zecuo1y5at7rddis46xZ systemd[1]: Starting GRUB failed boot detection...
 iZ2zecuo1y5at7rddis46xZ systemd[1]: Starting Hold until boot process finishes up...
 iZ2zecuo1y5at7rddis46xZ systemd[1]: Starting Terminate Plymouth Boot Screen...
 iZ2zecuo1y5at7rddis46xZ systemd[1]: Starting Authorization Manager...
 iZ2zecuo1y5at7rddis46xZ systemd-logind[529]: New seat seat0.
 iZ2zecuo1y5at7rddis46xZ systemd[1]: plymouth-quit-wait.service: Succeeded.
 iZ2zecuo1y5at7rddis46xZ systemd-logind[529]: Watching system buttons on /dev/input/event0 (Power Button)
 iZ2zecuo1y5at7rddis46xZ systemd-logind[529]: Watching system buttons on /dev/input/event1 (Sleep Button)
 iZ2zecuo1y5at7rddis46xZ systemd-logind[529]: Watching system buttons on /dev/input/event2 (AT Translated Set 2 keyboard)
 iZ2zecuo1y5at7rddis46xZ systemd[1]: Finished Hold until boot process finishes up.
 iZ2zecuo1y5at7rddis46xZ systemd[1]: plymouth-quit.service: Succeeded.
 iZ2zecuo1y5at7rddis46xZ systemd[1]: Finished Terminate Plymouth Boot Screen.
 iZ2zecuo1y5at7rddis46xZ systemd[1]: grub-initrd-fallback.service: Succeeded.
 iZ2zecuo1y5at7rddis46xZ systemd[1]: Finished GRUB failed boot detection.
 iZ2zecuo1y5at7rddis46xZ systemd[1]: Started Login Service.
 iZ2zecuo1y5at7rddis46xZ systemd[1]: Started Serial Getty on ttyS0.
 iZ2zecuo1y5at7rddis46xZ polkitd[591]: started daemon version 0.105 using authority implementation `local' version `0.105'
 iZ2zecuo1y5at7rddis46xZ dbus-daemon[479]: [system] Successfully activated service 'org.freedesktop.PolicyKit1'
 iZ2zecuo1y5at7rddis46xZ systemd[1]: Starting Set console scheme...
 iZ2zecuo1y5at7rddis46xZ accounts-daemon[465]: started daemon version 0.6.55
 iZ2zecuo1y5at7rddis46xZ systemd[1]: Started Unattended Upgrades Shutdown.
 iZ2zecuo1y5at7rddis46xZ systemd[1]: ecs_mq.service: Succeeded.
 iZ2zecuo1y5at7rddis46xZ systemd[1]: Started ECS enable networking multiqueue.
 iZ2zecuo1y5at7rddis46xZ systemd[1]: Finished Set console scheme.
 iZ2zecuo1y5at7rddis46xZ systemd[1]: Started Authorization Manager.
 iZ2zecuo1y5at7rddis46xZ systemd[1]: resolvconf-pull-resolved.service: Succeeded.
 iZ2zecuo1y5at7rddis46xZ systemd[1]: Finished resolvconf-pull-resolved.service.
 iZ2zecuo1y5at7rddis46xZ systemd[1]: Started Accounts Service.
 iZ2zecuo1y5at7rddis46xZ systemd[1]: Created slice system-getty.slice.
 iZ2zecuo1y5at7rddis46xZ systemd[1]: Started Getty on tty1.
 iZ2zecuo1y5at7rddis46xZ systemd[1]: Reached target Login Prompts.
 iZ2zecuo1y5at7rddis46xZ networkd-dispatcher[495]: No valid path found for iwconfig
 iZ2zecuo1y5at7rddis46xZ systemd-resolved[447]: Using degraded feature set (UDP) for DNS server 100.100.2.136.
 iZ2zecuo1y5at7rddis46xZ systemd[1]: Started Dispatcher daemon for systemd-networkd.
 iZ2zecuo1y5at7rddis46xZ systemd[1]: Reached target Multi-User System.
 iZ2zecuo1y5at7rddis46xZ systemd[1]: Reached target Graphical Interface.
 iZ2zecuo1y5at7rddis46xZ systemd[1]: Starting Update UTMP about System Runlevel Changes...
 iZ2zecuo1y5at7rddis46xZ systemd[1]: systemd-update-utmp-runlevel.service: Succeeded.
 iZ2zecuo1y5at7rddis46xZ systemd[1]: Finished Update UTMP about System Runlevel Changes.
 iZ2zecuo1y5at7rddis46xZ aliyun-service[467]: Agent check point
 iZ2zecuo1y5at7rddis46xZ aliyun-service[467]: Started successfully
 iZ2zecuo1y5at7rddis46xZ cloud-init[669]: Cloud-init v. 23.2.2-5 running 'modules:config' at Mon, 02 Sep 2024 12:54:12 +0000. Up 21.89 seconds.
 iZ2zecuo1y5at7rddis46xZ systemd[1]: Finished Apply the settings specified in cloud-config.
 iZ2zecuo1y5at7rddis46xZ systemd[1]: Starting Execute cloud user/final scripts...
 iZ2zecuo1y5at7rddis46xZ cloud-init[684]: Cloud-init v. 23.2.2-5 running 'modules:final' at Mon, 02 Sep 2024 12:54:13 +0000. Up 22.89 seconds.
 iZ2zecuo1y5at7rddis46xZ cloud-init[684]: Cloud-init v. 23.2.2-5 finished at Mon, 02 Sep 2024 12:54:13 +0000. Datasource DataSourceAliYun2Local.  Up 23.07 seconds
 iZ2zecuo1y5at7rddis46xZ systemd[1]: Finished Execute cloud user/final scripts.
 iZ2zecuo1y5at7rddis46xZ systemd[1]: Reached target Cloud-init target.
 iZ2zecuo1y5at7rddis46xZ systemd[1]: Startup finished in 5.679s (kernel) + 17.578s (userspace) = 23.257s.
 iZ2zecuo1y5at7rddis46xZ systemd[1]: dmesg.service: Succeeded.
 iZ2zecuo1y5at7rddis46xZ chronyd[494]: Selected source 100.100.61.88
 iZ2zecuo1y5at7rddis46xZ chronyd[494]: System clock wrong by 0.985793 seconds, adjustment started
 iZ2zecuo1y5at7rddis46xZ sshd[701]: Accepted password for root from 100.104.192.136 port 58346 ssh2
 iZ2zecuo1y5at7rddis46xZ sshd[701]: pam_unix(sshd:session): session opened for user root by (uid=0)
 iZ2zecuo1y5at7rddis46xZ systemd[1]: Created slice User Slice of UID 0.
 iZ2zecuo1y5at7rddis46xZ systemd[1]: Starting User Runtime Directory /run/user/0...
 iZ2zecuo1y5at7rddis46xZ systemd-logind[529]: New session 1 of user root.
 iZ2zecuo1y5at7rddis46xZ systemd[1]: Finished User Runtime Directory /run/user/0.
 iZ2zecuo1y5at7rddis46xZ systemd[1]: Starting User Manager for UID 0...
 iZ2zecuo1y5at7rddis46xZ systemd[711]: pam_unix(systemd-user:session): session opened for user root by (uid=0)
 iZ2zecuo1y5at7rddis46xZ systemd[711]: Reached target Paths.
 iZ2zecuo1y5at7rddis46xZ systemd[711]: Reached target Timers.
 iZ2zecuo1y5at7rddis46xZ systemd[711]: Starting D-Bus User Message Bus Socket.
 iZ2zecuo1y5at7rddis46xZ systemd[711]: Listening on GnuPG network certificate management daemon.
 iZ2zecuo1y5at7rddis46xZ systemd[711]: Listening on GnuPG cryptographic agent and passphrase cache (access for web browsers).
 iZ2zecuo1y5at7rddis46xZ systemd[711]: Listening on GnuPG cryptographic agent and passphrase cache (restricted).
 iZ2zecuo1y5at7rddis46xZ systemd[711]: Listening on GnuPG cryptographic agent (ssh-agent emulation).
 iZ2zecuo1y5at7rddis46xZ systemd[711]: Listening on GnuPG cryptographic agent and passphrase cache.
 iZ2zecuo1y5at7rddis46xZ systemd[711]: Listening on debconf communication socket.
 iZ2zecuo1y5at7rddis46xZ systemd[711]: Listening on D-Bus User Message Bus Socket.
 iZ2zecuo1y5at7rddis46xZ systemd[711]: Reached target Sockets.
 iZ2zecuo1y5at7rddis46xZ systemd[711]: Reached target Basic System.
 iZ2zecuo1y5at7rddis46xZ systemd[711]: Reached target Main User Target.
 iZ2zecuo1y5at7rddis46xZ systemd[711]: Startup finished in 100ms.
 iZ2zecuo1y5at7rddis46xZ systemd[1]: Started User Manager for UID 0.
 iZ2zecuo1y5at7rddis46xZ systemd[1]: Started Session 1 of user root.
 iZ2zecuo1y5at7rddis46xZ sshd[701]: pam_unix(sshd:session): session closed for user root
 iZ2zecuo1y5at7rddis46xZ systemd[1]: session-1.scope: Succeeded.
 iZ2zecuo1y5at7rddis46xZ systemd-logind[529]: Session 1 logged out. Waiting for processes to exit.
 iZ2zecuo1y5at7rddis46xZ systemd-logind[529]: Removed session 1.
 iZ2zecuo1y5at7rddis46xZ sshd[740]: Accepted password for root from 100.104.192.153 port 24895 ssh2
 iZ2zecuo1y5at7rddis46xZ sshd[740]: pam_unix(sshd:session): session opened for user root by (uid=0)
 iZ2zecuo1y5at7rddis46xZ systemd[1]: Started Session 3 of user root.
 iZ2zecuo1y5at7rddis46xZ systemd-logind[529]: New session 3 of user root.
 iZ2zecuo1y5at7rddis46xZ sshd[777]: Accepted password for root from 100.104.192.153 port 24903 ssh2
 iZ2zecuo1y5at7rddis46xZ sshd[777]: pam_unix(sshd:session): session opened for user root by (uid=0)
 iZ2zecuo1y5at7rddis46xZ systemd[1]: Started Session 4 of user root.
 iZ2zecuo1y5at7rddis46xZ systemd-logind[529]: New session 4 of user root.
 iZ2zecuo1y5at7rddis46xZ systemd[1]: systemd-fsckd.service: Succeeded.
 iZ2zecuo1y5at7rddis46xZ sshd[885]: Accepted password for root from 100.104.192.153 port 25237 ssh2
 iZ2zecuo1y5at7rddis46xZ sshd[885]: pam_unix(sshd:session): session opened for user root by (uid=0)
 iZ2zecuo1y5at7rddis46xZ systemd-logind[529]: New session 5 of user root.
 iZ2zecuo1y5at7rddis46xZ systemd[1]: Started Session 5 of user root.
 iZ2zecuo1y5at7rddis46xZ sshd[885]: pam_unix(sshd:session): session closed for user root
 iZ2zecuo1y5at7rddis46xZ systemd[1]: session-5.scope: Succeeded.
 iZ2zecuo1y5at7rddis46xZ systemd-logind[529]: Session 5 logged out. Waiting for processes to exit.
 iZ2zecuo1y5at7rddis46xZ systemd-logind[529]: Removed session 5.
 iZ2zecuo1y5at7rddis46xZ sshd[921]: Accepted password for root from 100.104.192.153 port 25256 ssh2
 iZ2zecuo1y5at7rddis46xZ sshd[921]: pam_unix(sshd:session): session opened for user root by (uid=0)
 iZ2zecuo1y5at7rddis46xZ systemd-logind[529]: New session 6 of user root.
 iZ2zecuo1y5at7rddis46xZ systemd[1]: Started Session 6 of user root.
 iZ2zecuo1y5at7rddis46xZ sshd[921]: pam_unix(sshd:session): session closed for user root
 iZ2zecuo1y5at7rddis46xZ systemd[1]: session-6.scope: Succeeded.
 iZ2zecuo1y5at7rddis46xZ systemd-logind[529]: Session 6 logged out. Waiting for processes to exit.
 iZ2zecuo1y5at7rddis46xZ systemd-logind[529]: Removed session 6.
 iZ2zecuo1y5at7rddis46xZ sshd[954]: Accepted password for root from 100.104.192.153 port 25265 ssh2
 iZ2zecuo1y5at7rddis46xZ sshd[954]: pam_unix(sshd:session): session opened for user root by (uid=0)
 iZ2zecuo1y5at7rddis46xZ systemd-logind[529]: New session 7 of user root.
 iZ2zecuo1y5at7rddis46xZ systemd[1]: Started Session 7 of user root.
 iZ2zecuo1y5at7rddis46xZ sshd[954]: pam_unix(sshd:session): session closed for user root
 iZ2zecuo1y5at7rddis46xZ systemd[1]: session-7.scope: Succeeded.
 iZ2zecuo1y5at7rddis46xZ systemd-logind[529]: Session 7 logged out. Waiting for processes to exit.
 iZ2zecuo1y5at7rddis46xZ systemd-logind[529]: Removed session 7.
 iZ2zecuo1y5at7rddis46xZ CRON[986]: pam_unix(cron:session): session opened for user root by (uid=0)
 iZ2zecuo1y5at7rddis46xZ CRON[993]: (root) CMD (command -v debian-sa1 > /dev/null && debian-sa1 1 1)
 iZ2zecuo1y5at7rddis46xZ CRON[986]: pam_unix(cron:session): session closed for user root
 iZ2zecuo1y5at7rddis46xZ sshd[740]: pam_unix(sshd:session): session closed for user root
 iZ2zecuo1y5at7rddis46xZ systemd[1]: session-3.scope: Succeeded.
 iZ2zecuo1y5at7rddis46xZ systemd-logind[529]: Session 3 logged out. Waiting for processes to exit.
 iZ2zecuo1y5at7rddis46xZ systemd-logind[529]: Removed session 3.
 iZ2zecuo1y5at7rddis46xZ sshd[1070]: Accepted password for root from 100.104.192.134 port 57354 ssh2
 iZ2zecuo1y5at7rddis46xZ sshd[1070]: pam_unix(sshd:session): session opened for user root by (uid=0)
 iZ2zecuo1y5at7rddis46xZ systemd-logind[529]: New session 9 of user root.
 iZ2zecuo1y5at7rddis46xZ systemd[1]: Started Session 9 of user root.
 iZ2zecuo1y5at7rddis46xZ sshd[1115]: Accepted password for root from 100.104.192.134 port 57369 ssh2
 iZ2zecuo1y5at7rddis46xZ sshd[1115]: pam_unix(sshd:session): session opened for user root by (uid=0)
 iZ2zecuo1y5at7rddis46xZ systemd-logind[529]: New session 10 of user root.
 iZ2zecuo1y5at7rddis46xZ systemd[1]: Started Session 10 of user root.
 iZ2zecuo1y5at7rddis46xZ sshd[1156]: Accepted password for root from 100.104.192.134 port 57414 ssh2
 iZ2zecuo1y5at7rddis46xZ sshd[1156]: pam_unix(sshd:session): session opened for user root by (uid=0)
 iZ2zecuo1y5at7rddis46xZ systemd-logind[529]: New session 11 of user root.
 iZ2zecuo1y5at7rddis46xZ systemd[1]: Started Session 11 of user root.
 iZ2zecuo1y5at7rddis46xZ sshd[1172]: Accepted password for root from 100.104.192.134 port 57418 ssh2
 iZ2zecuo1y5at7rddis46xZ sshd[1172]: pam_unix(sshd:session): session opened for user root by (uid=0)
 iZ2zecuo1y5at7rddis46xZ sshd[1156]: pam_unix(sshd:session): session closed for user root
 iZ2zecuo1y5at7rddis46xZ systemd[1]: Started Session 12 of user root.
 iZ2zecuo1y5at7rddis46xZ systemd-logind[529]: New session 12 of user root.
 iZ2zecuo1y5at7rddis46xZ systemd[1]: session-11.scope: Succeeded.
 iZ2zecuo1y5at7rddis46xZ systemd-logind[529]: Session 11 logged out. Waiting for processes to exit.
 iZ2zecuo1y5at7rddis46xZ systemd-logind[529]: Removed session 11.
 iZ2zecuo1y5at7rddis46xZ sshd[1172]: pam_unix(sshd:session): session closed for user root
 iZ2zecuo1y5at7rddis46xZ systemd[1]: session-12.scope: Succeeded.
 iZ2zecuo1y5at7rddis46xZ systemd-logind[529]: Session 12 logged out. Waiting for processes to exit.
 iZ2zecuo1y5at7rddis46xZ systemd-logind[529]: Removed session 12.
 iZ2zecuo1y5at7rddis46xZ sshd[1223]: Accepted password for root from 100.104.192.134 port 57424 ssh2
 iZ2zecuo1y5at7rddis46xZ sshd[1223]: pam_unix(sshd:session): session opened for user root by (uid=0)
 iZ2zecuo1y5at7rddis46xZ systemd-logind[529]: New session 13 of user root.
 iZ2zecuo1y5at7rddis46xZ systemd[1]: Started Session 13 of user root.
 iZ2zecuo1y5at7rddis46xZ sshd[1223]: pam_unix(sshd:session): session closed for user root
 iZ2zecuo1y5at7rddis46xZ systemd[1]: session-13.scope: Succeeded.
 iZ2zecuo1y5at7rddis46xZ systemd-logind[529]: Session 13 logged out. Waiting for processes to exit.
 iZ2zecuo1y5at7rddis46xZ systemd-logind[529]: Removed session 13.
 iZ2zecuo1y5at7rddis46xZ sshd[1265]: Accepted password for root from 100.104.192.134 port 57474 ssh2
 iZ2zecuo1y5at7rddis46xZ sshd[1265]: pam_unix(sshd:session): session opened for user root by (uid=0)
 iZ2zecuo1y5at7rddis46xZ systemd-logind[529]: New session 14 of user root.
 iZ2zecuo1y5at7rddis46xZ systemd[1]: Started Session 14 of user root.
 iZ2zecuo1y5at7rddis46xZ sshd[1265]: pam_unix(sshd:session): session closed for user root
 iZ2zecuo1y5at7rddis46xZ systemd[1]: session-14.scope: Succeeded.
 iZ2zecuo1y5at7rddis46xZ systemd-logind[529]: Session 14 logged out. Waiting for processes to exit.
 iZ2zecuo1y5at7rddis46xZ systemd-logind[529]: Removed session 14.
 iZ2zecuo1y5at7rddis46xZ sshd[1293]: Accepted password for root from 100.104.192.134 port 57478 ssh2
 iZ2zecuo1y5at7rddis46xZ sshd[1293]: pam_unix(sshd:session): session opened for user root by (uid=0)
 iZ2zecuo1y5at7rddis46xZ systemd[1]: Started Session 15 of user root.
 iZ2zecuo1y5at7rddis46xZ systemd-logind[529]: New session 15 of user root.
 iZ2zecuo1y5at7rddis46xZ sshd[1293]: pam_unix(sshd:session): session closed for user root
 iZ2zecuo1y5at7rddis46xZ systemd[1]: session-15.scope: Succeeded.
 iZ2zecuo1y5at7rddis46xZ systemd-logind[529]: Session 15 logged out. Waiting for processes to exit.
 iZ2zecuo1y5at7rddis46xZ systemd-logind[529]: Removed session 15.
 iZ2zecuo1y5at7rddis46xZ sshd[1315]: Accepted password for root from 100.104.192.134 port 57493 ssh2
 iZ2zecuo1y5at7rddis46xZ sshd[1315]: pam_unix(sshd:session): session opened for user root by (uid=0)
 iZ2zecuo1y5at7rddis46xZ systemd-logind[529]: New session 16 of user root.
 iZ2zecuo1y5at7rddis46xZ systemd[1]: Started Session 16 of user root.
 iZ2zecuo1y5at7rddis46xZ sshd[1315]: pam_unix(sshd:session): session closed for user root
 iZ2zecuo1y5at7rddis46xZ systemd[1]: session-16.scope: Succeeded.
 iZ2zecuo1y5at7rddis46xZ systemd-logind[529]: Session 16 logged out. Waiting for processes to exit.
 iZ2zecuo1y5at7rddis46xZ systemd-logind[529]: Removed session 16.
 iZ2zecuo1y5at7rddis46xZ sshd[1070]: pam_unix(sshd:session): session closed for user root
 iZ2zecuo1y5at7rddis46xZ systemd[1]: session-9.scope: Succeeded.
 iZ2zecuo1y5at7rddis46xZ systemd-logind[529]: Session 9 logged out. Waiting for processes to exit.
 iZ2zecuo1y5at7rddis46xZ systemd-logind[529]: Removed session 9.
 iZ2zecuo1y5at7rddis46xZ sshd[1348]: Accepted password for root from 100.104.192.134 port 58155 ssh2
 iZ2zecuo1y5at7rddis46xZ sshd[1348]: pam_unix(sshd:session): session opened for user root by (uid=0)
 iZ2zecuo1y5at7rddis46xZ systemd-logind[529]: New session 17 of user root.
 iZ2zecuo1y5at7rddis46xZ systemd[1]: Started Session 17 of user root.
 iZ2zecuo1y5at7rddis46xZ sshd[1348]: pam_unix(sshd:session): session closed for user root
 iZ2zecuo1y5at7rddis46xZ systemd[1]: session-17.scope: Succeeded.
 iZ2zecuo1y5at7rddis46xZ systemd-logind[529]: Session 17 logged out. Waiting for processes to exit.
 iZ2zecuo1y5at7rddis46xZ systemd-logind[529]: Removed session 17.
 iZ2zecuo1y5at7rddis46xZ sshd[1376]: Accepted password for root from 100.104.192.134 port 58164 ssh2
 iZ2zecuo1y5at7rddis46xZ sshd[1376]: pam_unix(sshd:session): session opened for user root by (uid=0)
 iZ2zecuo1y5at7rddis46xZ systemd-logind[529]: New session 18 of user root.
 iZ2zecuo1y5at7rddis46xZ systemd[1]: Started Session 18 of user root.
 iZ2zecuo1y5at7rddis46xZ sshd[1376]: pam_unix(sshd:session): session closed for user root
 iZ2zecuo1y5at7rddis46xZ systemd[1]: session-18.scope: Succeeded.
 iZ2zecuo1y5at7rddis46xZ systemd-logind[529]: Session 18 logged out. Waiting for processes to exit.
 iZ2zecuo1y5at7rddis46xZ systemd-logind[529]: Removed session 18.
 iZ2zecuo1y5at7rddis46xZ sshd[1409]: Accepted password for root from 100.104.192.134 port 58178 ssh2
 iZ2zecuo1y5at7rddis46xZ sshd[1409]: pam_unix(sshd:session): session opened for user root by (uid=0)
 iZ2zecuo1y5at7rddis46xZ systemd-logind[529]: New session 19 of user root.
 iZ2zecuo1y5at7rddis46xZ systemd[1]: Started Session 19 of user root.
 iZ2zecuo1y5at7rddis46xZ sshd[1409]: pam_unix(sshd:session): session closed for user root
 iZ2zecuo1y5at7rddis46xZ systemd[1]: session-19.scope: Succeeded.
 iZ2zecuo1y5at7rddis46xZ systemd-logind[529]: Session 19 logged out. Waiting for processes to exit.
 iZ2zecuo1y5at7rddis46xZ systemd-logind[529]: Removed session 19.
 iZ2zecuo1y5at7rddis46xZ sshd[1449]: Accepted password for root from 100.104.192.134 port 60319 ssh2
 iZ2zecuo1y5at7rddis46xZ sshd[1449]: pam_unix(sshd:session): session opened for user root by (uid=0)
 iZ2zecuo1y5at7rddis46xZ systemd[1]: Started Session 20 of user root.
 iZ2zecuo1y5at7rddis46xZ systemd-logind[529]: New session 20 of user root.
 iZ2zecuo1y5at7rddis46xZ sshd[1449]: pam_unix(sshd:session): session closed for user root
 iZ2zecuo1y5at7rddis46xZ systemd[1]: session-20.scope: Succeeded.
 iZ2zecuo1y5at7rddis46xZ systemd-logind[529]: Session 20 logged out. Waiting for processes to exit.
 iZ2zecuo1y5at7rddis46xZ systemd-logind[529]: Removed session 20.
 iZ2zecuo1y5at7rddis46xZ sshd[1477]: Accepted password for root from 100.104.192.134 port 60333 ssh2
 iZ2zecuo1y5at7rddis46xZ sshd[1477]: pam_unix(sshd:session): session opened for user root by (uid=0)
 iZ2zecuo1y5at7rddis46xZ systemd-logind[529]: New session 21 of user root.
 iZ2zecuo1y5at7rddis46xZ systemd[1]: Started Session 21 of user root.
 iZ2zecuo1y5at7rddis46xZ sshd[1477]: pam_unix(sshd:session): session closed for user root
 iZ2zecuo1y5at7rddis46xZ systemd[1]: session-21.scope: Succeeded.
 iZ2zecuo1y5at7rddis46xZ systemd-logind[529]: Session 21 logged out. Waiting for processes to exit.
 iZ2zecuo1y5at7rddis46xZ systemd-logind[529]: Removed session 21.
 iZ2zecuo1y5at7rddis46xZ sshd[1500]: Accepted password for root from 100.104.192.134 port 60340 ssh2
 iZ2zecuo1y5at7rddis46xZ sshd[1500]: pam_unix(sshd:session): session opened for user root by (uid=0)
 iZ2zecuo1y5at7rddis46xZ systemd[1]: Started Session 22 of user root.
 iZ2zecuo1y5at7rddis46xZ systemd-logind[529]: New session 22 of user root.
 iZ2zecuo1y5at7rddis46xZ sshd[1500]: pam_unix(sshd:session): session closed for user root
 iZ2zecuo1y5at7rddis46xZ systemd[1]: session-22.scope: Succeeded.
 iZ2zecuo1y5at7rddis46xZ systemd-logind[529]: Session 22 logged out. Waiting for processes to exit.
 iZ2zecuo1y5at7rddis46xZ systemd-logind[529]: Removed session 22.
 iZ2zecuo1y5at7rddis46xZ kernel: AliSecGuard: loading out-of-tree module taints kernel.
 iZ2zecuo1y5at7rddis46xZ kernel: AliSecGuard: module verification failed: signature and/or required key missing - tainting kernel
 iZ2zecuo1y5at7rddis46xZ kernel: AliSecGuard : 0cf05ee8d063d9f37208e027efd361240bc0dc88
 iZ2zecuo1y5at7rddis46xZ kernel: AliSecGuard : 0cf05ee8d063d9f37208e027efd361240bc0dc88
 iZ2zecuo1y5at7rddis46xZ CRON[1524]: pam_unix(cron:session): session opened for user root by (uid=0)
 iZ2zecuo1y5at7rddis46xZ CRON[1525]: (root) CMD (command -v debian-sa1 > /dev/null && debian-sa1 1 1)
 iZ2zecuo1y5at7rddis46xZ CRON[1524]: pam_unix(cron:session): session closed for user root
 iZ2zecuo1y5at7rddis46xZ systemd[1]: Starting Cleanup of Temporary Directories...
 iZ2zecuo1y5at7rddis46xZ systemd[1]: systemd-tmpfiles-clean.service: Succeeded.
 iZ2zecuo1y5at7rddis46xZ systemd[1]: Finished Cleanup of Temporary Directories.
 iZ2zecuo1y5at7rddis46xZ sshd[1643]: pam_unix(sshd:auth): authentication failure; logname= uid=0 euid=0 tty=ssh ruser= rhost=103.228.12.164  user=root
 iZ2zecuo1y5at7rddis46xZ sshd[1643]: Failed password for root from 103.228.12.164 port 49088 ssh2
 iZ2zecuo1y5at7rddis46xZ sshd[1643]: Connection closed by authenticating user root 103.228.12.164 port 49088 [preauth]
 iZ2zecuo1y5at7rddis46xZ CRON[1649]: pam_unix(cron:session): session opened for user root by (uid=0)
